Component: Arm Compiler for Embedded 6.24 Tool: armlink [5f371500]

==============================================================================

Section Cross References

    startup_stm32u575xx.o(RESET) refers to startup_stm32u575xx.o(STACK) for __initial_sp
    startup_stm32u575xx.o(RESET) refers to startup_stm32u575xx.o(.text) for Reset_Handler
    startup_stm32u575xx.o(RESET) refers to stm32u5xx_it.o(.text.NMI_Handler) for NMI_Handler
    startup_stm32u575xx.o(RESET) refers to stm32u5xx_it.o(.text.HardFault_Handler) for HardFault_Handler
    startup_stm32u575xx.o(RESET) refers to stm32u5xx_it.o(.text.MemManage_Handler) for MemManage_Handler
    startup_stm32u575xx.o(RESET) refers to stm32u5xx_it.o(.text.BusFault_Handler) for BusFault_Handler
    startup_stm32u575xx.o(RESET) refers to stm32u5xx_it.o(.text.UsageFault_Handler) for UsageFault_Handler
    startup_stm32u575xx.o(RESET) refers to stm32u5xx_it.o(.text.SVC_Handler) for SVC_Handler
    startup_stm32u575xx.o(RESET) refers to stm32u5xx_it.o(.text.DebugMon_Handler) for DebugMon_Handler
    startup_stm32u575xx.o(RESET) refers to stm32u5xx_it.o(.text.PendSV_Handler) for PendSV_Handler
    startup_stm32u575xx.o(RESET) refers to stm32u5xx_it.o(.text.SysTick_Handler) for SysTick_Handler
    startup_stm32u575xx.o(RESET) refers to stm32u5xx_it.o(.text.USART1_IRQHandler) for USART1_IRQHandler
    startup_stm32u575xx.o(.text) refers to system_stm32u5xx.o(.text.SystemInit) for SystemInit
    startup_stm32u575xx.o(.text) refers to entry.o(.ARM.Collect$$$$00000000) for __main
    main.o(.text.fputc) refers to main.o(.bss.huart1) for huart1
    main.o(.text.fputc) refers to stm32u5xx_hal_uart.o(.text.HAL_UART_Transmit) for HAL_UART_Transmit
    main.o(.ARM.exidx.text.fputc) refers to main.o(.text.fputc) for [Anonymous Symbol]
    main.o(.text.main) refers to stm32u5xx_hal.o(.text.HAL_Init) for HAL_Init
    main.o(.text.main) refers to memseta.o(.text) for __aeabi_memclr4
    main.o(.text.main) refers to stm32u5xx_hal_pwr_ex.o(.text.HAL_PWREx_ControlVoltageScaling) for HAL_PWREx_ControlVoltageScaling
    main.o(.text.main) refers to stm32u5xx_hal_rcc.o(.text.HAL_RCC_OscConfig) for HAL_RCC_OscConfig
    main.o(.text.main) refers to stm32u5xx_hal_rcc.o(.text.HAL_RCC_ClockConfig) for HAL_RCC_ClockConfig
    main.o(.text.main) refers to main.o(.bss.huart1) for huart1
    main.o(.text.main) refers to stm32u5xx_hal_uart.o(.text.HAL_UART_Init) for HAL_UART_Init
    main.o(.text.main) refers to stm32u5xx_hal_uart_ex.o(.text.HAL_UARTEx_SetTxFifoThreshold) for HAL_UARTEx_SetTxFifoThreshold
    main.o(.text.main) refers to stm32u5xx_hal_uart_ex.o(.text.HAL_UARTEx_SetRxFifoThreshold) for HAL_UARTEx_SetRxFifoThreshold
    main.o(.text.main) refers to stm32u5xx_hal_uart_ex.o(.text.HAL_UARTEx_DisableFifoMode) for HAL_UARTEx_DisableFifoMode
    main.o(.text.main) refers to stm32u5xx_hal.o(.text.HAL_Delay) for HAL_Delay
    main.o(.text.main) refers to puts.o(i.puts) for puts
    main.o(.text.main) refers to main.o(.bss..L_MergedGlobals) for .L_MergedGlobals
    main.o(.text.main) refers to stm32u5xx_hal_uart.o(.text.HAL_UART_Receive_IT) for HAL_UART_Receive_IT
    main.o(.text.main) refers to printf8.o(i.__0printf$8) for __2printf
    main.o(.ARM.exidx.text.main) refers to main.o(.text.main) for [Anonymous Symbol]
    main.o(.text.SystemClock_Config) refers to memseta.o(.text) for __aeabi_memclr4
    main.o(.text.SystemClock_Config) refers to stm32u5xx_hal_pwr_ex.o(.text.HAL_PWREx_ControlVoltageScaling) for HAL_PWREx_ControlVoltageScaling
    main.o(.text.SystemClock_Config) refers to stm32u5xx_hal_rcc.o(.text.HAL_RCC_OscConfig) for HAL_RCC_OscConfig
    main.o(.text.SystemClock_Config) refers to stm32u5xx_hal_rcc.o(.text.HAL_RCC_ClockConfig) for HAL_RCC_ClockConfig
    main.o(.ARM.exidx.text.SystemClock_Config) refers to main.o(.text.SystemClock_Config) for [Anonymous Symbol]
    main.o(.ARM.exidx.text.Error_Handler) refers to main.o(.text.Error_Handler) for [Anonymous Symbol]
    main.o(.text.HAL_UART_RxCpltCallback) refers to main.o(.bss.huart1) for huart1
    main.o(.text.HAL_UART_RxCpltCallback) refers to main.o(.bss..L_MergedGlobals) for .L_MergedGlobals
    main.o(.text.HAL_UART_RxCpltCallback) refers to stm32u5xx_hal_uart.o(.text.HAL_UART_Receive_IT) for HAL_UART_Receive_IT
    main.o(.ARM.exidx.text.HAL_UART_RxCpltCallback) refers to main.o(.text.HAL_UART_RxCpltCallback) for [Anonymous Symbol]
    stm32u5xx_it.o(.ARM.exidx.text.NMI_Handler) refers to stm32u5xx_it.o(.text.NMI_Handler) for [Anonymous Symbol]
    stm32u5xx_it.o(.ARM.exidx.text.HardFault_Handler) refers to stm32u5xx_it.o(.text.HardFault_Handler) for [Anonymous Symbol]
    stm32u5xx_it.o(.ARM.exidx.text.MemManage_Handler) refers to stm32u5xx_it.o(.text.MemManage_Handler) for [Anonymous Symbol]
    stm32u5xx_it.o(.ARM.exidx.text.BusFault_Handler) refers to stm32u5xx_it.o(.text.BusFault_Handler) for [Anonymous Symbol]
[...]
    Removing stm32u5xx_hal_pwr.o(.text.HAL_PWR_DisableSEVOnPend), (18 bytes).
    Removing stm32u5xx_hal_pwr.o(.ARM.exidx.text.HAL_PWR_DisableSEVOnPend), (8 bytes).
    Removing stm32u5xx_hal_pwr.o(.text.HAL_PWR_PVD_IRQHandler), (36 bytes).
    Removing stm32u5xx_hal_pwr.o(.ARM.exidx.text.HAL_PWR_PVD_IRQHandler), (8 bytes).
    Removing stm32u5xx_hal_pwr.o(.text.HAL_PWR_PVDCallback), (2 bytes).
    Removing stm32u5xx_hal_pwr.o(.ARM.exidx.text.HAL_PWR_PVDCallback), (8 bytes).
    Removing stm32u5xx_hal_pwr.o(.text.HAL_PWR_ConfigAttributes), (34 bytes).
    Removing stm32u5xx_hal_pwr.o(.ARM.exidx.text.HAL_PWR_ConfigAttributes), (8 bytes).
    Removing stm32u5xx_hal_pwr.o(.text.HAL_PWR_GetConfigAttributes), (34 bytes).
    Removing stm32u5xx_hal_pwr.o(.ARM.exidx.text.HAL_PWR_GetConfigAttributes), (8 bytes).
    Removing stm32u5xx_hal_pwr_ex.o(.text), (0 bytes).
    Removing stm32u5xx_hal_pwr_ex.o(.ARM.exidx.text.HAL_PWREx_ControlVoltageScaling), (8 bytes).
    Removing stm32u5xx_hal_pwr_ex.o(.ARM.exidx.text.HAL_PWREx_GetVoltageRange), (8 bytes).
    Removing stm32u5xx_hal_pwr_ex.o(.text.HAL_PWREx_ConfigSupply), (180 bytes).
    Removing stm32u5xx_hal_pwr_ex.o(.ARM.exidx.text.HAL_PWREx_ConfigSupply), (8 bytes).
    Removing stm32u5xx_hal_pwr_ex.o(.text.HAL_PWREx_GetSupplyConfig), (16 bytes).
    Removing stm32u5xx_hal_pwr_ex.o(.ARM.exidx.text.HAL_PWREx_GetSupplyConfig), (8 bytes).
    Removing stm32u5xx_hal_pwr_ex.o(.text.HAL_PWREx_EnableFastSoftStart), (18 bytes).
    Removing stm32u5xx_hal_pwr_ex.o(.ARM.exidx.text.HAL_PWREx_EnableFastSoftStart), (8 bytes).
    Removing stm32u5xx_hal_pwr_ex.o(.text.HAL_PWREx_DisableFastSoftStart), (18 bytes).
    Removing stm32u5xx_hal_pwr_ex.o(.ARM.exidx.text.HAL_PWREx_DisableFastSoftStart), (8 bytes).
    Removing stm32u5xx_hal_pwr_ex.o(.text.HAL_PWREx_EnterSTOP1Mode), (56 bytes).
    Removing stm32u5xx_hal_pwr_ex.o(.ARM.exidx.text.HAL_PWREx_EnterSTOP1Mode), (8 bytes).
    Removing stm32u5xx_hal_pwr_ex.o(.text.HAL_PWREx_EnterSTOP2Mode), (56 bytes).
    Removing stm32u5xx_hal_pwr_ex.o(.ARM.exidx.text.HAL_PWREx_EnterSTOP2Mode), (8 bytes).
    Removing stm32u5xx_hal_pwr_ex.o(.text.HAL_PWREx_EnterSTOP3Mode), (56 bytes).
    Removing stm32u5xx_hal_pwr_ex.o(.ARM.exidx.text.HAL_PWREx_EnterSTOP3Mode), (8 bytes).
    Removing stm32u5xx_hal_pwr_ex.o(.text.HAL_PWREx_EnterSHUTDOWNMode), (38 bytes).
    Removing stm32u5xx_hal_pwr_ex.o(.ARM.exidx.text.HAL_PWREx_EnterSHUTDOWNMode), (8 bytes).
    Removing stm32u5xx_hal_pwr_ex.o(.text.HAL_PWREx_ConfigSRDDomain), (20 bytes).
    Removing stm32u5xx_hal_pwr_ex.o(.ARM.exidx.text.HAL_PWREx_ConfigSRDDomain), (8 bytes).
    Removing stm32u5xx_hal_pwr_ex.o(.text.HAL_PWREx_EnableUltraLowPowerMode), (18 bytes).
    Removing stm32u5xx_hal_pwr_ex.o(.ARM.exidx.text.HAL_PWREx_EnableUltraLowPowerMode), (8 bytes).
    Removing stm32u5xx_hal_pwr_ex.o(.text.HAL_PWREx_DisableUltraLowPowerMode), (18 bytes).
    Removing stm32u5xx_hal_pwr_ex.o(.ARM.exidx.text.HAL_PWREx_DisableUltraLowPowerMode), (8 bytes).
    Removing stm32u5xx_hal_pwr_ex.o(.text.HAL_PWREx_S3WU_IRQHandler), (256 bytes).
    Removing stm32u5xx_hal_pwr_ex.o(.ARM.exidx.text.HAL_PWREx_S3WU_IRQHandler), (8 bytes).
    Removing stm32u5xx_hal_pwr_ex.o(.text.HAL_PWREx_S3WUCallback), (2 bytes).
    Removing stm32u5xx_hal_pwr_ex.o(.ARM.exidx.text.HAL_PWREx_S3WUCallback), (8 bytes).
    Removing stm32u5xx_hal_pwr_ex.o(.text.HAL_PWREx_ConfigPVM), (576 bytes).
    Removing stm32u5xx_hal_pwr_ex.o(.ARM.exidx.text.HAL_PWREx_ConfigPVM), (8 bytes).
    Removing stm32u5xx_hal_pwr_ex.o(.text.HAL_PWREx_EnableVddUSB), (18 bytes).
    Removing stm32u5xx_hal_pwr_ex.o(.ARM.exidx.text.HAL_PWREx_EnableVddUSB), (8 bytes).
    Removing stm32u5xx_hal_pwr_ex.o(.text.HAL_PWREx_DisableVddUSB), (18 bytes).
    Removing stm32u5xx_hal_pwr_ex.o(.ARM.exidx.text.HAL_PWREx_DisableVddUSB), (8 bytes).
    Removing stm32u5xx_hal_pwr_ex.o(.text.HAL_PWREx_EnableVddIO2), (18 bytes).
    Removing stm32u5xx_hal_pwr_ex.o(.ARM.exidx.text.HAL_PWREx_EnableVddIO2), (8 bytes).
    Removing stm32u5xx_hal_pwr_ex.o(.text.HAL_PWREx_DisableVddIO2), (18 bytes).
    Removing stm32u5xx_hal_pwr_ex.o(.ARM.exidx.text.HAL_PWREx_DisableVddIO2), (8 bytes).
    Removing stm32u5xx_hal_pwr_ex.o(.text.HAL_PWREx_EnableVddA), (18 bytes).
    Removing stm32u5xx_hal_pwr_ex.o(.ARM.exidx.text.HAL_PWREx_EnableVddA), (8 bytes).
    Removing stm32u5xx_hal_pwr_ex.o(.text.HAL_PWREx_DisableVddA), (18 bytes).
    Removing stm32u5xx_hal_pwr_ex.o(.ARM.exidx.text.HAL_PWREx_DisableVddA), (8 bytes).
    Removing stm32u5xx_hal_pwr_ex.o(.text.HAL_PWREx_EnableUVM), (18 bytes).
    Removing stm32u5xx_hal_pwr_ex.o(.ARM.exidx.text.HAL_PWREx_EnableUVM), (8 bytes).
    Removing stm32u5xx_hal_pwr_ex.o(.text.HAL_PWREx_DisableUVM), (18 bytes).
    Removing stm32u5xx_hal_pwr_ex.o(.ARM.exidx.text.HAL_PWREx_DisableUVM), (8 bytes).
    Removing stm32u5xx_hal_pwr_ex.o(.text.HAL_PWREx_EnableIO2VM), (18 bytes).
    Removing stm32u5xx_hal_pwr_ex.o(.ARM.exidx.text.HAL_PWREx_EnableIO2VM), (8 bytes).
    Removing stm32u5xx_hal_pwr_ex.o(.text.HAL_PWREx_DisableIO2VM), (18 bytes).
    Removing stm32u5xx_hal_pwr_ex.o(.ARM.exidx.text.HAL_PWREx_DisableIO2VM), (8 bytes).
    Removing stm32u5xx_hal_pwr_ex.o(.text.HAL_PWREx_EnableAVM1), (18 bytes).
    Removing stm32u5xx_hal_pwr_ex.o(.ARM.exidx.text.HAL_PWREx_EnableAVM1), (8 bytes).
    Removing stm32u5xx_hal_pwr_ex.o(.text.HAL_PWREx_DisableAVM1), (18 bytes).
    Removing stm32u5xx_hal_pwr_ex.o(.ARM.exidx.text.HAL_PWREx_DisableAVM1), (8 bytes).
    Removing stm32u5xx_hal_pwr_ex.o(.text.HAL_PWREx_EnableAVM2), (18 bytes).
    Removing stm32u5xx_hal_pwr_ex.o(.ARM.exidx.text.HAL_PWREx_EnableAVM2), (8 bytes).
    Removing stm32u5xx_hal_pwr_ex.o(.text.HAL_PWREx_DisableAVM2), (18 bytes).
    Removing stm32u5xx_hal_pwr_ex.o(.ARM.exidx.text.HAL_PWREx_DisableAVM2), (8 bytes).
    Removing stm32u5xx_hal_pwr_ex.o(.text.HAL_PWREx_EnableMonitoring), (18 bytes).
    Removing stm32u5xx_hal_pwr_ex.o(.ARM.exidx.text.HAL_PWREx_EnableMonitoring), (8 bytes).
    Removing stm32u5xx_hal_pwr_ex.o(.text.HAL_PWREx_DisableMonitoring), (18 bytes).
    Removing stm32u5xx_hal_pwr_ex.o(.ARM.exidx.text.HAL_PWREx_DisableMonitoring), (8 bytes).
    Removing stm32u5xx_hal_pwr_ex.o(.text.HAL_PWREx_EnableUCPDStandbyMode), (18 bytes).
    Removing stm32u5xx_hal_pwr_ex.o(.ARM.exidx.text.HAL_PWREx_EnableUCPDStandbyMode), (8 bytes).
    Removing stm32u5xx_hal_pwr_ex.o(.text.HAL_PWREx_DisableUCPDStandbyMode), (18 bytes).
    Removing stm32u5xx_hal_pwr_ex.o(.ARM.exidx.text.HAL_PWREx_DisableUCPDStandbyMode), (8 bytes).
    Removing stm32u5xx_hal_pwr_ex.o(.text.HAL_PWREx_EnableUCPDDeadBattery), (18 bytes).
    Removing stm32u5xx_hal_pwr_ex.o(.ARM.exidx.text.HAL_PWREx_EnableUCPDDeadBattery), (8 bytes).
    Removing stm32u5xx_hal_pwr_ex.o(.text.HAL_PWREx_DisableUCPDDeadBattery), (18 bytes).
    Removing stm32u5xx_hal_pwr_ex.o(.ARM.exidx.text.HAL_PWREx_DisableUCPDDeadBattery), (8 bytes).
    Removing stm32u5xx_hal_pwr_ex.o(.text.HAL_PWREx_EnableBatteryCharging), (28 bytes).
    Removing stm32u5xx_hal_pwr_ex.o(.ARM.exidx.text.HAL_PWREx_EnableBatteryCharging), (8 bytes).
    Removing stm32u5xx_hal_pwr_ex.o(.text.HAL_PWREx_DisableBatteryCharging), (18 bytes).
    Removing stm32u5xx_hal_pwr_ex.o(.ARM.exidx.text.HAL_PWREx_DisableBatteryCharging), (8 bytes).
    Removing stm32u5xx_hal_pwr_ex.o(.text.HAL_PWREx_PVD_PVM_IRQHandler), (118 bytes).
    Removing stm32u5xx_hal_pwr_ex.o(.ARM.exidx.text.HAL_PWREx_PVD_PVM_IRQHandler), (8 bytes).
    Removing stm32u5xx_hal_pwr_ex.o(.text.HAL_PWREx_UVMCallback), (2 bytes).
    Removing stm32u5xx_hal_pwr_ex.o(.ARM.exidx.text.HAL_PWREx_UVMCallback), (8 bytes).
    Removing stm32u5xx_hal_pwr_ex.o(.text.HAL_PWREx_IO2VMCallback), (2 bytes).
    Removing stm32u5xx_hal_pwr_ex.o(.ARM.exidx.text.HAL_PWREx_IO2VMCallback), (8 bytes).
    Removing stm32u5xx_hal_pwr_ex.o(.text.HAL_PWREx_AVM1Callback), (2 bytes).
    Removing stm32u5xx_hal_pwr_ex.o(.ARM.exidx.text.HAL_PWREx_AVM1Callback), (8 bytes).
    Removing stm32u5xx_hal_pwr_ex.o(.text.HAL_PWREx_AVM2Callback), (2 bytes).
    Removing stm32u5xx_hal_pwr_ex.o(.ARM.exidx.text.HAL_PWREx_AVM2Callback), (8 bytes).
    Removing stm32u5xx_hal_pwr_ex.o(.text.HAL_PWREx_EnableSRAM2ContentStandbyRetention), (16 bytes).
    Removing stm32u5xx_hal_pwr_ex.o(.ARM.exidx.text.HAL_PWREx_EnableSRAM2ContentStandbyRetention), (8 bytes).
    Removing stm32u5xx_hal_pwr_ex.o(.text.HAL_PWREx_DisableSRAM2ContentStandbyRetention), (18 bytes).
    Removing stm32u5xx_hal_pwr_ex.o(.ARM.exidx.text.HAL_PWREx_DisableSRAM2ContentStandbyRetention), (8 bytes).
    Removing stm32u5xx_hal_pwr_ex.o(.text.HAL_PWREx_EnableRAMsContentStopRetention), (158 bytes).
    Removing stm32u5xx_hal_pwr_ex.o(.ARM.exidx.text.HAL_PWREx_EnableRAMsContentStopRetention), (8 bytes).
    Removing stm32u5xx_hal_pwr_ex.o(.text.HAL_PWREx_DisableRAMsContentStopRetention), (156 bytes).
    Removing stm32u5xx_hal_pwr_ex.o(.ARM.exidx.text.HAL_PWREx_DisableRAMsContentStopRetention), (8 bytes).
    Removing stm32u5xx_hal_pwr_ex.o(.text.HAL_PWREx_EnableRAMsContentRunRetention), (18 bytes).
    Removing stm32u5xx_hal_pwr_ex.o(.ARM.exidx.text.HAL_PWREx_EnableRAMsContentRunRetention), (8 bytes).
    Removing stm32u5xx_hal_pwr_ex.o(.text.HAL_PWREx_DisableRAMsContentRunRetention), (16 bytes).
    Removing stm32u5xx_hal_pwr_ex.o(.ARM.exidx.text.HAL_PWREx_DisableRAMsContentRunRetention), (8 bytes).
    Removing stm32u5xx_hal_pwr_ex.o(.text.HAL_PWREx_EnableBkupRAMRetention), (30 bytes).
    Removing stm32u5xx_hal_pwr_ex.o(.ARM.exidx.text.HAL_PWREx_EnableBkupRAMRetention), (8 bytes).
    Removing stm32u5xx_hal_pwr_ex.o(.text.HAL_PWREx_DisableBkupRAMRetention), (18 bytes).
    Removing stm32u5xx_hal_pwr_ex.o(.ARM.exidx.text.HAL_PWREx_DisableBkupRAMRetention), (8 bytes).
    Removing stm32u5xx_hal_pwr_ex.o(.text.HAL_PWREx_EnableFlashFastWakeUp), (18 bytes).
    Removing stm32u5xx_hal_pwr_ex.o(.ARM.exidx.text.HAL_PWREx_EnableFlashFastWakeUp), (8 bytes).
    Removing stm32u5xx_hal_pwr_ex.o(.text.HAL_PWREx_DisableFlashFastWakeUp), (18 bytes).
    Removing stm32u5xx_hal_pwr_ex.o(.ARM.exidx.text.HAL_PWREx_DisableFlashFastWakeUp), (8 bytes).
    Removing stm32u5xx_hal_pwr_ex.o(.text.HAL_PWREx_EnableSRAM4FastWakeUp), (18 bytes).
    Removing stm32u5xx_hal_pwr_ex.o(.ARM.exidx.text.HAL_PWREx_EnableSRAM4FastWakeUp), (8 bytes).
    Removing stm32u5xx_hal_pwr_ex.o(.text.HAL_PWREx_DisableSRAM4FastWakeUp), (18 bytes).
    Removing stm32u5xx_hal_pwr_ex.o(.ARM.exidx.text.HAL_PWREx_DisableSRAM4FastWakeUp), (8 bytes).
    Removing stm32u5xx_hal_pwr_ex.o(.text.HAL_PWREx_EnablePullUpPullDownConfig), (18 bytes).
    Removing stm32u5xx_hal_pwr_ex.o(.ARM.exidx.text.HAL_PWREx_EnablePullUpPullDownConfig), (8 bytes).
    Removing stm32u5xx_hal_pwr_ex.o(.text.HAL_PWREx_DisablePullUpPullDownConfig), (18 bytes).
    Removing stm32u5xx_hal_pwr_ex.o(.ARM.exidx.text.HAL_PWREx_DisablePullUpPullDownConfig), (8 bytes).
    Removing stm32u5xx_hal_pwr_ex.o(.text.HAL_PWREx_EnableGPIOPullUp), (226 bytes).
    Removing stm32u5xx_hal_pwr_ex.o(.ARM.exidx.text.HAL_PWREx_EnableGPIOPullUp), (8 bytes).
    Removing stm32u5xx_hal_pwr_ex.o(.text.HAL_PWREx_DisableGPIOPullUp), (108 bytes).
    Removing stm32u5xx_hal_pwr_ex.o(.ARM.exidx.text.HAL_PWREx_DisableGPIOPullUp), (8 bytes).
    Removing stm32u5xx_hal_pwr_ex.o(.text.HAL_PWREx_EnableGPIOPullDown), (226 bytes).
    Removing stm32u5xx_hal_pwr_ex.o(.ARM.exidx.text.HAL_PWREx_EnableGPIOPullDown), (8 bytes).
    Removing stm32u5xx_hal_pwr_ex.o(.text.HAL_PWREx_DisableGPIOPullDown), (112 bytes).
    Removing stm32u5xx_hal_pwr_ex.o(.ARM.exidx.text.HAL_PWREx_DisableGPIOPullDown), (8 bytes).
    Removing stm32u5xx_hal_gtzc.o(.text), (0 bytes).
    Removing stm32u5xx_hal_icache.o(.text), (0 bytes).
    Removing stm32u5xx_hal_uart.o(.text), (0 bytes).
    Removing stm32u5xx_hal_uart.o(.ARM.exidx.text.HAL_UART_Init), (8 bytes).
    Removing stm32u5xx_hal_uart.o(.text.HAL_UART_MspInit), (2 bytes).
    Removing stm32u5xx_hal_uart.o(.ARM.exidx.text.HAL_UART_MspInit), (8 bytes).
    Removing stm32u5xx_hal_uart.o(.ARM.exidx.text.UART_AdvFeatureConfig), (8 bytes).
    Removing stm32u5xx_hal_uart.o(.ARM.exidx.text.UART_SetConfig), (8 bytes).
    Removing stm32u5xx_hal_uart.o(.ARM.exidx.text.UART_CheckIdleState), (8 bytes).
    Removing stm32u5xx_hal_uart.o(.text.HAL_HalfDuplex_Init), (108 bytes).
    Removing stm32u5xx_hal_uart.o(.ARM.exidx.text.HAL_HalfDuplex_Init), (8 bytes).
    Removing stm32u5xx_hal_uart.o(.text.HAL_LIN_Init), (134 bytes).
    Removing stm32u5xx_hal_uart.o(.ARM.exidx.text.HAL_LIN_Init), (8 bytes).
    Removing stm32u5xx_hal_uart.o(.text.HAL_MultiProcessor_Init), (132 bytes).
    Removing stm32u5xx_hal_uart.o(.ARM.exidx.text.HAL_MultiProcessor_Init), (8 bytes).
    Removing stm32u5xx_hal_uart.o(.text.HAL_UART_DeInit), (64 bytes).
    Removing stm32u5xx_hal_uart.o(.ARM.exidx.text.HAL_UART_DeInit), (8 bytes).
    Removing stm32u5xx_hal_uart.o(.text.HAL_UART_MspDeInit), (2 bytes).
    Removing stm32u5xx_hal_uart.o(.ARM.exidx.text.HAL_UART_MspDeInit), (8 bytes).
    Removing stm32u5xx_hal_uart.o(.ARM.exidx.text.HAL_UART_Transmit), (8 bytes).
    Removing stm32u5xx_hal_uart.o(.ARM.exidx.text.UART_WaitOnFlagUntilTimeout), (8 bytes).
    Removing stm32u5xx_hal_uart.o(.text.HAL_UART_Receive), (262 bytes).
    Removing stm32u5xx_hal_uart.o(.ARM.exidx.text.HAL_UART_Receive), (8 bytes).
    Removing stm32u5xx_hal_uart.o(.text.HAL_UART_Transmit_IT), (318 bytes).
    Removing stm32u5xx_hal_uart.o(.ARM.exidx.text.HAL_UART_Transmit_IT), (8 bytes).
    Removing stm32u5xx_hal_uart.o(.text.UART_TxISR_16BIT_FIFOEN), (224 bytes).
    Removing stm32u5xx_hal_uart.o(.ARM.exidx.text.UART_TxISR_16BIT_FIFOEN), (8 bytes).
    Removing stm32u5xx_hal_uart.o(.text.UART_TxISR_8BIT_FIFOEN), (220 bytes).
    Removing stm32u5xx_hal_uart.o(.ARM.exidx.text.UART_TxISR_8BIT_FIFOEN), (8 bytes).
    Removing stm32u5xx_hal_uart.o(.text.UART_TxISR_16BIT), (204 bytes).
    Removing stm32u5xx_hal_uart.o(.ARM.exidx.text.UART_TxISR_16BIT), (8 bytes).
    Removing stm32u5xx_hal_uart.o(.text.UART_TxISR_8BIT), (200 bytes).
    Removing stm32u5xx_hal_uart.o(.ARM.exidx.text.UART_TxISR_8BIT), (8 bytes).
    Removing stm32u5xx_hal_uart.o(.ARM.exidx.text.HAL_UART_Receive_IT), (8 bytes).
    Removing stm32u5xx_hal_uart.o(.ARM.exidx.text.UART_Start_Receive_IT), (8 bytes).
    Removing stm32u5xx_hal_uart.o(.text.HAL_UART_Transmit_DMA), (300 bytes).
    Removing stm32u5xx_hal_uart.o(.ARM.exidx.text.HAL_UART_Transmit_DMA), (8 bytes).
    Removing stm32u5xx_hal_uart.o(.text.UART_DMATransmitCplt), (100 bytes).
    Removing stm32u5xx_hal_uart.o(.ARM.exidx.text.UART_DMATransmitCplt), (8 bytes).
    Removing stm32u5xx_hal_uart.o(.text.UART_DMATxHalfCplt), (6 bytes).
    Removing stm32u5xx_hal_uart.o(.ARM.exidx.text.UART_DMATxHalfCplt), (8 bytes).
    Removing stm32u5xx_hal_uart.o(.text.UART_DMAError), (474 bytes).
    Removing stm32u5xx_hal_uart.o(.ARM.exidx.text.UART_DMAError), (8 bytes).
    Removing stm32u5xx_hal_uart.o(.text.HAL_UART_Receive_DMA), (174 bytes).
    Removing stm32u5xx_hal_uart.o(.ARM.exidx.text.HAL_UART_Receive_DMA), (8 bytes).
    Removing stm32u5xx_hal_uart.o(.text.UART_Start_Receive_DMA), (390 bytes).
    Removing stm32u5xx_hal_uart.o(.ARM.exidx.text.UART_Start_Receive_DMA), (8 bytes).
    Removing stm32u5xx_hal_uart.o(.text.HAL_UART_DMAPause), (268 bytes).
    Removing stm32u5xx_hal_uart.o(.ARM.exidx.text.HAL_UART_DMAPause), (8 bytes).
    Removing stm32u5xx_hal_uart.o(.text.HAL_UART_DMAResume), (220 bytes).
    Removing stm32u5xx_hal_uart.o(.ARM.exidx.text.HAL_UART_DMAResume), (8 bytes).
    Removing stm32u5xx_hal_uart.o(.text.HAL_UART_DMAStop), (652 bytes).
    Removing stm32u5xx_hal_uart.o(.ARM.exidx.text.HAL_UART_DMAStop), (8 bytes).
    Removing stm32u5xx_hal_uart.o(.text.HAL_UART_Abort), (372 bytes).
    Removing stm32u5xx_hal_uart.o(.ARM.exidx.text.HAL_UART_Abort), (8 bytes).
    Removing stm32u5xx_hal_uart.o(.text.HAL_UART_AbortTransmit), (230 bytes).
    Removing stm32u5xx_hal_uart.o(.ARM.exidx.text.HAL_UART_AbortTransmit), (8 bytes).
    Removing stm32u5xx_hal_uart.o(.text.HAL_UART_AbortReceive), (310 bytes).
    Removing stm32u5xx_hal_uart.o(.ARM.exidx.text.HAL_UART_AbortReceive), (8 bytes).
    Removing stm32u5xx_hal_uart.o(.text.HAL_UART_Abort_IT), (424 bytes).
    Removing stm32u5xx_hal_uart.o(.ARM.exidx.text.HAL_UART_Abort_IT), (8 bytes).
    Removing stm32u5xx_hal_uart.o(.text.UART_DMATxAbortCallback), (72 bytes).
    Removing stm32u5xx_hal_uart.o(.ARM.exidx.text.UART_DMATxAbortCallback), (8 bytes).
    Removing stm32u5xx_hal_uart.o(.text.UART_DMARxAbortCallback), (62 bytes).
    Removing stm32u5xx_hal_uart.o(.ARM.exidx.text.UART_DMARxAbortCallback), (8 bytes).
    Removing stm32u5xx_hal_uart.o(.text.HAL_UART_AbortCpltCallback), (2 bytes).
    Removing stm32u5xx_hal_uart.o(.ARM.exidx.text.HAL_UART_AbortCpltCallback), (8 bytes).
    Removing stm32u5xx_hal_uart.o(.text.HAL_UART_AbortTransmit_IT), (246 bytes).
    Removing stm32u5xx_hal_uart.o(.ARM.exidx.text.HAL_UART_AbortTransmit_IT), (8 bytes).
    Removing stm32u5xx_hal_uart.o(.text.UART_DMATxOnlyAbortCallback), (36 bytes).
    Removing stm32u5xx_hal_uart.o(.ARM.exidx.text.UART_DMATxOnlyAbortCallback), (8 bytes).
    Removing stm32u5xx_hal_uart.o(.text.HAL_UART_AbortTransmitCpltCallback), (2 bytes).
    Removing stm32u5xx_hal_uart.o(.ARM.exidx.text.HAL_UART_AbortTransmitCpltCallback), (8 bytes).
    Removing stm32u5xx_hal_uart.o(.text.HAL_UART_AbortReceive_IT), (332 bytes).
    Removing stm32u5xx_hal_uart.o(.ARM.exidx.text.HAL_UART_AbortReceive_IT), (8 bytes).
    Removing stm32u5xx_hal_uart.o(.text.UART_DMARxOnlyAbortCallback), (34 bytes).
    Removing stm32u5xx_hal_uart.o(.ARM.exidx.text.UART_DMARxOnlyAbortCallback), (8 bytes).
    Removing stm32u5xx_hal_uart.o(.text.HAL_UART_AbortReceiveCpltCallback), (2 bytes).
    Removing stm32u5xx_hal_uart.o(.ARM.exidx.text.HAL_UART_AbortReceiveCpltCallback), (8 bytes).
    Removing stm32u5xx_hal_uart.o(.ARM.exidx.text.HAL_UART_IRQHandler), (8 bytes).
    Removing stm32u5xx_hal_uart.o(.ARM.exidx.text.UART_DMAAbortOnError), (8 bytes).
    Removing stm32u5xx_hal_uart.o(.ARM.exidx.text.HAL_UART_ErrorCallback), (8 bytes).
    Removing stm32u5xx_hal_uart.o(.ARM.exidx.text.HAL_UARTEx_RxEventCallback), (8 bytes).
    Removing stm32u5xx_hal_uart.o(.ARM.exidx.text.HAL_UART_TxCpltCallback), (8 bytes).
    Removing stm32u5xx_hal_uart.o(.text.HAL_UART_TxHalfCpltCallback), (2 bytes).
    Removing stm32u5xx_hal_uart.o(.ARM.exidx.text.HAL_UART_TxHalfCpltCallback), (8 bytes).
    Removing stm32u5xx_hal_uart.o(.text.HAL_UART_RxCpltCallback), (2 bytes).
    Removing stm32u5xx_hal_uart.o(.ARM.exidx.text.HAL_UART_RxCpltCallback), (8 bytes).
    Removing stm32u5xx_hal_uart.o(.text.HAL_UART_RxHalfCpltCallback), (2 bytes).
    Removing stm32u5xx_hal_uart.o(.ARM.exidx.text.HAL_UART_RxHalfCpltCallback), (8 bytes).
    Removing stm32u5xx_hal_uart.o(.text.HAL_UART_ReceiverTimeout_Config), (32 bytes).
    Removing stm32u5xx_hal_uart.o(.ARM.exidx.text.HAL_UART_ReceiverTimeout_Config), (8 bytes).
    Removing stm32u5xx_hal_uart.o(.text.HAL_UART_EnableReceiverTimeout), (74 bytes).
    Removing stm32u5xx_hal_uart.o(.ARM.exidx.text.HAL_UART_EnableReceiverTimeout), (8 bytes).
    Removing stm32u5xx_hal_uart.o(.text.HAL_UART_DisableReceiverTimeout), (74 bytes).
    Removing stm32u5xx_hal_uart.o(.ARM.exidx.text.HAL_UART_DisableReceiverTimeout), (8 bytes).
    Removing stm32u5xx_hal_uart.o(.text.HAL_MultiProcessor_EnableMuteMode), (108 bytes).
    Removing stm32u5xx_hal_uart.o(.ARM.exidx.text.HAL_MultiProcessor_EnableMuteMode), (8 bytes).
    Removing stm32u5xx_hal_uart.o(.text.HAL_MultiProcessor_DisableMuteMode), (108 bytes).
    Removing stm32u5xx_hal_uart.o(.ARM.exidx.text.HAL_MultiProcessor_DisableMuteMode), (8 bytes).
    Removing stm32u5xx_hal_uart.o(.text.HAL_MultiProcessor_EnterMuteMode), (12 bytes).
    Removing stm32u5xx_hal_uart.o(.ARM.exidx.text.HAL_MultiProcessor_EnterMuteMode), (8 bytes).
    Removing stm32u5xx_hal_uart.o(.text.HAL_HalfDuplex_EnableTransmitter), (190 bytes).
    Removing stm32u5xx_hal_uart.o(.ARM.exidx.text.HAL_HalfDuplex_EnableTransmitter), (8 bytes).
    Removing stm32u5xx_hal_uart.o(.text.HAL_HalfDuplex_EnableReceiver), (190 bytes).
    Removing stm32u5xx_hal_uart.o(.ARM.exidx.text.HAL_HalfDuplex_EnableReceiver), (8 bytes).
    Removing stm32u5xx_hal_uart.o(.text.HAL_LIN_SendBreak), (44 bytes).
    Removing stm32u5xx_hal_uart.o(.ARM.exidx.text.HAL_LIN_SendBreak), (8 bytes).
    Removing stm32u5xx_hal_uart.o(.text.HAL_UART_GetState), (12 bytes).
    Removing stm32u5xx_hal_uart.o(.ARM.exidx.text.HAL_UART_GetState), (8 bytes).
    Removing stm32u5xx_hal_uart.o(.text.HAL_UART_GetError), (6 bytes).
    Removing stm32u5xx_hal_uart.o(.ARM.exidx.text.HAL_UART_GetError), (8 bytes).
    Removing stm32u5xx_hal_uart.o(.ARM.exidx.text.UART_RxISR_16BIT_FIFOEN), (8 bytes).
    Removing stm32u5xx_hal_uart.o(.ARM.exidx.text.UART_RxISR_8BIT_FIFOEN), (8 bytes).
    Removing stm32u5xx_hal_uart.o(.ARM.exidx.text.UART_RxISR_16BIT), (8 bytes).
    Removing stm32u5xx_hal_uart.o(.ARM.exidx.text.UART_RxISR_8BIT), (8 bytes).
    Removing stm32u5xx_hal_uart.o(.text.UART_DMAReceiveCplt), (304 bytes).
    Removing stm32u5xx_hal_uart.o(.ARM.exidx.text.UART_DMAReceiveCplt), (8 bytes).
    Removing stm32u5xx_hal_uart.o(.text.UART_DMARxHalfCplt), (54 bytes).
    Removing stm32u5xx_hal_uart.o(.ARM.exidx.text.UART_DMARxHalfCplt), (8 bytes).
    Removing stm32u5xx_hal_uart_ex.o(.text), (0 bytes).
    Removing stm32u5xx_hal_uart_ex.o(.text.HAL_RS485Ex_Init), (132 bytes).
    Removing stm32u5xx_hal_uart_ex.o(.ARM.exidx.text.HAL_RS485Ex_Init), (8 bytes).
    Removing stm32u5xx_hal_uart_ex.o(.ARM.exidx.text.HAL_UARTEx_RxFifoFullCallback), (8 bytes).
    Removing stm32u5xx_hal_uart_ex.o(.ARM.exidx.text.HAL_UARTEx_TxFifoEmptyCallback), (8 bytes).
    Removing stm32u5xx_hal_uart_ex.o(.text.HAL_MultiProcessorEx_AddressLength_Set), (46 bytes).
    Removing stm32u5xx_hal_uart_ex.o(.ARM.exidx.text.HAL_MultiProcessorEx_AddressLength_Set), (8 bytes).
    Removing stm32u5xx_hal_uart_ex.o(.text.HAL_UARTEx_StopModeWakeUpSourceConfig), (128 bytes).
    Removing stm32u5xx_hal_uart_ex.o(.ARM.exidx.text.HAL_UARTEx_StopModeWakeUpSourceConfig), (8 bytes).
    Removing stm32u5xx_hal_uart_ex.o(.text.HAL_UARTEx_EnableStopMode), (104 bytes).
    Removing stm32u5xx_hal_uart_ex.o(.ARM.exidx.text.HAL_UARTEx_EnableStopMode), (8 bytes).
    Removing stm32u5xx_hal_uart_ex.o(.text.HAL_UARTEx_DisableStopMode), (104 bytes).
    Removing stm32u5xx_hal_uart_ex.o(.ARM.exidx.text.HAL_UARTEx_DisableStopMode), (8 bytes).
    Removing stm32u5xx_hal_uart_ex.o(.text.HAL_UARTEx_EnableFifoMode), (122 bytes).
    Removing stm32u5xx_hal_uart_ex.o(.ARM.exidx.text.HAL_UARTEx_EnableFifoMode), (8 bytes).
    Removing stm32u5xx_hal_uart_ex.o(.ARM.exidx.text.HAL_UARTEx_DisableFifoMode), (8 bytes).
    Removing stm32u5xx_hal_uart_ex.o(.ARM.exidx.text.HAL_UARTEx_SetTxFifoThreshold), (8 bytes).
    Removing stm32u5xx_hal_uart_ex.o(.ARM.exidx.text.HAL_UARTEx_SetRxFifoThreshold), (8 bytes).
    Removing stm32u5xx_hal_uart_ex.o(.text.HAL_UARTEx_ReceiveToIdle), (468 bytes).
    Removing stm32u5xx_hal_uart_ex.o(.ARM.exidx.text.HAL_UARTEx_ReceiveToIdle), (8 bytes).
    Removing stm32u5xx_hal_uart_ex.o(.text.HAL_UARTEx_ReceiveToIdle_IT), (158 bytes).
    Removing stm32u5xx_hal_uart_ex.o(.ARM.exidx.text.HAL_UARTEx_ReceiveToIdle_IT), (8 bytes).
    Removing stm32u5xx_hal_uart_ex.o(.text.HAL_UARTEx_ReceiveToIdle_DMA), (148 bytes).
    Removing stm32u5xx_hal_uart_ex.o(.ARM.exidx.text.HAL_UARTEx_ReceiveToIdle_DMA), (8 bytes).
    Removing stm32u5xx_hal_uart_ex.o(.text.HAL_UARTEx_GetRxEventType), (4 bytes).
    Removing stm32u5xx_hal_uart_ex.o(.ARM.exidx.text.HAL_UARTEx_GetRxEventType), (8 bytes).
    Removing stm32u5xx_hal_uart_ex.o(.text.HAL_UARTEx_SetConfigAutonomousMode), (98 bytes).
    Removing stm32u5xx_hal_uart_ex.o(.ARM.exidx.text.HAL_UARTEx_SetConfigAutonomousMode), (8 bytes).
    Removing stm32u5xx_hal_uart_ex.o(.text.HAL_UARTEx_GetConfigAutonomousMode), (38 bytes).
    Removing stm32u5xx_hal_uart_ex.o(.ARM.exidx.text.HAL_UARTEx_GetConfigAutonomousMode), (8 bytes).
    Removing stm32u5xx_hal_uart_ex.o(.text.HAL_UARTEx_ClearConfigAutonomousMode), (62 bytes).
    Removing stm32u5xx_hal_uart_ex.o(.ARM.exidx.text.HAL_UARTEx_ClearConfigAutonomousMode), (8 bytes).
    Removing system_stm32u5xx.o(.text), (0 bytes).
    Removing system_stm32u5xx.o(.ARM.exidx.text.SystemInit), (8 bytes).
    Removing system_stm32u5xx.o(.text.SystemCoreClockUpdate), (280 bytes).
    Removing system_stm32u5xx.o(.ARM.exidx.text.SystemCoreClockUpdate), (8 bytes).
    Removing dadd.o(.text), (334 bytes).
    Removing dmul.o(.text), (228 bytes).
    Removing ddiv.o(.text), (222 bytes).
    Removing dfixul.o(.text), (48 bytes).
    Removing cdrcmple.o(.text), (48 bytes).
    Removing depilogue.o(.text), (186 bytes).

769 unused section(s) (total 42138 bytes) removed from the image.

==============================================================================

Image Symbol Table

    Local Symbols

    Symbol Name                              Value     Ov Type        Size  Object(Section)

    ../clib/division.s                       0x00000000   Number         0  aeabi_sdiv.o ABSOLUTE
    ../clib/microlib/division.c              0x00000000   Number         0  uldiv.o ABSOLUTE
    ../clib/microlib/division.c              0x00000000   Number         0  uidiv.o ABSOLUTE
    ../clib/microlib/init/entry.s            0x00000000   Number         0  entry.o ABSOLUTE
    ../clib/microlib/init/entry.s            0x00000000   Number         0  entry2.o ABSOLUTE
    ../clib/microlib/init/entry.s            0x00000000   Number         0  entry5.o ABSOLUTE
    ../clib/microlib/init/entry.s            0x00000000   Number         0  entry7a.o ABSOLUTE
    ../clib/microlib/init/entry.s            0x00000000   Number         0  entry7b.o ABSOLUTE
    ../clib/microlib/init/entry.s            0x00000000   Number         0  entry8a.o ABSOLUTE
    ../clib/microlib/init/entry.s            0x00000000   Number         0  entry8b.o ABSOLUTE
    ../clib/microlib/init/entry.s            0x00000000   Number         0  entry9a.o ABSOLUTE
    ../clib/microlib/init/entry.s            0x00000000   Number         0  entry9b.o ABSOLUTE
    ../clib/microlib/init/entry.s            0x00000000   Number         0  entry10a.o ABSOLUTE
    ../clib/microlib/init/entry.s            0x00000000   Number         0  entry10b.o ABSOLUTE
    ../clib/microlib/init/entry.s            0x00000000   Number         0  entry11a.o ABSOLUTE
    ../clib/microlib/init/entry.s            0x00000000   Number         0  entry11b.o ABSOLUTE
    ../clib/microlib/longlong.c              0x00000000   Number         0  llshl.o ABSOLUTE
    ../clib/microlib/longlong.c              0x00000000   Number         0  llushr.o ABSOLUTE
    ../clib/microlib/longlong.c              0x00000000   Number         0  llsshr.o ABSOLUTE
    ../clib/microlib/printf/printf.c         0x00000000   Number         0  printfb.o ABSOLUTE
    ../clib/microlib/printf/printf.c         0x00000000   Number         0  printf0.o ABSOLUTE
    ../clib/microlib/printf/printf.c         0x00000000   Number         0  printf1.o ABSOLUTE
    ../clib/microlib/printf/printf.c         0x00000000   Number         0  printf2.o ABSOLUTE
    ../clib/microlib/printf/printf.c         0x00000000   Number         0  printf3.o ABSOLUTE
    ../clib/microlib/printf/printf.c         0x00000000   Number         0  printf4.o ABSOLUTE
    ../clib/microlib/printf/printf.c         0x00000000   Number         0  printf5.o ABSOLUTE
    ../clib/microlib/printf/printf.c         0x00000000   Number         0  printf6.o ABSOLUTE
    ../clib/microlib/printf/printf.c         0x00000000   Number         0  printf7.o ABSOLUTE
    ../clib/microlib/printf/printf.c         0x00000000   Number         0  printf8.o ABSOLUTE
    ../clib/microlib/printf/printf.c         0x00000000   Number         0  printfa.o ABSOLUTE
    ../clib/microlib/printf/stubs.s          0x00000000   Number         0  printfstubs.o ABSOLUTE
    ../clib/microlib/stdio/puts.c            0x00000000   Number         0  puts.o ABSOLUTE
    ../clib/microlib/stdio/puts.c            0x00000000   Number         0  puts_e.o ABSOLUTE
    ../clib/microlib/stdio/streams.c         0x00000000   Number         0  stdout.o ABSOLUTE
    ../clib/microlib/string/memset.c         0x00000000   Number         0  memseta.o ABSOLUTE
    ../clib/microlib/stubs.s                 0x00000000   Number         0  iusefp.o ABSOLUTE
    ../fplib/microlib/fpadd.c                0x00000000   Number         0  dadd.o ABSOLUTE
    ../fplib/microlib/fpdiv.c                0x00000000   Number         0  ddiv.o ABSOLUTE
    ../fplib/microlib/fpepilogue.c           0x00000000   Number         0  depilogue.o ABSOLUTE
    ../fplib/microlib/fpfix.c                0x00000000   Number         0  dfixul.o ABSOLUTE
    ../fplib/microlib/fpmul.c                0x00000000   Number         0  dmul.o ABSOLUTE
    cdrcmple.s                               0x00000000   Number         0  cdrcmple.o ABSOLUTE
    dc.s                                     0x00000000   Number         0  dc.o ABSOLUTE
    handlers.s                               0x00000000   Number         0  handlers.o ABSOLUTE
    init.s                                   0x00000000   Number         0  init.o ABSOLUTE
    main.c                                   0x00000000   Number         0  main.o ABSOLUTE
    startup_stm32u575xx.s                    0x00000000   Number         0  startup_stm32u575xx.o ABSOLUTE
    stm32u5xx_hal.c                          0x00000000   Number         0  stm32u5xx_hal.o ABSOLUTE
    stm32u5xx_hal_cortex.c                   0x00000000   Number         0  stm32u5xx_hal_cortex.o ABSOLUTE
    stm32u5xx_hal_dma.c                      0x00000000   Number         0  stm32u5xx_hal_dma.o ABSOLUTE
    stm32u5xx_hal_dma_ex.c                   0x00000000   Number         0  stm32u5xx_hal_dma_ex.o ABSOLUTE
    stm32u5xx_hal_exti.c                     0x00000000   Number         0  stm32u5xx_hal_exti.o ABSOLUTE
    stm32u5xx_hal_flash.c                    0x00000000   Number         0  stm32u5xx_hal_flash.o ABSOLUTE
    stm32u5xx_hal_flash_ex.c                 0x00000000   Number         0  stm32u5xx_hal_flash_ex.o ABSOLUTE
    stm32u5xx_hal_gpio.c                     0x00000000   Number         0  stm32u5xx_hal_gpio.o ABSOLUTE
    stm32u5xx_hal_gtzc.c                     0x00000000   Number         0  stm32u5xx_hal_gtzc.o ABSOLUTE
    stm32u5xx_hal_i2c.c                      0x00000000   Number         0  stm32u5xx_hal_i2c.o ABSOLUTE
    stm32u5xx_hal_i2c_ex.c                   0x00000000   Number         0  stm32u5xx_hal_i2c_ex.o ABSOLUTE
    stm32u5xx_hal_icache.c                   0x00000000   Number         0  stm32u5xx_hal_icache.o ABSOLUTE
    stm32u5xx_hal_msp.c                      0x00000000   Number         0  stm32u5xx_hal_msp.o ABSOLUTE
    stm32u5xx_hal_pwr.c                      0x00000000   Number         0  stm32u5xx_hal_pwr.o ABSOLUTE
    stm32u5xx_hal_pwr_ex.c                   0x00000000   Number         0  stm32u5xx_hal_pwr_ex.o ABSOLUTE
    stm32u5xx_hal_rcc.c                      0x00000000   Number         0  stm32u5xx_hal_rcc.o ABSOLUTE
    stm32u5xx_hal_rcc_ex.c                   0x00000000   Number         0  stm32u5xx_hal_rcc_ex.o ABSOLUTE
    stm32u5xx_hal_uart.c                     0x00000000   Number         0  stm32u5xx_hal_uart.o ABSOLUTE
    stm32u5xx_hal_uart_ex.c                  0x00000000   Number         0  stm32u5xx_hal_uart_ex.o ABSOLUTE
    stm32u5xx_it.c                           0x00000000   Number         0  stm32u5xx_it.o ABSOLUTE
    system_stm32u5xx.c                       0x00000000   Number         0  system_stm32u5xx.o ABSOLUTE
    RESET                                    0x08000000   Section      568  startup_stm32u575xx.o(RESET)
    .ARM.Collect$$$$00000000                 0x08000238   Section        0  entry.o(.ARM.Collect$$$$00000000)
    .ARM.Collect$$$$00000001                 0x08000238   Section        4  entry2.o(.ARM.Collect$$$$00000001)
    .ARM.Collect$$$$00000004                 0x0800023c   Section        4  entry5.o(.ARM.Collect$$$$00000004)
    .ARM.Collect$$$$00000008                 0x08000240   Section        0  entry7b.o(.ARM.Collect$$$$00000008)
    .ARM.Collect$$$$0000000A                 0x08000240   Section        0  entry8b.o(.ARM.Collect$$$$0000000A)
    .ARM.Collect$$$$0000000B                 0x08000240   Section        8  entry9a.o(.ARM.Collect$$$$0000000B)
    __lit__00000000                          0x08000248   Data           4  entry2.o(.ARM.Collect$$$$00002712)
    .ARM.Collect$$$$0000000D                 0x08000248   Section        0  entry10a.o(.ARM.Collect$$$$0000000D)
    .ARM.Collect$$$$0000000F                 0x08000248   Section        0  entry11a.o(.ARM.Collect$$$$0000000F)
    .ARM.Collect$$$$00002712                 0x08000248   Section        4  entry2.o(.ARM.Collect$$$$00002712)
    $v0                                      0x0800024c   Number         0  startup_stm32u575xx.o(.text)
    .text                                    0x0800024c   Section       40  startup_stm32u575xx.o(.text)
    .text                                    0x08000274   Section        0  uldiv.o(.text)
    .text                                    0x080002d6   Section        0  memseta.o(.text)
    .text                                    0x080002fa   Section        0  llshl.o(.text)
    .text                                    0x08000318   Section        0  llushr.o(.text)
    .text                                    0x08000338   Section       48  init.o(.text)
    [Anonymous Symbol]                       0x08000368   Section        0  stm32u5xx_it.o(.text.BusFault_Handler)
    [Anonymous Symbol]                       0x0800036c   Section        0  stm32u5xx_it.o(.text.DebugMon_Handler)
    [Anonymous Symbol]                       0x08000370   Section        0  main.o(.text.Error_Handler)
    [Anonymous Symbol]                       0x08000378   Section        0  stm32u5xx_hal_dma.o(.text.HAL_DMA_Abort)
    [Anonymous Symbol]                       0x08000420   Section        0  stm32u5xx_hal_dma.o(.text.HAL_DMA_Abort_IT)
    [Anonymous Symbol]                       0x08000448   Section        0  stm32u5xx_hal.o(.text.HAL_Delay)
    [Anonymous Symbol]                       0x08000470   Section        0  stm32u5xx_hal_gpio.o(.text.HAL_GPIO_Init)
    [Anonymous Symbol]                       0x080006b4   Section        0  stm32u5xx_hal.o(.text.HAL_GetTick)
    [Anonymous Symbol]                       0x080006c0   Section        0  stm32u5xx_hal.o(.text.HAL_IncTick)
    [Anonymous Symbol]                       0x080006dc   Section        0  stm32u5xx_hal.o(.text.HAL_Init)
    [Anonymous Symbol]                       0x08000738   Section        0  stm32u5xx_hal.o(.text.HAL_InitTick)
    [Anonymous Symbol]                       0x080007e0   Section        0  stm32u5xx_hal_msp.o(.text.HAL_MspInit)
    [Anonymous Symbol]                       0x08000800   Section        0  stm32u5xx_hal_cortex.o(.text.HAL_NVIC_EnableIRQ)
    [Anonymous Symbol]                       0x08000824   Section        0  stm32u5xx_hal_cortex.o(.text.HAL_NVIC_SetPriority)
    [Anonymous Symbol]                       0x0800087c   Section        0  stm32u5xx_hal_cortex.o(.text.HAL_NVIC_SetPriorityGrouping)
    [Anonymous Symbol]                       0x0800089c   Section        0  stm32u5xx_hal_pwr_ex.o(.text.HAL_PWREx_ControlVoltageScaling)
    [Anonymous Symbol]                       0x08000998   Section        0  stm32u5xx_hal_pwr_ex.o(.text.HAL_PWREx_GetVoltageRange)
    [Anonymous Symbol]                       0x080009a8   Section        0  stm32u5xx_hal_rcc_ex.o(.text.HAL_RCCEx_GetPLL1ClockFreq)
    [Anonymous Symbol]                       0x08000b2c   Section        0  stm32u5xx_hal_rcc_ex.o(.text.HAL_RCCEx_GetPLL2ClockFreq)
    [Anonymous Symbol]                       0x08000cb0   Section        0  stm32u5xx_hal_rcc_ex.o(.text.HAL_RCCEx_GetPLL3ClockFreq)
    [Anonymous Symbol]                       0x08000e34   Section        0  stm32u5xx_hal_rcc_ex.o(.text.HAL_RCCEx_GetPeriphCLKFreq)
    [Anonymous Symbol]                       0x0800171c   Section        0  stm32u5xx_hal_rcc_ex.o(.text.HAL_RCCEx_PeriphCLKConfig)
    [Anonymous Symbol]                       0x08001cd0   Section        0  stm32u5xx_hal_rcc.o(.text.HAL_RCC_ClockConfig)
    [Anonymous Symbol]                       0x08001fcc   Section        0  stm32u5xx_hal_rcc.o(.text.HAL_RCC_GetHCLKFreq)
    [Anonymous Symbol]                       0x08001ff8   Section        0  stm32u5xx_hal_rcc.o(.text.HAL_RCC_GetPCLK1Freq)
    [Anonymous Symbol]                       0x08002038   Section        0  stm32u5xx_hal_rcc.o(.text.HAL_RCC_GetPCLK2Freq)
    [Anonymous Symbol]                       0x08002078   Section        0  stm32u5xx_hal_rcc.o(.text.HAL_RCC_GetPCLK3Freq)
    [Anonymous Symbol]                       0x080020b8   Section        0  stm32u5xx_hal_rcc.o(.text.HAL_RCC_GetSysClockFreq)
    [Anonymous Symbol]                       0x080021c0   Section        0  stm32u5xx_hal_rcc.o(.text.HAL_RCC_OscConfig)
    [Anonymous Symbol]                       0x08002d38   Section        0  stm32u5xx_hal_cortex.o(.text.HAL_SYSTICK_CLKSourceConfig)
    [Anonymous Symbol]                       0x08002db0   Section        0  stm32u5xx_hal_cortex.o(.text.HAL_SYSTICK_Config)
    [Anonymous Symbol]                       0x08002dd4   Section        0  stm32u5xx_hal_cortex.o(.text.HAL_SYSTICK_GetCLKSourceConfig)
    [Anonymous Symbol]                       0x08002e0c   Section        0  stm32u5xx_hal_uart_ex.o(.text.HAL_UARTEx_DisableFifoMode)
    [Anonymous Symbol]                       0x08002e44   Section        0  stm32u5xx_hal_uart.o(.text.HAL_UARTEx_RxEventCallback)
    [Anonymous Symbol]                       0x08002e48   Section        0  stm32u5xx_hal_uart_ex.o(.text.HAL_UARTEx_RxFifoFullCallback)
    [Anonymous Symbol]                       0x08002e4c   Section        0  stm32u5xx_hal_uart_ex.o(.text.HAL_UARTEx_SetRxFifoThreshold)
    [Anonymous Symbol]                       0x08002ed8   Section        0  stm32u5xx_hal_uart_ex.o(.text.HAL_UARTEx_SetTxFifoThreshold)
    [Anonymous Symbol]                       0x08002f64   Section        0  stm32u5xx_hal_uart_ex.o(.text.HAL_UARTEx_TxFifoEmptyCallback)
    [Anonymous Symbol]                       0x08002f68   Section        0  stm32u5xx_hal_uart.o(.text.HAL_UART_ErrorCallback)
    [Anonymous Symbol]                       0x08002f6c   Section        0  stm32u5xx_hal_uart.o(.text.HAL_UART_IRQHandler)
    [Anonymous Symbol]                       0x08003508   Section        0  stm32u5xx_hal_uart.o(.text.HAL_UART_Init)
    [Anonymous Symbol]                       0x0800356c   Section        0  stm32u5xx_hal_msp.o(.text.HAL_UART_MspInit)
    [Anonymous Symbol]                       0x08003610   Section        0  stm32u5xx_hal_uart.o(.text.HAL_UART_Receive_IT)
    [Anonymous Symbol]                       0x080036d4   Section        0  main.o(.text.HAL_UART_RxCpltCallback)
    [Anonymous Symbol]                       0x08003700   Section        0  stm32u5xx_hal_uart.o(.text.HAL_UART_Transmit)
    [Anonymous Symbol]                       0x080038a8   Section        0  stm32u5xx_hal_uart.o(.text.HAL_UART_TxCpltCallback)
    [Anonymous Symbol]                       0x080038ac   Section        0  stm32u5xx_it.o(.text.HardFault_Handler)
    [Anonymous Symbol]                       0x080038b0   Section        0  stm32u5xx_it.o(.text.MemManage_Handler)
    [Anonymous Symbol]                       0x080038b4   Section        0  stm32u5xx_it.o(.text.NMI_Handler)
    [Anonymous Symbol]                       0x080038b8   Section        0  stm32u5xx_it.o(.text.PendSV_Handler)
    RCCEx_PLL2_Config                        0x080038bd   Thumb Code   242  stm32u5xx_hal_rcc_ex.o(.text.RCCEx_PLL2_Config)
    [Anonymous Symbol]                       0x080038bc   Section        0  stm32u5xx_hal_rcc_ex.o(.text.RCCEx_PLL2_Config)
    RCCEx_PLL3_Config                        0x080039b1   Thumb Code   242  stm32u5xx_hal_rcc_ex.o(.text.RCCEx_PLL3_Config)
    [Anonymous Symbol]                       0x080039b0   Section        0  stm32u5xx_hal_rcc_ex.o(.text.RCCEx_PLL3_Config)
    [Anonymous Symbol]                       0x08003aa4   Section        0  stm32u5xx_it.o(.text.SVC_Handler)
    [Anonymous Symbol]                       0x08003aa8   Section        0  stm32u5xx_it.o(.text.SysTick_Handler)
    [Anonymous Symbol]                       0x08003aac   Section        0  system_stm32u5xx.o(.text.SystemInit)
    [Anonymous Symbol]                       0x08003af8   Section        0  stm32u5xx_hal_uart.o(.text.UART_AdvFeatureConfig)
    [Anonymous Symbol]                       0x08003be0   Section        0  stm32u5xx_hal_uart.o(.text.UART_CheckIdleState)
    UART_DMAAbortOnError                     0x08003d4d   Thumb Code    12  stm32u5xx_hal_uart.o(.text.UART_DMAAbortOnError)
    [Anonymous Symbol]                       0x08003d4c   Section        0  stm32u5xx_hal_uart.o(.text.UART_DMAAbortOnError)
    UART_RxISR_16BIT                         0x08003d59   Thumb Code   442  stm32u5xx_hal_uart.o(.text.UART_RxISR_16BIT)
    [Anonymous Symbol]                       0x08003d58   Section        0  stm32u5xx_hal_uart.o(.text.UART_RxISR_16BIT)
    UART_RxISR_16BIT_FIFOEN                  0x08003f15   Thumb Code   804  stm32u5xx_hal_uart.o(.text.UART_RxISR_16BIT_FIFOEN)
    [Anonymous Symbol]                       0x08003f14   Section        0  stm32u5xx_hal_uart.o(.text.UART_RxISR_16BIT_FIFOEN)
    UART_RxISR_8BIT                          0x08004239   Thumb Code   446  stm32u5xx_hal_uart.o(.text.UART_RxISR_8BIT)
    [Anonymous Symbol]                       0x08004238   Section        0  stm32u5xx_hal_uart.o(.text.UART_RxISR_8BIT)
    UART_RxISR_8BIT_FIFOEN                   0x080043f9   Thumb Code   808  stm32u5xx_hal_uart.o(.text.UART_RxISR_8BIT_FIFOEN)
    [Anonymous Symbol]                       0x080043f8   Section        0  stm32u5xx_hal_uart.o(.text.UART_RxISR_8BIT_FIFOEN)
    [Anonymous Symbol]                       0x08004720   Section        0  stm32u5xx_hal_uart.o(.text.UART_SetConfig)
    [Anonymous Symbol]                       0x0800492c   Section        0  stm32u5xx_hal_uart.o(.text.UART_Start_Receive_IT)
    [Anonymous Symbol]                       0x08004b90   Section        0  stm32u5xx_hal_uart.o(.text.UART_WaitOnFlagUntilTimeout)
    [Anonymous Symbol]                       0x08004ec4   Section        0  stm32u5xx_it.o(.text.USART1_IRQHandler)
    [Anonymous Symbol]                       0x08004ed0   Section        0  stm32u5xx_it.o(.text.UsageFault_Handler)
    [Anonymous Symbol]                       0x08004ed4   Section        0  main.o(.text.fputc)
    [Anonymous Symbol]                       0x08004ef4   Section        0  main.o(.text.main)
    i.__0printf$8                            0x08005054   Section        0  printf8.o(i.__0printf$8)
    i.__scatterload_copy                     0x08005074   Section       14  handlers.o(i.__scatterload_copy)
    i.__scatterload_null                     0x08005082   Section        2  handlers.o(i.__scatterload_null)
    i.__scatterload_zeroinit                 0x08005084   Section       14  handlers.o(i.__scatterload_zeroinit)
    _printf_core                             0x08005095   Thumb Code   996  printf8.o(i._printf_core)
    i._printf_core                           0x08005094   Section        0  printf8.o(i._printf_core)
    _printf_post_padding                     0x080054a5   Thumb Code    36  printf8.o(i._printf_post_padding)
    i._printf_post_padding                   0x080054a4   Section        0  printf8.o(i._printf_post_padding)
    _printf_pre_padding                      0x080054c9   Thumb Code    46  printf8.o(i._printf_pre_padding)
    i._printf_pre_padding                    0x080054c8   Section        0  printf8.o(i._printf_pre_padding)
    i.puts                                   0x080054f8   Section        0  puts.o(i.puts)
    LPGPIO_Map                               0x08005534   Data         128  stm32u5xx_hal_gpio.o(.rodata.LPGPIO_Map)
    [Anonymous Symbol]                       0x08005534   Section        0  stm32u5xx_hal_gpio.o(.rodata.LPGPIO_Map)
    UARTEx_SetNbDataToProcess.numerator      0x0800560c   Data           8  stm32u5xx_hal_uart_ex.o(.rodata.cst8)
    [Anonymous Symbol]                       0x0800560c   Section        0  stm32u5xx_hal_uart_ex.o(.rodata.cst8)
    UARTEx_SetNbDataToProcess.denominator    0x08005614   Data           8  stm32u5xx_hal_uart_ex.o(.rodata.cst8)
    .data                                    0x20000000   Section        4  stdout.o(.data)
    .L_MergedGlobals                         0x20000004   Data           8  stm32u5xx_hal.o(.data..L_MergedGlobals)
    [Anonymous Symbol]                       0x20000004   Section        0  stm32u5xx_hal.o(.data..L_MergedGlobals)
    .L_MergedGlobals                         0x20000010   Data           2  main.o(.bss..L_MergedGlobals)
    rx_byte                                  0x20000010   Data           1  main.o(.bss..L_MergedGlobals)
    [Anonymous Symbol]                       0x20000010   Section        0  main.o(.bss..L_MergedGlobals)
    rx_flag                                  0x20000011   Data           1  main.o(.bss..L_MergedGlobals)
    STACK                                    0x200000b0   Section     1024  startup_stm32u575xx.o(STACK)

    Global Symbols

    Symbol Name                              Value     Ov Type        Size  Object(Section)

    BuildAttributes$$THM_ISAv4$E$P$D$K$B$S$7EM$8M$VFPi5$EXTD16$VFPS$VFMA$PE$A:L22UL41UL21$X:L11$S22US41US21$IEEE1$IW$~IW$USESV6$~STKCKD$USESV7$~SHL$OTIME$ROPI$EBA8$MICROLIB$REQ8$PRES8$EABIv2 0x00000000   Number         0  anon$$obj.o ABSOLUTE
    _printf_a                                0x00000000   Number         0  printfstubs.o ABSOLUTE
    _printf_c                                0x00000000   Number         0  printfstubs.o ABSOLUTE
    _printf_charcount                        0x00000000   Number         0  printfstubs.o ABSOLUTE
    _printf_d                                0x00000000   Number         0  printfstubs.o ABSOLUTE
    _printf_e                                0x00000000   Number         0  printfstubs.o ABSOLUTE
    _printf_f                                0x00000000   Number         0  printfstubs.o ABSOLUTE
    _printf_flags                            0x00000000   Number         0  printfstubs.o ABSOLUTE
    _printf_fp_dec                           0x00000000   Number         0  printfstubs.o ABSOLUTE
    _printf_fp_hex                           0x00000000   Number         0  printfstubs.o ABSOLUTE
    _printf_g                                0x00000000   Number         0  printfstubs.o ABSOLUTE
    _printf_i                                0x00000000   Number         0  printfstubs.o ABSOLUTE
    _printf_int_dec                          0x00000000   Number         0  printfstubs.o ABSOLUTE
    _printf_l                                0x00000000   Number         0  printfstubs.o ABSOLUTE
    _printf_lc                               0x00000000   Number         0  printfstubs.o ABSOLUTE
    _printf_ll                               0x00000000   Number         0  printfstubs.o ABSOLUTE
    _printf_lld                              0x00000000   Number         0  printfstubs.o ABSOLUTE
    _printf_lli                              0x00000000   Number         0  printfstubs.o ABSOLUTE
    _printf_llo                              0x00000000   Number         0  printfstubs.o ABSOLUTE
    _printf_llu                              0x00000000   Number         0  printfstubs.o ABSOLUTE
    _printf_llx                              0x00000000   Number         0  printfstubs.o ABSOLUTE
    _printf_longlong_dec                     0x00000000   Number         0  printfstubs.o ABSOLUTE
    _printf_longlong_hex                     0x00000000   Number         0  printfstubs.o ABSOLUTE
    _printf_longlong_oct                     0x00000000   Number         0  printfstubs.o ABSOLUTE
    _printf_ls                               0x00000000   Number         0  printfstubs.o ABSOLUTE
    _printf_mbtowc                           0x00000000   Number         0  printfstubs.o ABSOLUTE
    _printf_n                                0x00000000   Number         0  printfstubs.o ABSOLUTE
    _printf_o                                0x00000000   Number         0  printfstubs.o ABSOLUTE
    _printf_p                                0x00000000   Number         0  printfstubs.o ABSOLUTE
    _printf_percent                          0x00000000   Number         0  printfstubs.o ABSOLUTE
    _printf_pre_padding                      0x00000000   Number         0  printfstubs.o ABSOLUTE
    _printf_return_value                     0x00000000   Number         0  printfstubs.o ABSOLUTE
    _printf_s                                0x00000000   Number         0  printfstubs.o ABSOLUTE
    _printf_sizespec                         0x00000000   Number         0  printfstubs.o ABSOLUTE
    _printf_str                              0x00000000   Number         0  printfstubs.o ABSOLUTE
    _printf_truncate_signed                  0x00000000   Number         0  printfstubs.o ABSOLUTE
    _printf_truncate_unsigned                0x00000000   Number         0  printfstubs.o ABSOLUTE
    _printf_u                                0x00000000   Number         0  printfstubs.o ABSOLUTE
    _printf_wc                               0x00000000   Number         0  printfstubs.o ABSOLUTE
    _printf_wctomb                           0x00000000   Number         0  printfstubs.o ABSOLUTE
    _printf_widthprec                        0x00000000   Number         0  printfstubs.o ABSOLUTE
    _printf_x                                0x00000000   Number         0  printfstubs.o ABSOLUTE
    __cpp_initialize__aeabi_                  - Undefined Weak Reference
    __cxa_finalize                            - Undefined Weak Reference
    __decompress                              - Undefined Weak Reference
    _clock_init                               - Undefined Weak Reference
    _microlib_exit                            - Undefined Weak Reference
    __Vectors_Size                           0x00000238   Number         0  startup_stm32u575xx.o ABSOLUTE
    __Vectors                                0x08000000   Data           4  startup_stm32u575xx.o(RESET)
    __Vectors_End                            0x08000238   Data           0  startup_stm32u575xx.o(RESET)
    __main                                   0x08000239   Thumb Code     0  entry.o(.ARM.Collect$$$$00000000)
    _main_stk                                0x08000239   Thumb Code     0  entry2.o(.ARM.Collect$$$$00000001)
    _main_scatterload                        0x0800023d   Thumb Code     0  entry5.o(.ARM.Collect$$$$00000004)
    __main_after_scatterload                 0x08000241   Thumb Code     0  entry5.o(.ARM.Collect$$$$00000004)
    _main_clock                              0x08000241   Thumb Code     0  entry7b.o(.ARM.Collect$$$$00000008)
    _main_cpp_init                           0x08000241   Thumb Code     0  entry8b.o(.ARM.Collect$$$$0000000A)
    _main_init                               0x08000241   Thumb Code     0  entry9a.o(.ARM.Collect$$$$0000000B)
    __rt_final_cpp                           0x08000249   Thumb Code     0  entry10a.o(.ARM.Collect$$$$0000000D)
    __rt_final_exit                          0x08000249   Thumb Code     0  entry11a.o(.ARM.Collect$$$$0000000F)
    Reset_Handler                            0x0800024d   Thumb Code     8  startup_stm32u575xx.o(.text)
    SecureFault_Handler                      0x0800025f   Thumb Code     2  startup_stm32u575xx.o(.text)
    ADC1_IRQHandler                          0x08000269   Thumb Code     0  startup_stm32u575xx.o(.text)
    ADC4_IRQHandler                          0x08000269   Thumb Code     0  startup_stm32u575xx.o(.text)
    ADF1_IRQHandler                          0x08000269   Thumb Code     0  startup_stm32u575xx.o(.text)
    COMP_IRQHandler                          0x08000269   Thumb Code     0  startup_stm32u575xx.o(.text)
    CORDIC_IRQHandler                        0x08000269   Thumb Code     0  startup_stm32u575xx.o(.text)
    CRS_IRQHandler                           0x08000269   Thumb Code     0  startup_stm32u575xx.o(.text)
    DAC1_IRQHandler                          0x08000269   Thumb Code     0  startup_stm32u575xx.o(.text)
    DCACHE1_IRQHandler                       0x08000269   Thumb Code     0  startup_stm32u575xx.o(.text)
    DCMI_PSSI_IRQHandler                     0x08000269   Thumb Code     0  startup_stm32u575xx.o(.text)
    DMA2D_IRQHandler                         0x08000269   Thumb Code     0  startup_stm32u575xx.o(.text)
    EXTI0_IRQHandler                         0x08000269   Thumb Code     0  startup_stm32u575xx.o(.text)
    EXTI10_IRQHandler                        0x08000269   Thumb Code     0  startup_stm32u575xx.o(.text)
    EXTI11_IRQHandler                        0x08000269   Thumb Code     0  startup_stm32u575xx.o(.text)
    EXTI12_IRQHandler                        0x08000269   Thumb Code     0  startup_stm32u575xx.o(.text)
    EXTI13_IRQHandler                        0x08000269   Thumb Code     0  startup_stm32u575xx.o(.text)
    EXTI14_IRQHandler                        0x08000269   Thumb Code     0  startup_stm32u575xx.o(.text)
    EXTI15_IRQHandler                        0x08000269   Thumb Code     0  startup_stm32u575xx.o(.text)
    EXTI1_IRQHandler                         0x08000269   Thumb Code     0  startup_stm32u575xx.o(.text)
    EXTI2_IRQHandler                         0x08000269   Thumb Code     0  startup_stm32u575xx.o(.text)
    EXTI3_IRQHandler                         0x08000269   Thumb Code     0  startup_stm32u575xx.o(.text)
    EXTI4_IRQHandler                         0x08000269   Thumb Code     0  startup_stm32u575xx.o(.text)
    EXTI5_IRQHandler                         0x08000269   Thumb Code     0  startup_stm32u575xx.o(.text)
    EXTI6_IRQHandler                         0x08000269   Thumb Code     0  startup_stm32u575xx.o(.text)
    EXTI7_IRQHandler                         0x08000269   Thumb Code     0  startup_stm32u575xx.o(.text)
    EXTI8_IRQHandler                         0x08000269   Thumb Code     0  startup_stm32u575xx.o(.text)
    EXTI9_IRQHandler                         0x08000269   Thumb Code     0  startup_stm32u575xx.o(.text)
    FDCAN1_IT0_IRQHandler                    0x08000269   Thumb Code     0  startup_stm32u575xx.o(.text)
    FDCAN1_IT1_IRQHandler                    0x08000269   Thumb Code     0  startup_stm32u575xx.o(.text)
    FLASH_IRQHandler                         0x08000269   Thumb Code     0  startup_stm32u575xx.o(.text)
    FLASH_S_IRQHandler                       0x08000269   Thumb Code     0  startup_stm32u575xx.o(.text)
    FMAC_IRQHandler                          0x08000269   Thumb Code     0  startup_stm32u575xx.o(.text)
    FMC_IRQHandler                           0x08000269   Thumb Code     0  startup_stm32u575xx.o(.text)
    FPU_IRQHandler                           0x08000269   Thumb Code     0  startup_stm32u575xx.o(.text)
    GPDMA1_Channel0_IRQHandler               0x08000269   Thumb Code     0  startup_stm32u575xx.o(.text)
    GPDMA1_Channel10_IRQHandler              0x08000269   Thumb Code     0  startup_stm32u575xx.o(.text)
    GPDMA1_Channel11_IRQHandler              0x08000269   Thumb Code     0  startup_stm32u575xx.o(.text)
    GPDMA1_Channel12_IRQHandler              0x08000269   Thumb Code     0  startup_stm32u575xx.o(.text)
    GPDMA1_Channel13_IRQHandler              0x08000269   Thumb Code     0  startup_stm32u575xx.o(.text)
    GPDMA1_Channel14_IRQHandler              0x08000269   Thumb Code     0  startup_stm32u575xx.o(.text)
    GPDMA1_Channel15_IRQHandler              0x08000269   Thumb Code     0  startup_stm32u575xx.o(.text)
    GPDMA1_Channel1_IRQHandler               0x08000269   Thumb Code     0  startup_stm32u575xx.o(.text)
    GPDMA1_Channel2_IRQHandler               0x08000269   Thumb Code     0  startup_stm32u575xx.o(.text)
    GPDMA1_Channel3_IRQHandler               0x08000269   Thumb Code     0  startup_stm32u575xx.o(.text)
    GPDMA1_Channel4_IRQHandler               0x08000269   Thumb Code     0  startup_stm32u575xx.o(.text)
    GPDMA1_Channel5_IRQHandler               0x08000269   Thumb Code     0  startup_stm32u575xx.o(.text)
    GPDMA1_Channel6_IRQHandler               0x08000269   Thumb Code     0  startup_stm32u575xx.o(.text)
    GPDMA1_Channel7_IRQHandler               0x08000269   Thumb Code     0  startup_stm32u575xx.o(.text)
    GPDMA1_Channel8_IRQHandler               0x08000269   Thumb Code     0  startup_stm32u575xx.o(.text)
    GPDMA1_Channel9_IRQHandler               0x08000269   Thumb Code     0  startup_stm32u575xx.o(.text)
    GTZC_IRQHandler                          0x08000269   Thumb Code     0  startup_stm32u575xx.o(.text)
    HASH_IRQHandler                          0x08000269   Thumb Code     0  startup_stm32u575xx.o(.text)
    I2C1_ER_IRQHandler                       0x08000269   Thumb Code     0  startup_stm32u575xx.o(.text)
    I2C1_EV_IRQHandler                       0x08000269   Thumb Code     0  startup_stm32u575xx.o(.text)
    I2C2_ER_IRQHandler                       0x08000269   Thumb Code     0  startup_stm32u575xx.o(.text)
    I2C2_EV_IRQHandler                       0x08000269   Thumb Code     0  startup_stm32u575xx.o(.text)
    I2C3_ER_IRQHandler                       0x08000269   Thumb Code     0  startup_stm32u575xx.o(.text)
    I2C3_EV_IRQHandler                       0x08000269   Thumb Code     0  startup_stm32u575xx.o(.text)
    I2C4_ER_IRQHandler                       0x08000269   Thumb Code     0  startup_stm32u575xx.o(.text)
    I2C4_EV_IRQHandler                       0x08000269   Thumb Code     0  startup_stm32u575xx.o(.text)
    ICACHE_IRQHandler                        0x08000269   Thumb Code     0  startup_stm32u575xx.o(.text)
    IWDG_IRQHandler                          0x08000269   Thumb Code     0  startup_stm32u575xx.o(.text)
    LPDMA1_Channel0_IRQHandler               0x08000269   Thumb Code     0  startup_stm32u575xx.o(.text)
    LPDMA1_Channel1_IRQHandler               0x08000269   Thumb Code     0  startup_stm32u575xx.o(.text)
    LPDMA1_Channel2_IRQHandler               0x08000269   Thumb Code     0  startup_stm32u575xx.o(.text)
    LPDMA1_Channel3_IRQHandler               0x08000269   Thumb Code     0  startup_stm32u575xx.o(.text)
    LPTIM1_IRQHandler                        0x08000269   Thumb Code     0  startup_stm32u575xx.o(.text)
    LPTIM2_IRQHandler                        0x08000269   Thumb Code     0  startup_stm32u575xx.o(.text)
    LPTIM3_IRQHandler                        0x08000269   Thumb Code     0  startup_stm32u575xx.o(.text)
    LPTIM4_IRQHandler                        0x08000269   Thumb Code     0  startup_stm32u575xx.o(.text)
    LPUART1_IRQHandler                       0x08000269   Thumb Code     0  startup_stm32u575xx.o(.text)
    LSECSSD_IRQHandler                       0x08000269   Thumb Code     0  startup_stm32u575xx.o(.text)
    MDF1_FLT0_IRQHandler                     0x08000269   Thumb Code     0  startup_stm32u575xx.o(.text)
    MDF1_FLT1_IRQHandler                     0x08000269   Thumb Code     0  startup_stm32u575xx.o(.text)
    MDF1_FLT2_IRQHandler                     0x08000269   Thumb Code     0  startup_stm32u575xx.o(.text)
    MDF1_FLT3_IRQHandler                     0x08000269   Thumb Code     0  startup_stm32u575xx.o(.text)
    MDF1_FLT4_IRQHandler                     0x08000269   Thumb Code     0  startup_stm32u575xx.o(.text)
    MDF1_FLT5_IRQHandler                     0x08000269   Thumb Code     0  startup_stm32u575xx.o(.text)
    OCTOSPI1_IRQHandler                      0x08000269   Thumb Code     0  startup_stm32u575xx.o(.text)
    OCTOSPI2_IRQHandler                      0x08000269   Thumb Code     0  startup_stm32u575xx.o(.text)
    OTG_FS_IRQHandler                        0x08000269   Thumb Code     0  startup_stm32u575xx.o(.text)
    PVD_PVM_IRQHandler                       0x08000269   Thumb Code     0  startup_stm32u575xx.o(.text)
    PWR_S3WU_IRQHandler                      0x08000269   Thumb Code     0  startup_stm32u575xx.o(.text)
    RAMCFG_IRQHandler                        0x08000269   Thumb Code     0  startup_stm32u575xx.o(.text)
    RCC_IRQHandler                           0x08000269   Thumb Code     0  startup_stm32u575xx.o(.text)
    RCC_S_IRQHandler                         0x08000269   Thumb Code     0  startup_stm32u575xx.o(.text)
    RNG_IRQHandler                           0x08000269   Thumb Code     0  startup_stm32u575xx.o(.text)
    RTC_IRQHandler                           0x08000269   Thumb Code     0  startup_stm32u575xx.o(.text)
    RTC_S_IRQHandler                         0x08000269   Thumb Code     0  startup_stm32u575xx.o(.text)
    SAI1_IRQHandler                          0x08000269   Thumb Code     0  startup_stm32u575xx.o(.text)
    SAI2_IRQHandler                          0x08000269   Thumb Code     0  startup_stm32u575xx.o(.text)
    SDMMC1_IRQHandler                        0x08000269   Thumb Code     0  startup_stm32u575xx.o(.text)
    SDMMC2_IRQHandler                        0x08000269   Thumb Code     0  startup_stm32u575xx.o(.text)
    SPI1_IRQHandler                          0x08000269   Thumb Code     0  startup_stm32u575xx.o(.text)
    SPI2_IRQHandler                          0x08000269   Thumb Code     0  startup_stm32u575xx.o(.text)
    SPI3_IRQHandler                          0x08000269   Thumb Code     0  startup_stm32u575xx.o(.text)
    TAMP_IRQHandler                          0x08000269   Thumb Code     0  startup_stm32u575xx.o(.text)
    TIM15_IRQHandler                         0x08000269   Thumb Code     0  startup_stm32u575xx.o(.text)
    TIM16_IRQHandler                         0x08000269   Thumb Code     0  startup_stm32u575xx.o(.text)
    TIM17_IRQHandler                         0x08000269   Thumb Code     0  startup_stm32u575xx.o(.text)
    TIM1_BRK_IRQHandler                      0x08000269   Thumb Code     0  startup_stm32u575xx.o(.text)
    TIM1_CC_IRQHandler                       0x08000269   Thumb Code     0  startup_stm32u575xx.o(.text)
    TIM1_TRG_COM_IRQHandler                  0x08000269   Thumb Code     0  startup_stm32u575xx.o(.text)
    TIM1_UP_IRQHandler                       0x08000269   Thumb Code     0  startup_stm32u575xx.o(.text)
    TIM2_IRQHandler                          0x08000269   Thumb Code     0  startup_stm32u575xx.o(.text)
    TIM3_IRQHandler                          0x08000269   Thumb Code     0  startup_stm32u575xx.o(.text)
    TIM4_IRQHandler                          0x08000269   Thumb Code     0  startup_stm32u575xx.o(.text)
    TIM5_IRQHandler                          0x08000269   Thumb Code     0  startup_stm32u575xx.o(.text)
    TIM6_IRQHandler                          0x08000269   Thumb Code     0  startup_stm32u575xx.o(.text)
    TIM7_IRQHandler                          0x08000269   Thumb Code     0  startup_stm32u575xx.o(.text)
    TIM8_BRK_IRQHandler                      0x08000269   Thumb Code     0  startup_stm32u575xx.o(.text)
    TIM8_CC_IRQHandler                       0x08000269   Thumb Code     0  startup_stm32u575xx.o(.text)
    TIM8_TRG_COM_IRQHandler                  0x08000269   Thumb Code     0  startup_stm32u575xx.o(.text)
    TIM8_UP_IRQHandler                       0x08000269   Thumb Code     0  startup_stm32u575xx.o(.text)
    TSC_IRQHandler                           0x08000269   Thumb Code     0  startup_stm32u575xx.o(.text)
    UART4_IRQHandler                         0x08000269   Thumb Code     0  startup_stm32u575xx.o(.text)
    UART5_IRQHandler                         0x08000269   Thumb Code     0  startup_stm32u575xx.o(.text)
    UCPD1_IRQHandler                         0x08000269   Thumb Code     0  startup_stm32u575xx.o(.text)
    USART2_IRQHandler                        0x08000269   Thumb Code     0  startup_stm32u575xx.o(.text)
    USART3_IRQHandler                        0x08000269   Thumb Code     0  startup_stm32u575xx.o(.text)
    WWDG_IRQHandler                          0x08000269   Thumb Code     0  startup_stm32u575xx.o(.text)
    __aeabi_uldivmod                         0x08000275   Thumb Code    98  uldiv.o(.text)
    __aeabi_memset                           0x080002d7   Thumb Code    14  memseta.o(.text)
    __aeabi_memset4                          0x080002d7   Thumb Code     0  memseta.o(.text)
    __aeabi_memset8                          0x080002d7   Thumb Code     0  memseta.o(.text)
    __aeabi_memclr                           0x080002e5   Thumb Code     4  memseta.o(.text)
    __aeabi_memclr4                          0x080002e5   Thumb Code     0  memseta.o(.text)
    __aeabi_memclr8                          0x080002e5   Thumb Code     0  memseta.o(.text)
    _memset$wrapper                          0x080002e9   Thumb Code    18  memseta.o(.text)
    __aeabi_llsl                             0x080002fb   Thumb Code    30  llshl.o(.text)
    _ll_shift_l                              0x080002fb   Thumb Code     0  llshl.o(.text)
    __aeabi_llsr                             0x08000319   Thumb Code    32  llushr.o(.text)
    _ll_ushift_r                             0x08000319   Thumb Code     0  llushr.o(.text)
    __scatterload                            0x08000339   Thumb Code    38  init.o(.text)
    __scatterload_rt2                        0x08000339   Thumb Code     0  init.o(.text)
    BusFault_Handler                         0x08000369   Thumb Code     2  stm32u5xx_it.o(.text.BusFault_Handler)
    DebugMon_Handler                         0x0800036d   Thumb Code     2  stm32u5xx_it.o(.text.DebugMon_Handler)
    Error_Handler                            0x08000371   Thumb Code     6  main.o(.text.Error_Handler)
    HAL_DMA_Abort                            0x08000379   Thumb Code   168  stm32u5xx_hal_dma.o(.text.HAL_DMA_Abort)
    HAL_DMA_Abort_IT                         0x08000421   Thumb Code    40  stm32u5xx_hal_dma.o(.text.HAL_DMA_Abort_IT)
    HAL_Delay                                0x08000449   Thumb Code    40  stm32u5xx_hal.o(.text.HAL_Delay)
    HAL_GPIO_Init                            0x08000471   Thumb Code   578  stm32u5xx_hal_gpio.o(.text.HAL_GPIO_Init)
    HAL_GetTick                              0x080006b5   Thumb Code    12  stm32u5xx_hal.o(.text.HAL_GetTick)
    HAL_IncTick                              0x080006c1   Thumb Code    26  stm32u5xx_hal.o(.text.HAL_IncTick)
    HAL_Init                                 0x080006dd   Thumb Code    92  stm32u5xx_hal.o(.text.HAL_Init)
    HAL_InitTick                             0x08000739   Thumb Code   168  stm32u5xx_hal.o(.text.HAL_InitTick)
    HAL_MspInit                              0x080007e1   Thumb Code    32  stm32u5xx_hal_msp.o(.text.HAL_MspInit)
    HAL_NVIC_EnableIRQ                       0x08000801   Thumb Code    34  stm32u5xx_hal_cortex.o(.text.HAL_NVIC_EnableIRQ)
    HAL_NVIC_SetPriority                     0x08000825   Thumb Code    86  stm32u5xx_hal_cortex.o(.text.HAL_NVIC_SetPriority)
    HAL_NVIC_SetPriorityGrouping             0x0800087d   Thumb Code    32  stm32u5xx_hal_cortex.o(.text.HAL_NVIC_SetPriorityGrouping)
    HAL_PWREx_ControlVoltageScaling          0x0800089d   Thumb Code   250  stm32u5xx_hal_pwr_ex.o(.text.HAL_PWREx_ControlVoltageScaling)
    HAL_PWREx_GetVoltageRange                0x08000999   Thumb Code    16  stm32u5xx_hal_pwr_ex.o(.text.HAL_PWREx_GetVoltageRange)
    HAL_RCCEx_GetPLL1ClockFreq               0x080009a9   Thumb Code   380  stm32u5xx_hal_rcc_ex.o(.text.HAL_RCCEx_GetPLL1ClockFreq)
    HAL_RCCEx_GetPLL2ClockFreq               0x08000b2d   Thumb Code   380  stm32u5xx_hal_rcc_ex.o(.text.HAL_RCCEx_GetPLL2ClockFreq)
    HAL_RCCEx_GetPLL3ClockFreq               0x08000cb1   Thumb Code   380  stm32u5xx_hal_rcc_ex.o(.text.HAL_RCCEx_GetPLL3ClockFreq)
    HAL_RCCEx_GetPeriphCLKFreq               0x08000e35   Thumb Code  2278  stm32u5xx_hal_rcc_ex.o(.text.HAL_RCCEx_GetPeriphCLKFreq)
    HAL_RCCEx_PeriphCLKConfig                0x0800171d   Thumb Code  1458  stm32u5xx_hal_rcc_ex.o(.text.HAL_RCCEx_PeriphCLKConfig)
    HAL_RCC_ClockConfig                      0x08001cd1   Thumb Code   762  stm32u5xx_hal_rcc.o(.text.HAL_RCC_ClockConfig)
    HAL_RCC_GetHCLKFreq                      0x08001fcd   Thumb Code    44  stm32u5xx_hal_rcc.o(.text.HAL_RCC_GetHCLKFreq)
    HAL_RCC_GetPCLK1Freq                     0x08001ff9   Thumb Code    62  stm32u5xx_hal_rcc.o(.text.HAL_RCC_GetPCLK1Freq)
    HAL_RCC_GetPCLK2Freq                     0x08002039   Thumb Code    62  stm32u5xx_hal_rcc.o(.text.HAL_RCC_GetPCLK2Freq)
    HAL_RCC_GetPCLK3Freq                     0x08002079   Thumb Code    62  stm32u5xx_hal_rcc.o(.text.HAL_RCC_GetPCLK3Freq)
    HAL_RCC_GetSysClockFreq                  0x080020b9   Thumb Code   252  stm32u5xx_hal_rcc.o(.text.HAL_RCC_GetSysClockFreq)
    HAL_RCC_OscConfig                        0x080021c1   Thumb Code  2936  stm32u5xx_hal_rcc.o(.text.HAL_RCC_OscConfig)
    HAL_SYSTICK_CLKSourceConfig              0x08002d39   Thumb Code   118  stm32u5xx_hal_cortex.o(.text.HAL_SYSTICK_CLKSourceConfig)
    HAL_SYSTICK_Config                       0x08002db1   Thumb Code    36  stm32u5xx_hal_cortex.o(.text.HAL_SYSTICK_Config)
    HAL_SYSTICK_GetCLKSourceConfig           0x08002dd5   Thumb Code    40  stm32u5xx_hal_cortex.o(.text.HAL_SYSTICK_GetCLKSourceConfig)
    HAL_UARTEx_DisableFifoMode               0x08002e0d   Thumb Code    54  stm32u5xx_hal_uart_ex.o(.text.HAL_UARTEx_DisableFifoMode)
    HAL_UARTEx_RxEventCallback               0x08002e45   Thumb Code     2  stm32u5xx_hal_uart.o(.text.HAL_UARTEx_RxEventCallback)
    HAL_UARTEx_RxFifoFullCallback            0x08002e49   Thumb Code     2  stm32u5xx_hal_uart_ex.o(.text.HAL_UARTEx_RxFifoFullCallback)
    HAL_UARTEx_SetRxFifoThreshold            0x08002e4d   Thumb Code   140  stm32u5xx_hal_uart_ex.o(.text.HAL_UARTEx_SetRxFifoThreshold)
    HAL_UARTEx_SetTxFifoThreshold            0x08002ed9   Thumb Code   140  stm32u5xx_hal_uart_ex.o(.text.HAL_UARTEx_SetTxFifoThreshold)
    HAL_UARTEx_TxFifoEmptyCallback           0x08002f65   Thumb Code     2  stm32u5xx_hal_uart_ex.o(.text.HAL_UARTEx_TxFifoEmptyCallback)
    HAL_UART_ErrorCallback                   0x08002f69   Thumb Code     2  stm32u5xx_hal_uart.o(.text.HAL_UART_ErrorCallback)
    HAL_UART_IRQHandler                      0x08002f6d   Thumb Code  1436  stm32u5xx_hal_uart.o(.text.HAL_UART_IRQHandler)
    HAL_UART_Init                            0x08003509   Thumb Code   100  stm32u5xx_hal_uart.o(.text.HAL_UART_Init)
    HAL_UART_MspInit                         0x0800356d   Thumb Code   164  stm32u5xx_hal_msp.o(.text.HAL_UART_MspInit)
    HAL_UART_Receive_IT                      0x08003611   Thumb Code   194  stm32u5xx_hal_uart.o(.text.HAL_UART_Receive_IT)
    HAL_UART_RxCpltCallback                  0x080036d5   Thumb Code    42  main.o(.text.HAL_UART_RxCpltCallback)
    HAL_UART_Transmit                        0x08003701   Thumb Code   424  stm32u5xx_hal_uart.o(.text.HAL_UART_Transmit)
    HAL_UART_TxCpltCallback                  0x080038a9   Thumb Code     2  stm32u5xx_hal_uart.o(.text.HAL_UART_TxCpltCallback)
    HardFault_Handler                        0x080038ad   Thumb Code     2  stm32u5xx_it.o(.text.HardFault_Handler)
    MemManage_Handler                        0x080038b1   Thumb Code     2  stm32u5xx_it.o(.text.MemManage_Handler)
    NMI_Handler                              0x080038b5   Thumb Code     2  stm32u5xx_it.o(.text.NMI_Handler)
    PendSV_Handler                           0x080038b9   Thumb Code     2  stm32u5xx_it.o(.text.PendSV_Handler)
    SVC_Handler                              0x08003aa5   Thumb Code     2  stm32u5xx_it.o(.text.SVC_Handler)
    SysTick_Handler                          0x08003aa9   Thumb Code     4  stm32u5xx_it.o(.text.SysTick_Handler)
    SystemInit                               0x08003aad   Thumb Code    76  system_stm32u5xx.o(.text.SystemInit)
    UART_AdvFeatureConfig                    0x08003af9   Thumb Code   230  stm32u5xx_hal_uart.o(.text.UART_AdvFeatureConfig)
    UART_CheckIdleState                      0x08003be1   Thumb Code   362  stm32u5xx_hal_uart.o(.text.UART_CheckIdleState)
    UART_SetConfig                           0x08004721   Thumb Code   522  stm32u5xx_hal_uart.o(.text.UART_SetConfig)
    UART_Start_Receive_IT                    0x0800492d   Thumb Code   610  stm32u5xx_hal_uart.o(.text.UART_Start_Receive_IT)
    UART_WaitOnFlagUntilTimeout              0x08004b91   Thumb Code   818  stm32u5xx_hal_uart.o(.text.UART_WaitOnFlagUntilTimeout)
    USART1_IRQHandler                        0x08004ec5   Thumb Code    12  stm32u5xx_it.o(.text.USART1_IRQHandler)
    UsageFault_Handler                       0x08004ed1   Thumb Code     2  stm32u5xx_it.o(.text.UsageFault_Handler)
    fputc                                    0x08004ed5   Thumb Code    32  main.o(.text.fputc)
    main                                     0x08004ef5   Thumb Code   308  main.o(.text.main)
    __0printf$8                              0x08005055   Thumb Code    22  printf8.o(i.__0printf$8)
    __1printf$8                              0x08005055   Thumb Code     0  printf8.o(i.__0printf$8)
    __2printf                                0x08005055   Thumb Code     0  printf8.o(i.__0printf$8)
    __scatterload_copy                       0x08005075   Thumb Code    14  handlers.o(i.__scatterload_copy)
    __scatterload_null                       0x08005083   Thumb Code     2  handlers.o(i.__scatterload_null)
    __scatterload_zeroinit                   0x08005085   Thumb Code    14  handlers.o(i.__scatterload_zeroinit)
    puts                                     0x080054f9   Thumb Code    30  puts.o(i.puts)
    AHBPrescTable                            0x0800551c   Data          16  system_stm32u5xx.o(.rodata.AHBPrescTable)
    APBPrescTable                            0x0800552c   Data           8  system_stm32u5xx.o(.rodata.APBPrescTable)
    MSIRangeTable                            0x080055b4   Data          64  system_stm32u5xx.o(.rodata.MSIRangeTable)
    UARTPrescTable                           0x080055f4   Data          24  stm32u5xx_hal_uart.o(.rodata.UARTPrescTable)
    Region$$Table$$Base                      0x0800561c   Number         0  anon$$obj.o(Region$$Table)
    Region$$Table$$Limit                     0x0800563c   Number         0  anon$$obj.o(Region$$Table)
    __stdout                                 0x20000000   Data           4  stdout.o(.data)
    uwTickFreq                               0x20000004   Data           1  stm32u5xx_hal.o(.data..L_MergedGlobals)
    uwTickPrio                               0x20000008   Data           4  stm32u5xx_hal.o(.data..L_MergedGlobals)
    SystemCoreClock                          0x2000000c   Data           4  system_stm32u5xx.o(.data.SystemCoreClock)
    huart1                                   0x20000014   Data         148  main.o(.bss.huart1)
    uwTick                                   0x200000a8   Data           4  stm32u5xx_hal.o(.bss.uwTick)
    __initial_sp                             0x200004b0   Data           0  startup_stm32u575xx.o(STACK)



==============================================================================

Memory Map of the image

  Image Entry point : 0x08000239

  Load Region LR_IROM1 (Base: 0x08000000, Size: 0x00005650, Max: 0x00100000, ABSOLUTE)

    Execution Region ER_IROM1 (Exec base: 0x08000000, Load base: 0x08000000, Size: 0x0000563c, Max: 0x00100000, ABSOLUTE)

    Exec Addr    Load Addr    Size         Type   Attr      Idx    E Section Name        Object

    0x08000000   0x08000000   0x00000238   Data   RO            3    RESET               startup_stm32u575xx.o
    0x08000238   0x08000238   0x00000000   Code   RO          977  * .ARM.Collect$$$$00000000  mc_w.l(entry.o)
    0x08000238   0x08000238   0x00000004   Code   RO         1249    .ARM.Collect$$$$00000001  mc_w.l(entry2.o)
    0x0800023c   0x0800023c   0x00000004   Code   RO         1252    .ARM.Collect$$$$00000004  mc_w.l(entry5.o)
    0x08000240   0x08000240   0x00000000   Code   RO         1254    .ARM.Collect$$$$00000008  mc_w.l(entry7b.o)
    0x08000240   0x08000240   0x00000000   Code   RO         1256    .ARM.Collect$$$$0000000A  mc_w.l(entry8b.o)
    0x08000240   0x08000240   0x00000008   Code   RO         1257    .ARM.Collect$$$$0000000B  mc_w.l(entry9a.o)
    0x08000248   0x08000248   0x00000000   Code   RO         1259    .ARM.Collect$$$$0000000D  mc_w.l(entry10a.o)
    0x08000248   0x08000248   0x00000000   Code   RO         1261    .ARM.Collect$$$$0000000F  mc_w.l(entry11a.o)
    0x08000248   0x08000248   0x00000004   Code   RO         1250    .ARM.Collect$$$$00002712  mc_w.l(entry2.o)
    0x0800024c   0x0800024c   0x00000028   Code   RO            4    .text               startup_stm32u575xx.o
    0x08000274   0x08000274   0x00000062   Code   RO          984    .text               mc_w.l(uldiv.o)
    0x080002d6   0x080002d6   0x00000024   Code   RO          986    .text               mc_w.l(memseta.o)
    0x080002fa   0x080002fa   0x0000001e   Code   RO         1275    .text               mc_w.l(llshl.o)
    0x08000318   0x08000318   0x00000020   Code   RO         1277    .text               mc_w.l(llushr.o)
    0x08000338   0x08000338   0x00000030   Code   RO         1290    .text               mc_w.l(init.o)
    0x08000368   0x08000368   0x00000002   Code   RO           38    .text.BusFault_Handler  stm32u5xx_it.o
    0x0800036a   0x0800036a   0x00000002   PAD
    0x0800036c   0x0800036c   0x00000002   Code   RO           44    .text.DebugMon_Handler  stm32u5xx_it.o
    0x0800036e   0x0800036e   0x00000002   PAD
    0x08000370   0x08000370   0x00000006   Code   RO           17    .text.Error_Handler  main.o
    0x08000376   0x08000376   0x00000002   PAD
    0x08000378   0x08000378   0x000000a8   Code   RO          455    .text.HAL_DMA_Abort  stm32u5xx_hal_dma.o
    0x08000420   0x08000420   0x00000028   Code   RO          457    .text.HAL_DMA_Abort_IT  stm32u5xx_hal_dma.o
    0x08000448   0x08000448   0x00000028   Code   RO          147    .text.HAL_Delay     stm32u5xx_hal.o
    0x08000470   0x08000470   0x00000242   Code   RO          414    .text.HAL_GPIO_Init  stm32u5xx_hal_gpio.o
    0x080006b2   0x080006b2   0x00000002   PAD
    0x080006b4   0x080006b4   0x0000000c   Code   RO          139    .text.HAL_GetTick   stm32u5xx_hal.o
    0x080006c0   0x080006c0   0x0000001a   Code   RO          137    .text.HAL_IncTick   stm32u5xx_hal.o
    0x080006da   0x080006da   0x00000002   PAD
    0x080006dc   0x080006dc   0x0000005c   Code   RO          127    .text.HAL_Init      stm32u5xx_hal.o
    0x08000738   0x08000738   0x000000a8   Code   RO          129    .text.HAL_InitTick  stm32u5xx_hal.o
    0x080007e0   0x080007e0   0x00000020   Code   RO           59    .text.HAL_MspInit   stm32u5xx_hal_msp.o
    0x08000800   0x08000800   0x00000022   Code   RO           77    .text.HAL_NVIC_EnableIRQ  stm32u5xx_hal_cortex.o
    0x08000822   0x08000822   0x00000002   PAD
    0x08000824   0x08000824   0x00000056   Code   RO           75    .text.HAL_NVIC_SetPriority  stm32u5xx_hal_cortex.o
    0x0800087a   0x0800087a   0x00000002   PAD
    0x0800087c   0x0800087c   0x00000020   Code   RO           73    .text.HAL_NVIC_SetPriorityGrouping  stm32u5xx_hal_cortex.o
    0x0800089c   0x0800089c   0x000000fa   Code   RO          642    .text.HAL_PWREx_ControlVoltageScaling  stm32u5xx_hal_pwr_ex.o
    0x08000996   0x08000996   0x00000002   PAD
    0x08000998   0x08000998   0x00000010   Code   RO          644    .text.HAL_PWREx_GetVoltageRange  stm32u5xx_hal_pwr_ex.o
    0x080009a8   0x080009a8   0x00000184   Code   RO          265    .text.HAL_RCCEx_GetPLL1ClockFreq  stm32u5xx_hal_rcc_ex.o
    0x08000b2c   0x08000b2c   0x00000184   Code   RO          267    .text.HAL_RCCEx_GetPLL2ClockFreq  stm32u5xx_hal_rcc_ex.o
    0x08000cb0   0x08000cb0   0x00000184   Code   RO          269    .text.HAL_RCCEx_GetPLL3ClockFreq  stm32u5xx_hal_rcc_ex.o
    0x08000e34   0x08000e34   0x000008e6   Code   RO          271    .text.HAL_RCCEx_GetPeriphCLKFreq  stm32u5xx_hal_rcc_ex.o
    0x0800171a   0x0800171a   0x00000002   PAD
    0x0800171c   0x0800171c   0x000005b2   Code   RO          257    .text.HAL_RCCEx_PeriphCLKConfig  stm32u5xx_hal_rcc_ex.o
    0x08001cce   0x08001cce   0x00000002   PAD
    0x08001cd0   0x08001cd0   0x000002fa   Code   RO          221    .text.HAL_RCC_ClockConfig  stm32u5xx_hal_rcc.o
    0x08001fca   0x08001fca   0x00000002   PAD
    0x08001fcc   0x08001fcc   0x0000002c   Code   RO          219    .text.HAL_RCC_GetHCLKFreq  stm32u5xx_hal_rcc.o
    0x08001ff8   0x08001ff8   0x0000003e   Code   RO          227    .text.HAL_RCC_GetPCLK1Freq  stm32u5xx_hal_rcc.o
    0x08002036   0x08002036   0x00000002   PAD
    0x08002038   0x08002038   0x0000003e   Code   RO          229    .text.HAL_RCC_GetPCLK2Freq  stm32u5xx_hal_rcc.o
    0x08002076   0x08002076   0x00000002   PAD
    0x08002078   0x08002078   0x0000003e   Code   RO          231    .text.HAL_RCC_GetPCLK3Freq  stm32u5xx_hal_rcc.o
    0x080020b6   0x080020b6   0x00000002   PAD
    0x080020b8   0x080020b8   0x00000108   Code   RO          223    .text.HAL_RCC_GetSysClockFreq  stm32u5xx_hal_rcc.o
    0x080021c0   0x080021c0   0x00000b78   Code   RO          217    .text.HAL_RCC_OscConfig  stm32u5xx_hal_rcc.o
    0x08002d38   0x08002d38   0x00000076   Code   RO           99    .text.HAL_SYSTICK_CLKSourceConfig  stm32u5xx_hal_cortex.o
    0x08002dae   0x08002dae   0x00000002   PAD
    0x08002db0   0x08002db0   0x00000024   Code   RO           85    .text.HAL_SYSTICK_Config  stm32u5xx_hal_cortex.o
    0x08002dd4   0x08002dd4   0x00000038   Code   RO          101    .text.HAL_SYSTICK_GetCLKSourceConfig  stm32u5xx_hal_cortex.o
    0x08002e0c   0x08002e0c   0x00000036   Code   RO          933    .text.HAL_UARTEx_DisableFifoMode  stm32u5xx_hal_uart_ex.o
    0x08002e42   0x08002e42   0x00000002   PAD
    0x08002e44   0x08002e44   0x00000002   Code   RO          864    .text.HAL_UARTEx_RxEventCallback  stm32u5xx_hal_uart.o
    0x08002e46   0x08002e46   0x00000002   PAD
    0x08002e48   0x08002e48   0x00000002   Code   RO          919    .text.HAL_UARTEx_RxFifoFullCallback  stm32u5xx_hal_uart_ex.o
    0x08002e4a   0x08002e4a   0x00000002   PAD
    0x08002e4c   0x08002e4c   0x0000008c   Code   RO          937    .text.HAL_UARTEx_SetRxFifoThreshold  stm32u5xx_hal_uart_ex.o
    0x08002ed8   0x08002ed8   0x0000008c   Code   RO          935    .text.HAL_UARTEx_SetTxFifoThreshold  stm32u5xx_hal_uart_ex.o
    0x08002f64   0x08002f64   0x00000002   Code   RO          921    .text.HAL_UARTEx_TxFifoEmptyCallback  stm32u5xx_hal_uart_ex.o
    0x08002f66   0x08002f66   0x00000002   PAD
    0x08002f68   0x08002f68   0x00000002   Code   RO          862    .text.HAL_UART_ErrorCallback  stm32u5xx_hal_uart.o
    0x08002f6a   0x08002f6a   0x00000002   PAD
    0x08002f6c   0x08002f6c   0x0000059c   Code   RO          858    .text.HAL_UART_IRQHandler  stm32u5xx_hal_uart.o
    0x08003508   0x08003508   0x00000064   Code   RO          774    .text.HAL_UART_Init  stm32u5xx_hal_uart.o
    0x0800356c   0x0800356c   0x000000a4   Code   RO           61    .text.HAL_UART_MspInit  stm32u5xx_hal_msp.o
    0x08003610   0x08003610   0x000000c2   Code   RO          810    .text.HAL_UART_Receive_IT  stm32u5xx_hal_uart.o
    0x080036d2   0x080036d2   0x00000002   PAD
    0x080036d4   0x080036d4   0x0000002a   Code   RO           19    .text.HAL_UART_RxCpltCallback  main.o
    0x080036fe   0x080036fe   0x00000002   PAD
    0x08003700   0x08003700   0x000001a8   Code   RO          794    .text.HAL_UART_Transmit  stm32u5xx_hal_uart.o
    0x080038a8   0x080038a8   0x00000002   Code   RO          866    .text.HAL_UART_TxCpltCallback  stm32u5xx_hal_uart.o
    0x080038aa   0x080038aa   0x00000002   PAD
    0x080038ac   0x080038ac   0x00000002   Code   RO           34    .text.HardFault_Handler  stm32u5xx_it.o
    0x080038ae   0x080038ae   0x00000002   PAD
    0x080038b0   0x080038b0   0x00000002   Code   RO           36    .text.MemManage_Handler  stm32u5xx_it.o
    0x080038b2   0x080038b2   0x00000002   PAD
    0x080038b4   0x080038b4   0x00000002   Code   RO           32    .text.NMI_Handler   stm32u5xx_it.o
    0x080038b6   0x080038b6   0x00000002   PAD
    0x080038b8   0x080038b8   0x00000002   Code   RO           46    .text.PendSV_Handler  stm32u5xx_it.o
    0x080038ba   0x080038ba   0x00000002   PAD
    0x080038bc   0x080038bc   0x000000f2   Code   RO          259    .text.RCCEx_PLL2_Config  stm32u5xx_hal_rcc_ex.o
    0x080039ae   0x080039ae   0x00000002   PAD
    0x080039b0   0x080039b0   0x000000f2   Code   RO          261    .text.RCCEx_PLL3_Config  stm32u5xx_hal_rcc_ex.o
    0x08003aa2   0x08003aa2   0x00000002   PAD
    0x08003aa4   0x08003aa4   0x00000002   Code   RO           42    .text.SVC_Handler   stm32u5xx_it.o
    0x08003aa6   0x08003aa6   0x00000002   PAD
    0x08003aa8   0x08003aa8   0x00000004   Code   RO           48    .text.SysTick_Handler  stm32u5xx_it.o
    0x08003aac   0x08003aac   0x0000004c   Code   RO          962    .text.SystemInit    system_stm32u5xx.o
    0x08003af8   0x08003af8   0x000000e6   Code   RO          778    .text.UART_AdvFeatureConfig  stm32u5xx_hal_uart.o
    0x08003bde   0x08003bde   0x00000002   PAD
    0x08003be0   0x08003be0   0x0000016a   Code   RO          782    .text.UART_CheckIdleState  stm32u5xx_hal_uart.o
    0x08003d4a   0x08003d4a   0x00000002   PAD
    0x08003d4c   0x08003d4c   0x0000000c   Code   RO          860    .text.UART_DMAAbortOnError  stm32u5xx_hal_uart.o
    0x08003d58   0x08003d58   0x000001ba   Code   RO          900    .text.UART_RxISR_16BIT  stm32u5xx_hal_uart.o
    0x08003f12   0x08003f12   0x00000002   PAD
    0x08003f14   0x08003f14   0x00000324   Code   RO          896    .text.UART_RxISR_16BIT_FIFOEN  stm32u5xx_hal_uart.o
    0x08004238   0x08004238   0x000001be   Code   RO          902    .text.UART_RxISR_8BIT  stm32u5xx_hal_uart.o
    0x080043f6   0x080043f6   0x00000002   PAD
    0x080043f8   0x080043f8   0x00000328   Code   RO          898    .text.UART_RxISR_8BIT_FIFOEN  stm32u5xx_hal_uart.o
    0x08004720   0x08004720   0x0000020a   Code   RO          780    .text.UART_SetConfig  stm32u5xx_hal_uart.o
    0x0800492a   0x0800492a   0x00000002   PAD
    0x0800492c   0x0800492c   0x00000262   Code   RO          812    .text.UART_Start_Receive_IT  stm32u5xx_hal_uart.o
    0x08004b8e   0x08004b8e   0x00000002   PAD
    0x08004b90   0x08004b90   0x00000332   Code   RO          796    .text.UART_WaitOnFlagUntilTimeout  stm32u5xx_hal_uart.o
    0x08004ec2   0x08004ec2   0x00000002   PAD
    0x08004ec4   0x08004ec4   0x0000000c   Code   RO           50    .text.USART1_IRQHandler  stm32u5xx_it.o
    0x08004ed0   0x08004ed0   0x00000002   Code   RO           40    .text.UsageFault_Handler  stm32u5xx_it.o
    0x08004ed2   0x08004ed2   0x00000002   PAD
    0x08004ed4   0x08004ed4   0x00000020   Code   RO           11    .text.fputc         main.o
    0x08004ef4   0x08004ef4   0x00000160   Code   RO           13    .text.main          main.o
    0x08005054   0x08005054   0x00000020   Code   RO         1195    i.__0printf$8       mc_w.l(printf8.o)
    0x08005074   0x08005074   0x0000000e   Code   RO         1298    i.__scatterload_copy  mc_w.l(handlers.o)
    0x08005082   0x08005082   0x00000002   Code   RO         1299    i.__scatterload_null  mc_w.l(handlers.o)
    0x08005084   0x08005084   0x0000000e   Code   RO         1300    i.__scatterload_zeroinit  mc_w.l(handlers.o)
    0x08005092   0x08005092   0x00000002   PAD
    0x08005094   0x08005094   0x00000410   Code   RO         1202    i._printf_core      mc_w.l(printf8.o)
    0x080054a4   0x080054a4   0x00000024   Code   RO         1203    i._printf_post_padding  mc_w.l(printf8.o)
    0x080054c8   0x080054c8   0x0000002e   Code   RO         1204    i._printf_pre_padding  mc_w.l(printf8.o)
    0x080054f6   0x080054f6   0x00000002   PAD
    0x080054f8   0x080054f8   0x00000024   Code   RO          980    i.puts              mc_w.l(puts.o)
    0x0800551c   0x0800551c   0x00000010   Data   RO          967    .rodata.AHBPrescTable  system_stm32u5xx.o
    0x0800552c   0x0800552c   0x00000008   Data   RO          968    .rodata.APBPrescTable  system_stm32u5xx.o
    0x08005534   0x08005534   0x00000080   Data   RO          438    .rodata.LPGPIO_Map  stm32u5xx_hal_gpio.o
    0x080055b4   0x080055b4   0x00000040   Data   RO          969    .rodata.MSIRangeTable  system_stm32u5xx.o
    0x080055f4   0x080055f4   0x00000018   Data   RO          908    .rodata.UARTPrescTable  stm32u5xx_hal_uart.o
    0x0800560c   0x0800560c   0x00000010   Data   RO          953    .rodata.cst8        stm32u5xx_hal_uart_ex.o
    0x0800561c   0x0800561c   0x00000020   Data   RO         1297    Region$$Table       anon$$obj.o


    Execution Region RW_IRAM1 (Exec base: 0x20000000, Load base: 0x08005640, Size: 0x000004b0, Max: 0x000c0000, ABSOLUTE)

    Exec Addr    Load Addr    Size         Type   Attr      Idx    E Section Name        Object

    0x20000000   0x08005640   0x00000004   Data   RW         1263    .data               mc_w.l(stdout.o)
    0x20000004   0x08005644   0x00000008   Data   RW          204    .data..L_MergedGlobals  stm32u5xx_hal.o
    0x2000000c   0x0800564c   0x00000004   Data   RW          966    .data.SystemCoreClock  system_stm32u5xx.o
    0x20000010        -       0x00000002   Zero   RW           23    .bss..L_MergedGlobals  main.o
    0x20000012   0x08005650   0x00000002   PAD
    0x20000014        -       0x00000094   Zero   RW           21    .bss.huart1         main.o
    0x200000a8        -       0x00000004   Zero   RW          203    .bss.uwTick         stm32u5xx_hal.o
    0x200000ac   0x08005650   0x00000004   PAD
    0x200000b0        -       0x00000400   Zero   RW            1    STACK               startup_stm32u575xx.o


==============================================================================

Image component sizes


      Code (inc. data)   RO Data    RW Data    ZI Data      Debug   Object Name

       432         44          0          0        150       9736   main.o
        40         10        568          0       1024        880   startup_stm32u575xx.o
       338          0          0          8          4      12332   stm32u5xx_hal.o
       362         22          0          0          0      14438   stm32u5xx_hal_cortex.o
       208          0          0          0          0      11437   stm32u5xx_hal_dma.o
       578          0        128          0          0       7084   stm32u5xx_hal_gpio.o
       196          0          0          0          0      11345   stm32u5xx_hal_msp.o
       266          0          0          0          0      14261   stm32u5xx_hal_pwr_ex.o
      4192         12          0          0          0      16168   stm32u5xx_hal_rcc.o
      5384        308          0          0          0      22336   stm32u5xx_hal_rcc_ex.o
      7214          0         24          0          0      40014   stm32u5xx_hal_uart.o
       338          0         16          0          0      12791   stm32u5xx_hal_uart_ex.o
        32          0          0          0          0       5308   stm32u5xx_it.o
        76          0         88          4          0       4476   system_stm32u5xx.o

    ----------------------------------------------------------------------
     19732        396        856         12       1184     182606   Object Totals
         0          0         32          0          0          0   (incl. Generated)
        76          0          0          0          6          0   (incl. Padding)

    ----------------------------------------------------------------------

      Code (inc. data)   RO Data    RW Data    ZI Data      Debug   Library Member Name

         0          0          0          0          0          0   entry.o
         0          0          0          0          0          0   entry10a.o
         0          0          0          0          0          0   entry11a.o
         8          4          0          0          0          0   entry2.o
         4          0          0          0          0          0   entry5.o
         0          0          0          0          0          0   entry7b.o
         0          0          0          0          0          0   entry8b.o
         8          4          0          0          0          0   entry9a.o
        30          0          0          0          0          0   handlers.o
        48         10          0          0          0         68   init.o
        30          0          0          0          0         68   llshl.o
        32          0          0          0          0         68   llushr.o
        36          0          0          0          0        108   memseta.o
      1154         54          0          0          0        352   printf8.o
        36          6          0          0          0         80   puts.o
         0          0          0          4          0          0   stdout.o
        98          0          0          0          0         92   uldiv.o

    ----------------------------------------------------------------------
      1488         78          0          4          0        836   Library Totals
         4          0          0          0          0          0   (incl. Padding)

    ----------------------------------------------------------------------

      Code (inc. data)   RO Data    RW Data    ZI Data      Debug   Library Name

      1484         78          0          4          0        836   mc_w.l

    ----------------------------------------------------------------------
      1488         78          0          4          0        836   Library Totals

    ----------------------------------------------------------------------

==============================================================================


      Code (inc. data)   RO Data    RW Data    ZI Data      Debug   

     21220        474        856         16       1184     183042   Grand Totals
     21220        474        856         16       1184     183042   ELF Image Totals
     21220        474        856         16          0          0   ROM Totals

==============================================================================

    Total RO  Size (Code + RO Data)                22076 (  21.56kB)
    Total RW  Size (RW Data + ZI Data)              1200 (   1.17kB)
    Total ROM Size (Code + RO Data + RW Data)      22092 (  21.57kB)

==============================================================================

