<!doctype html public "-//w3c//dtd html 4.0 transitional//en">
<html><head>
<title>Static Call Graph - [Usart_02\Usart_02.axf]</title></head>
<body><HR>
<H1>Static Call Graph for image Usart_02\Usart_02.axf</H1><HR>
<BR><P>#&#060CALLGRAPH&#062# ARM Linker, 6240002: Last Updated: Tue Mar 31 11:00:40 2026
<BR><P>
<H3>Maximum Stack Usage =        424 bytes + Unknown(Cycles, Untraceable Function Pointers)</H3><H3>
Call chain for Maximum Stack Depth:</H3>
main &rArr; HAL_UART_Init &rArr; HAL_UART_MspInit &rArr; HAL_RCCEx_PeriphCLKConfig &rArr; RCCEx_PLL3_Config
<P>
<H3>
Mutually Recursive functions
</H3> <LI><a href="#[6]">SecureFault_Handler</a>&nbsp;&nbsp;&nbsp;&rArr;&nbsp;&nbsp;&nbsp;<a href="#[6]">SecureFault_Handler</a><BR>
 <LI><a href="#[2f]">ADC1_IRQHandler</a>&nbsp;&nbsp;&nbsp;&rArr;&nbsp;&nbsp;&nbsp;<a href="#[2f]">ADC1_IRQHandler</a><BR>
 <LI><a href="#[4]">BusFault_Handler</a>&nbsp;&nbsp;&nbsp;&rArr;&nbsp;&nbsp;&nbsp;<a href="#[4]">BusFault_Handler</a><BR>
 <LI><a href="#[2]">HardFault_Handler</a>&nbsp;&nbsp;&nbsp;&rArr;&nbsp;&nbsp;&nbsp;<a href="#[2]">HardFault_Handler</a><BR>
 <LI><a href="#[3]">MemManage_Handler</a>&nbsp;&nbsp;&nbsp;&rArr;&nbsp;&nbsp;&nbsp;<a href="#[3]">MemManage_Handler</a><BR>
 <LI><a href="#[1]">NMI_Handler</a>&nbsp;&nbsp;&nbsp;&rArr;&nbsp;&nbsp;&nbsp;<a href="#[1]">NMI_Handler</a><BR>
 <LI><a href="#[5]">UsageFault_Handler</a>&nbsp;&nbsp;&nbsp;&rArr;&nbsp;&nbsp;&nbsp;<a href="#[5]">UsageFault_Handler</a><BR>
</UL>
<P>
<H3>
Function Pointers
</H3><UL>
 <LI><a href="#[2f]">ADC1_IRQHandler</a> from startup_stm32u575xx.o(.text) referenced from startup_stm32u575xx.o(RESET)
 <LI><a href="#[77]">ADC4_IRQHandler</a> from startup_stm32u575xx.o(.text) referenced from startup_stm32u575xx.o(RESET)
 <LI><a href="#[76]">ADF1_IRQHandler</a> from startup_stm32u575xx.o(.text) referenced from startup_stm32u575xx.o(RESET)
 <LI><a href="#[4]">BusFault_Handler</a> from stm32u5xx_it.o(.text.BusFault_Handler) referenced from startup_stm32u575xx.o(RESET)
 <LI><a href="#[52]">COMP_IRQHandler</a> from startup_stm32u575xx.o(.text) referenced from startup_stm32u575xx.o(RESET)
 <LI><a href="#[81]">CORDIC_IRQHandler</a> from startup_stm32u575xx.o(.text) referenced from startup_stm32u575xx.o(RESET)
 <LI><a href="#[54]">CRS_IRQHandler</a> from startup_stm32u575xx.o(.text) referenced from startup_stm32u575xx.o(RESET)
 <LI><a href="#[30]">DAC1_IRQHandler</a> from startup_stm32u575xx.o(.text) referenced from startup_stm32u575xx.o(RESET)
 <LI><a href="#[75]">DCACHE1_IRQHandler</a> from startup_stm32u575xx.o(.text) referenced from startup_stm32u575xx.o(RESET)
 <LI><a href="#[7d]">DCMI_PSSI_IRQHandler</a> from startup_stm32u575xx.o(.text) referenced from startup_stm32u575xx.o(RESET)
 <LI><a href="#[7c]">DMA2D_IRQHandler</a> from startup_stm32u575xx.o(.text) referenced from startup_stm32u575xx.o(RESET)
 <LI><a href="#[8]">DebugMon_Handler</a> from stm32u5xx_it.o(.text.DebugMon_Handler) referenced from startup_stm32u575xx.o(RESET)
 <LI><a href="#[16]">EXTI0_IRQHandler</a> from startup_stm32u575xx.o(.text) referenced from startup_stm32u575xx.o(RESET)
 <LI><a href="#[20]">EXTI10_IRQHandler</a> from startup_stm32u575xx.o(.text) referenced from startup_stm32u575xx.o(RESET)
 <LI><a href="#[21]">EXTI11_IRQHandler</a> from startup_stm32u575xx.o(.text) referenced from startup_stm32u575xx.o(RESET)
 <LI><a href="#[22]">EXTI12_IRQHandler</a> from startup_stm32u575xx.o(.text) referenced from startup_stm32u575xx.o(RESET)
 <LI><a href="#[23]">EXTI13_IRQHandler</a> from startup_stm32u575xx.o(.text) referenced from startup_stm32u575xx.o(RESET)
 <LI><a href="#[24]">EXTI14_IRQHandler</a> from startup_stm32u575xx.o(.text) referenced from startup_stm32u575xx.o(RESET)
 <LI><a href="#[25]">EXTI15_IRQHandler</a> from startup_stm32u575xx.o(.text) referenced from startup_stm32u575xx.o(RESET)
 <LI><a href="#[17]">EXTI1_IRQHandler</a> from startup_stm32u575xx.o(.text) referenced from startup_stm32u575xx.o(RESET)
 <LI><a href="#[18]">EXTI2_IRQHandler</a> from startup_stm32u575xx.o(.text) referenced from startup_stm32u575xx.o(RESET)
 <LI><a href="#[19]">EXTI3_IRQHandler</a> from startup_stm32u575xx.o(.text) referenced from startup_stm32u575xx.o(RESET)
 <LI><a href="#[1a]">EXTI4_IRQHandler</a> from startup_stm32u575xx.o(.text) referenced from startup_stm32u575xx.o(RESET)
 <LI><a href="#[1b]">EXTI5_IRQHandler</a> from startup_stm32u575xx.o(.text) referenced from startup_stm32u575xx.o(RESET)
 <LI><a href="#[1c]">EXTI6_IRQHandler</a> from startup_stm32u575xx.o(.text) referenced from startup_stm32u575xx.o(RESET)
 <LI><a href="#[1d]">EXTI7_IRQHandler</a> from startup_stm32u575xx.o(.text) referenced from startup_stm32u575xx.o(RESET)
 <LI><a href="#[1e]">EXTI8_IRQHandler</a> from startup_stm32u575xx.o(.text) referenced from startup_stm32u575xx.o(RESET)
 <LI><a href="#[1f]">EXTI9_IRQHandler</a> from startup_stm32u575xx.o(.text) referenced from startup_stm32u575xx.o(RESET)
 <LI><a href="#[31]">FDCAN1_IT0_IRQHandler</a> from startup_stm32u575xx.o(.text) referenced from startup_stm32u575xx.o(RESET)
 <LI><a href="#[32]">FDCAN1_IT1_IRQHandler</a> from startup_stm32u575xx.o(.text) referenced from startup_stm32u575xx.o(RESET)
 <LI><a href="#[11]">FLASH_IRQHandler</a> from startup_stm32u575xx.o(.text) referenced from startup_stm32u575xx.o(RESET)
 <LI><a href="#[12]">FLASH_S_IRQHandler</a> from startup_stm32u575xx.o(.text) referenced from startup_stm32u575xx.o(RESET)
 <LI><a href="#[82]">FMAC_IRQHandler</a> from startup_stm32u575xx.o(.text) referenced from startup_stm32u575xx.o(RESET)
 <LI><a href="#[55]">FMC_IRQHandler</a> from startup_stm32u575xx.o(.text) referenced from startup_stm32u575xx.o(RESET)
 <LI><a href="#[68]">FPU_IRQHandler</a> from startup_stm32u575xx.o(.text) referenced from startup_stm32u575xx.o(RESET)
 <LI><a href="#[27]">GPDMA1_Channel0_IRQHandler</a> from startup_stm32u575xx.o(.text) referenced from startup_stm32u575xx.o(RESET)
 <LI><a href="#[5c]">GPDMA1_Channel10_IRQHandler</a> from startup_stm32u575xx.o(.text) referenced from startup_stm32u575xx.o(RESET)
 <LI><a href="#[5d]">GPDMA1_Channel11_IRQHandler</a> from startup_stm32u575xx.o(.text) referenced from startup_stm32u575xx.o(RESET)
 <LI><a href="#[5e]">GPDMA1_Channel12_IRQHandler</a> from startup_stm32u575xx.o(.text) referenced from startup_stm32u575xx.o(RESET)
 <LI><a href="#[5f]">GPDMA1_Channel13_IRQHandler</a> from startup_stm32u575xx.o(.text) referenced from startup_stm32u575xx.o(RESET)
 <LI><a href="#[60]">GPDMA1_Channel14_IRQHandler</a> from startup_stm32u575xx.o(.text) referenced from startup_stm32u575xx.o(RESET)
 <LI><a href="#[61]">GPDMA1_Channel15_IRQHandler</a> from startup_stm32u575xx.o(.text) referenced from startup_stm32u575xx.o(RESET)
 <LI><a href="#[28]">GPDMA1_Channel1_IRQHandler</a> from startup_stm32u575xx.o(.text) referenced from startup_stm32u575xx.o(RESET)
 <LI><a href="#[29]">GPDMA1_Channel2_IRQHandler</a> from startup_stm32u575xx.o(.text) referenced from startup_stm32u575xx.o(RESET)
 <LI><a href="#[2a]">GPDMA1_Channel3_IRQHandler</a> from startup_stm32u575xx.o(.text) referenced from startup_stm32u575xx.o(RESET)
 <LI><a href="#[2b]">GPDMA1_Channel4_IRQHandler</a> from startup_stm32u575xx.o(.text) referenced from startup_stm32u575xx.o(RESET)
 <LI><a href="#[2c]">GPDMA1_Channel5_IRQHandler</a> from startup_stm32u575xx.o(.text) referenced from startup_stm32u575xx.o(RESET)
 <LI><a href="#[2d]">GPDMA1_Channel6_IRQHandler</a> from startup_stm32u575xx.o(.text) referenced from startup_stm32u575xx.o(RESET)
 <LI><a href="#[2e]">GPDMA1_Channel7_IRQHandler</a> from startup_stm32u575xx.o(.text) referenced from startup_stm32u575xx.o(RESET)
 <LI><a href="#[5a]">GPDMA1_Channel8_IRQHandler</a> from startup_stm32u575xx.o(.text) referenced from startup_stm32u575xx.o(RESET)
 <LI><a href="#[5b]">GPDMA1_Channel9_IRQHandler</a> from startup_stm32u575xx.o(.text) referenced from startup_stm32u575xx.o(RESET)
 <LI><a href="#[13]">GTZC_IRQHandler</a> from startup_stm32u575xx.o(.text) referenced from startup_stm32u575xx.o(RESET)
 <LI><a href="#[69]">HASH_IRQHandler</a> from startup_stm32u575xx.o(.text) referenced from startup_stm32u575xx.o(RESET)
 <LI><a href="#[2]">HardFault_Handler</a> from stm32u5xx_it.o(.text.HardFault_Handler) referenced from startup_stm32u575xx.o(RESET)
 <LI><a href="#[42]">I2C1_ER_IRQHandler</a> from startup_stm32u575xx.o(.text) referenced from startup_stm32u575xx.o(RESET)
 <LI><a href="#[41]">I2C1_EV_IRQHandler</a> from startup_stm32u575xx.o(.text) referenced from startup_stm32u575xx.o(RESET)
 <LI><a href="#[44]">I2C2_ER_IRQHandler</a> from startup_stm32u575xx.o(.text) referenced from startup_stm32u575xx.o(RESET)
 <LI><a href="#[43]">I2C2_EV_IRQHandler</a> from startup_stm32u575xx.o(.text) referenced from startup_stm32u575xx.o(RESET)
 <LI><a href="#[63]">I2C3_ER_IRQHandler</a> from startup_stm32u575xx.o(.text) referenced from startup_stm32u575xx.o(RESET)
 <LI><a href="#[62]">I2C3_EV_IRQHandler</a> from startup_stm32u575xx.o(.text) referenced from startup_stm32u575xx.o(RESET)
 <LI><a href="#[6c]">I2C4_ER_IRQHandler</a> from startup_stm32u575xx.o(.text) referenced from startup_stm32u575xx.o(RESET)
 <LI><a href="#[6d]">I2C4_EV_IRQHandler</a> from startup_stm32u575xx.o(.text) referenced from startup_stm32u575xx.o(RESET)
 <LI><a href="#[73]">ICACHE_IRQHandler</a> from startup_stm32u575xx.o(.text) referenced from startup_stm32u575xx.o(RESET)
 <LI><a href="#[26]">IWDG_IRQHandler</a> from startup_stm32u575xx.o(.text) referenced from startup_stm32u575xx.o(RESET)
 <LI><a href="#[78]">LPDMA1_Channel0_IRQHandler</a> from startup_stm32u575xx.o(.text) referenced from startup_stm32u575xx.o(RESET)
 <LI><a href="#[79]">LPDMA1_Channel1_IRQHandler</a> from startup_stm32u575xx.o(.text) referenced from startup_stm32u575xx.o(RESET)
 <LI><a href="#[7a]">LPDMA1_Channel2_IRQHandler</a> from startup_stm32u575xx.o(.text) referenced from startup_stm32u575xx.o(RESET)
 <LI><a href="#[7b]">LPDMA1_Channel3_IRQHandler</a> from startup_stm32u575xx.o(.text) referenced from startup_stm32u575xx.o(RESET)
 <LI><a href="#[4d]">LPTIM1_IRQHandler</a> from startup_stm32u575xx.o(.text) referenced from startup_stm32u575xx.o(RESET)
 <LI><a href="#[4e]">LPTIM2_IRQHandler</a> from startup_stm32u575xx.o(.text) referenced from startup_stm32u575xx.o(RESET)
 <LI><a href="#[6a]">LPTIM3_IRQHandler</a> from startup_stm32u575xx.o(.text) referenced from startup_stm32u575xx.o(RESET)
 <LI><a href="#[74]">LPTIM4_IRQHandler</a> from startup_stm32u575xx.o(.text) referenced from startup_stm32u575xx.o(RESET)
 <LI><a href="#[4c]">LPUART1_IRQHandler</a> from startup_stm32u575xx.o(.text) referenced from startup_stm32u575xx.o(RESET)
 <LI><a href="#[83]">LSECSSD_IRQHandler</a> from startup_stm32u575xx.o(.text) referenced from startup_stm32u575xx.o(RESET)
 <LI><a href="#[6e]">MDF1_FLT0_IRQHandler</a> from startup_stm32u575xx.o(.text) referenced from startup_stm32u575xx.o(RESET)
 <LI><a href="#[6f]">MDF1_FLT1_IRQHandler</a> from startup_stm32u575xx.o(.text) referenced from startup_stm32u575xx.o(RESET)
 <LI><a href="#[70]">MDF1_FLT2_IRQHandler</a> from startup_stm32u575xx.o(.text) referenced from startup_stm32u575xx.o(RESET)
 <LI><a href="#[71]">MDF1_FLT3_IRQHandler</a> from startup_stm32u575xx.o(.text) referenced from startup_stm32u575xx.o(RESET)
 <LI><a href="#[7f]">MDF1_FLT4_IRQHandler</a> from startup_stm32u575xx.o(.text) referenced from startup_stm32u575xx.o(RESET)
 <LI><a href="#[80]">MDF1_FLT5_IRQHandler</a> from startup_stm32u575xx.o(.text) referenced from startup_stm32u575xx.o(RESET)
 <LI><a href="#[3]">MemManage_Handler</a> from stm32u5xx_it.o(.text.MemManage_Handler) referenced from startup_stm32u575xx.o(RESET)
 <LI><a href="#[1]">NMI_Handler</a> from stm32u5xx_it.o(.text.NMI_Handler) referenced from startup_stm32u575xx.o(RESET)
 <LI><a href="#[56]">OCTOSPI1_IRQHandler</a> from startup_stm32u575xx.o(.text) referenced from startup_stm32u575xx.o(RESET)
 <LI><a href="#[7e]">OCTOSPI2_IRQHandler</a> from startup_stm32u575xx.o(.text) referenced from startup_stm32u575xx.o(RESET)
 <LI><a href="#[53]">OTG_FS_IRQHandler</a> from startup_stm32u575xx.o(.text) referenced from startup_stm32u575xx.o(RESET)
 <LI><a href="#[c]">PVD_PVM_IRQHandler</a> from startup_stm32u575xx.o(.text) referenced from startup_stm32u575xx.o(RESET)
 <LI><a href="#[57]">PWR_S3WU_IRQHandler</a> from startup_stm32u575xx.o(.text) referenced from startup_stm32u575xx.o(RESET)
 <LI><a href="#[9]">PendSV_Handler</a> from stm32u5xx_it.o(.text.PendSV_Handler) referenced from startup_stm32u575xx.o(RESET)
 <LI><a href="#[10]">RAMCFG_IRQHandler</a> from startup_stm32u575xx.o(.text) referenced from startup_stm32u575xx.o(RESET)
 <LI><a href="#[14]">RCC_IRQHandler</a> from startup_stm32u575xx.o(.text) referenced from startup_stm32u575xx.o(RESET)
 <LI><a href="#[15]">RCC_S_IRQHandler</a> from startup_stm32u575xx.o(.text) referenced from startup_stm32u575xx.o(RESET)
 <LI><a href="#[67]">RNG_IRQHandler</a> from startup_stm32u575xx.o(.text) referenced from startup_stm32u575xx.o(RESET)
 <LI><a href="#[d]">RTC_IRQHandler</a> from startup_stm32u575xx.o(.text) referenced from startup_stm32u575xx.o(RESET)
 <LI><a href="#[e]">RTC_S_IRQHandler</a> from startup_stm32u575xx.o(.text) referenced from startup_stm32u575xx.o(RESET)
 <LI><a href="#[0]">Reset_Handler</a> from startup_stm32u575xx.o(.text) referenced from startup_stm32u575xx.o(RESET)
 <LI><a href="#[64]">SAI1_IRQHandler</a> from startup_stm32u575xx.o(.text) referenced from startup_stm32u575xx.o(RESET)
 <LI><a href="#[65]">SAI2_IRQHandler</a> from startup_stm32u575xx.o(.text) referenced from startup_stm32u575xx.o(RESET)
 <LI><a href="#[58]">SDMMC1_IRQHandler</a> from startup_stm32u575xx.o(.text) referenced from startup_stm32u575xx.o(RESET)
 <LI><a href="#[59]">SDMMC2_IRQHandler</a> from startup_stm32u575xx.o(.text) referenced from startup_stm32u575xx.o(RESET)
 <LI><a href="#[45]">SPI1_IRQHandler</a> from startup_stm32u575xx.o(.text) referenced from startup_stm32u575xx.o(RESET)
 <LI><a href="#[46]">SPI2_IRQHandler</a> from startup_stm32u575xx.o(.text) referenced from startup_stm32u575xx.o(RESET)
 <LI><a href="#[6b]">SPI3_IRQHandler</a> from startup_stm32u575xx.o(.text) referenced from startup_stm32u575xx.o(RESET)
 <LI><a href="#[7]">SVC_Handler</a> from stm32u5xx_it.o(.text.SVC_Handler) referenced from startup_stm32u575xx.o(RESET)
 <LI><a href="#[6]">SecureFault_Handler</a> from startup_stm32u575xx.o(.text) referenced from startup_stm32u575xx.o(RESET)
 <LI><a href="#[a]">SysTick_Handler</a> from stm32u5xx_it.o(.text.SysTick_Handler) referenced from startup_stm32u575xx.o(RESET)
 <LI><a href="#[85]">SystemInit</a> from system_stm32u5xx.o(.text.SystemInit) referenced from startup_stm32u575xx.o(.text)
 <LI><a href="#[f]">TAMP_IRQHandler</a> from startup_stm32u575xx.o(.text) referenced from startup_stm32u575xx.o(RESET)
 <LI><a href="#[4f]">TIM15_IRQHandler</a> from startup_stm32u575xx.o(.text) referenced from startup_stm32u575xx.o(RESET)
 <LI><a href="#[50]">TIM16_IRQHandler</a> from startup_stm32u575xx.o(.text) referenced from startup_stm32u575xx.o(RESET)
 <LI><a href="#[51]">TIM17_IRQHandler</a> from startup_stm32u575xx.o(.text) referenced from startup_stm32u575xx.o(RESET)
 <LI><a href="#[33]">TIM1_BRK_IRQHandler</a> from startup_stm32u575xx.o(.text) referenced from startup_stm32u575xx.o(RESET)
 <LI><a href="#[36]">TIM1_CC_IRQHandler</a> from startup_stm32u575xx.o(.text) referenced from startup_stm32u575xx.o(RESET)
 <LI><a href="#[35]">TIM1_TRG_COM_IRQHandler</a> from startup_stm32u575xx.o(.text) referenced from startup_stm32u575xx.o(RESET)
 <LI><a href="#[34]">TIM1_UP_IRQHandler</a> from startup_stm32u575xx.o(.text) referenced from startup_stm32u575xx.o(RESET)
 <LI><a href="#[37]">TIM2_IRQHandler</a> from startup_stm32u575xx.o(.text) referenced from startup_stm32u575xx.o(RESET)
 <LI><a href="#[38]">TIM3_IRQHandler</a> from startup_stm32u575xx.o(.text) referenced from startup_stm32u575xx.o(RESET)
 <LI><a href="#[39]">TIM4_IRQHandler</a> from startup_stm32u575xx.o(.text) referenced from startup_stm32u575xx.o(RESET)
 <LI><a href="#[3a]">TIM5_IRQHandler</a> from startup_stm32u575xx.o(.text) referenced from startup_stm32u575xx.o(RESET)
 <LI><a href="#[3b]">TIM6_IRQHandler</a> from startup_stm32u575xx.o(.text) referenced from startup_stm32u575xx.o(RESET)
 <LI><a href="#[3c]">TIM7_IRQHandler</a> from startup_stm32u575xx.o(.text) referenced from startup_stm32u575xx.o(RESET)
 <LI><a href="#[3d]">TIM8_BRK_IRQHandler</a> from startup_stm32u575xx.o(.text) referenced from startup_stm32u575xx.o(RESET)
 <LI><a href="#[40]">TIM8_CC_IRQHandler</a> from startup_stm32u575xx.o(.text) referenced from startup_stm32u575xx.o(RESET)
 <LI><a href="#[3f]">TIM8_TRG_COM_IRQHandler</a> from startup_stm32u575xx.o(.text) referenced from startup_stm32u575xx.o(RESET)
 <LI><a href="#[3e]">TIM8_UP_IRQHandler</a> from startup_stm32u575xx.o(.text) referenced from startup_stm32u575xx.o(RESET)
 <LI><a href="#[66]">TSC_IRQHandler</a> from startup_stm32u575xx.o(.text) referenced from startup_stm32u575xx.o(RESET)
 <LI><a href="#[4a]">UART4_IRQHandler</a> from startup_stm32u575xx.o(.text) referenced from startup_stm32u575xx.o(RESET)
 <LI><a href="#[4b]">UART5_IRQHandler</a> from startup_stm32u575xx.o(.text) referenced from startup_stm32u575xx.o(RESET)
 <LI><a href="#[87]">UART_DMAAbortOnError</a> from stm32u5xx_hal_uart.o(.text.UART_DMAAbortOnError) referenced 2 times from stm32u5xx_hal_uart.o(.text.HAL_UART_IRQHandler)
 <LI><a href="#[88]">UART_RxISR_16BIT</a> from stm32u5xx_hal_uart.o(.text.UART_RxISR_16BIT) referenced 2 times from stm32u5xx_hal_uart.o(.text.UART_RxISR_16BIT_FIFOEN)
 <LI><a href="#[88]">UART_RxISR_16BIT</a> from stm32u5xx_hal_uart.o(.text.UART_RxISR_16BIT) referenced 2 times from stm32u5xx_hal_uart.o(.text.UART_Start_Receive_IT)
 <LI><a href="#[8b]">UART_RxISR_16BIT_FIFOEN</a> from stm32u5xx_hal_uart.o(.text.UART_RxISR_16BIT_FIFOEN) referenced 2 times from stm32u5xx_hal_uart.o(.text.UART_Start_Receive_IT)
 <LI><a href="#[89]">UART_RxISR_8BIT</a> from stm32u5xx_hal_uart.o(.text.UART_RxISR_8BIT) referenced 2 times from stm32u5xx_hal_uart.o(.text.UART_RxISR_8BIT_FIFOEN)
 <LI><a href="#[89]">UART_RxISR_8BIT</a> from stm32u5xx_hal_uart.o(.text.UART_RxISR_8BIT) referenced 4 times from stm32u5xx_hal_uart.o(.text.UART_Start_Receive_IT)
 <LI><a href="#[8a]">UART_RxISR_8BIT_FIFOEN</a> from stm32u5xx_hal_uart.o(.text.UART_RxISR_8BIT_FIFOEN) referenced 4 times from stm32u5xx_hal_uart.o(.text.UART_Start_Receive_IT)
 <LI><a href="#[72]">UCPD1_IRQHandler</a> from startup_stm32u575xx.o(.text) referenced from startup_stm32u575xx.o(RESET)
 <LI><a href="#[47]">USART1_IRQHandler</a> from stm32u5xx_it.o(.text.USART1_IRQHandler) referenced from startup_stm32u575xx.o(RESET)
 <LI><a href="#[48]">USART2_IRQHandler</a> from startup_stm32u575xx.o(.text) referenced from startup_stm32u575xx.o(RESET)
 <LI><a href="#[49]">USART3_IRQHandler</a> from startup_stm32u575xx.o(.text) referenced from startup_stm32u575xx.o(RESET)
 <LI><a href="#[5]">UsageFault_Handler</a> from stm32u5xx_it.o(.text.UsageFault_Handler) referenced from startup_stm32u575xx.o(RESET)
 <LI><a href="#[b]">WWDG_IRQHandler</a> from startup_stm32u575xx.o(.text) referenced from startup_stm32u575xx.o(RESET)
 <LI><a href="#[86]">__main</a> from entry.o(.ARM.Collect$$$$00000000) referenced from startup_stm32u575xx.o(.text)
 <LI><a href="#[8c]">fputc</a> from main.o(.text.fputc) referenced from printf8.o(i.__0printf$8)
 <LI><a href="#[84]">main</a> from main.o(.text.main) referenced from entry9a.o(.ARM.Collect$$$$0000000B)
</UL>
<P>
<H3>
Global Symbols
</H3>
<P><STRONG><a name="[86]"></a>__main</STRONG> (Thumb, 0 bytes, Stack size unknown bytes, entry.o(.ARM.Collect$$$$00000000))
<BR>[Address Reference Count : 1]<UL><LI> startup_stm32u575xx.o(.text)
</UL>
<P><STRONG><a name="[d1]"></a>_main_stk</STRONG> (Thumb, 0 bytes, Stack size unknown bytes, entry2.o(.ARM.Collect$$$$00000001))

<P><STRONG><a name="[8d]"></a>_main_scatterload</STRONG> (Thumb, 0 bytes, Stack size unknown bytes, entry5.o(.ARM.Collect$$$$00000004))
<BR><BR>[Calls]<UL><LI><a href="#[8e]">&gt;&gt;</a>&nbsp;&nbsp;&nbsp;__scatterload
</UL>

<P><STRONG><a name="[95]"></a>__main_after_scatterload</STRONG> (Thumb, 0 bytes, Stack size unknown bytes, entry5.o(.ARM.Collect$$$$00000004))
<BR><BR>[Called By]<UL><LI><a href="#[8e]">&gt;&gt;</a>&nbsp;&nbsp;&nbsp;__scatterload
</UL>

<P><STRONG><a name="[d2]"></a>_main_clock</STRONG> (Thumb, 0 bytes, Stack size unknown bytes, entry7b.o(.ARM.Collect$$$$00000008))

<P><STRONG><a name="[d3]"></a>_main_cpp_init</STRONG> (Thumb, 0 bytes, Stack size unknown bytes, entry8b.o(.ARM.Collect$$$$0000000A))

<P><STRONG><a name="[d4]"></a>_main_init</STRONG> (Thumb, 0 bytes, Stack size unknown bytes, entry9a.o(.ARM.Collect$$$$0000000B))

<P><STRONG><a name="[d5]"></a>__rt_final_cpp</STRONG> (Thumb, 0 bytes, Stack size unknown bytes, entry10a.o(.ARM.Collect$$$$0000000D))

<P><STRONG><a name="[d6]"></a>__rt_final_exit</STRONG> (Thumb, 0 bytes, Stack size unknown bytes, entry11a.o(.ARM.Collect$$$$0000000F))

<P><STRONG><a name="[0]"></a>Reset_Handler</STRONG> (Thumb, 8 bytes, Stack size 0 bytes, startup_stm32u575xx.o(.text))
<BR>[Address Reference Count : 1]<UL><LI> startup_stm32u575xx.o(RESET)
</UL>
<P><STRONG><a name="[6]"></a>SecureFault_Handler</STRONG> (Thumb, 2 bytes, Stack size 0 bytes, startup_stm32u575xx.o(.text))
<BR><BR>[Calls]<UL><LI><a href="#[6]">&gt;&gt;</a>&nbsp;&nbsp;&nbsp;SecureFault_Handler
</UL>
<BR>[Called By]<UL><LI><a href="#[6]">&gt;&gt;</a>&nbsp;&nbsp;&nbsp;SecureFault_Handler
</UL>
<BR>[Address Reference Count : 1]<UL><LI> startup_stm32u575xx.o(RESET)
</UL>
<P><STRONG><a name="[2f]"></a>ADC1_IRQHandler</STRONG> (Thumb, 0 bytes, Stack size 0 bytes, startup_stm32u575xx.o(.text))
<BR><BR>[Calls]<UL><LI><a href="#[2f]">&gt;&gt;</a>&nbsp;&nbsp;&nbsp;ADC1_IRQHandler
</UL>
<BR>[Called By]<UL><LI><a href="#[2f]">&gt;&gt;</a>&nbsp;&nbsp;&nbsp;ADC1_IRQHandler
</UL>
<BR>[Address Reference Count : 1]<UL><LI> startup_stm32u575xx.o(RESET)
</UL>
<P><STRONG><a name="[77]"></a>ADC4_IRQHandler</STRONG> (Thumb, 0 bytes, Stack size 0 bytes, startup_stm32u575xx.o(.text))
<BR>[Address Reference Count : 1]<UL><LI> startup_stm32u575xx.o(RESET)
</UL>
<P><STRONG><a name="[76]"></a>ADF1_IRQHandler</STRONG> (Thumb, 0 bytes, Stack size 0 bytes, startup_stm32u575xx.o(.text))
<BR>[Address Reference Count : 1]<UL><LI> startup_stm32u575xx.o(RESET)
</UL>
<P><STRONG><a name="[52]"></a>COMP_IRQHandler</STRONG> (Thumb, 0 bytes, Stack size 0 bytes, startup_stm32u575xx.o(.text))
<BR>[Address Reference Count : 1]<UL><LI> startup_stm32u575xx.o(RESET)
</UL>
<P><STRONG><a name="[81]"></a>CORDIC_IRQHandler</STRONG> (Thumb, 0 bytes, Stack size 0 bytes, startup_stm32u575xx.o(.text))
<BR>[Address Reference Count : 1]<UL><LI> startup_stm32u575xx.o(RESET)
</UL>
<P><STRONG><a name="[54]"></a>CRS_IRQHandler</STRONG> (Thumb, 0 bytes, Stack size 0 bytes, startup_stm32u575xx.o(.text))
<BR>[Address Reference Count : 1]<UL><LI> startup_stm32u575xx.o(RESET)
</UL>
<P><STRONG><a name="[30]"></a>DAC1_IRQHandler</STRONG> (Thumb, 0 bytes, Stack size 0 bytes, startup_stm32u575xx.o(.text))
<BR>[Address Reference Count : 1]<UL><LI> startup_stm32u575xx.o(RESET)
</UL>
<P><STRONG><a name="[75]"></a>DCACHE1_IRQHandler</STRONG> (Thumb, 0 bytes, Stack size 0 bytes, startup_stm32u575xx.o(.text))
<BR>[Address Reference Count : 1]<UL><LI> startup_stm32u575xx.o(RESET)
</UL>
<P><STRONG><a name="[7d]"></a>DCMI_PSSI_IRQHandler</STRONG> (Thumb, 0 bytes, Stack size 0 bytes, startup_stm32u575xx.o(.text))
<BR>[Address Reference Count : 1]<UL><LI> startup_stm32u575xx.o(RESET)
</UL>
<P><STRONG><a name="[7c]"></a>DMA2D_IRQHandler</STRONG> (Thumb, 0 bytes, Stack size 0 bytes, startup_stm32u575xx.o(.text))
<BR>[Address Reference Count : 1]<UL><LI> startup_stm32u575xx.o(RESET)
</UL>
<P><STRONG><a name="[16]"></a>EXTI0_IRQHandler</STRONG> (Thumb, 0 bytes, Stack size 0 bytes, startup_stm32u575xx.o(.text))
<BR>[Address Reference Count : 1]<UL><LI> startup_stm32u575xx.o(RESET)
</UL>
<P><STRONG><a name="[20]"></a>EXTI10_IRQHandler</STRONG> (Thumb, 0 bytes, Stack size 0 bytes, startup_stm32u575xx.o(.text))
<BR>[Address Reference Count : 1]<UL><LI> startup_stm32u575xx.o(RESET)
</UL>
<P><STRONG><a name="[21]"></a>EXTI11_IRQHandler</STRONG> (Thumb, 0 bytes, Stack size 0 bytes, startup_stm32u575xx.o(.text))
<BR>[Address Reference Count : 1]<UL><LI> startup_stm32u575xx.o(RESET)
</UL>
<P><STRONG><a name="[22]"></a>EXTI12_IRQHandler</STRONG> (Thumb, 0 bytes, Stack size 0 bytes, startup_stm32u575xx.o(.text))
<BR>[Address Reference Count : 1]<UL><LI> startup_stm32u575xx.o(RESET)
</UL>
<P><STRONG><a name="[23]"></a>EXTI13_IRQHandler</STRONG> (Thumb, 0 bytes, Stack size 0 bytes, startup_stm32u575xx.o(.text))
<BR>[Address Reference Count : 1]<UL><LI> startup_stm32u575xx.o(RESET)
</UL>
<P><STRONG><a name="[24]"></a>EXTI14_IRQHandler</STRONG> (Thumb, 0 bytes, Stack size 0 bytes, startup_stm32u575xx.o(.text))
<BR>[Address Reference Count : 1]<UL><LI> startup_stm32u575xx.o(RESET)
</UL>
<P><STRONG><a name="[25]"></a>EXTI15_IRQHandler</STRONG> (Thumb, 0 bytes, Stack size 0 bytes, startup_stm32u575xx.o(.text))
<BR>[Address Reference Count : 1]<UL><LI> startup_stm32u575xx.o(RESET)
</UL>
<P><STRONG><a name="[17]"></a>EXTI1_IRQHandler</STRONG> (Thumb, 0 bytes, Stack size 0 bytes, startup_stm32u575xx.o(.text))
<BR>[Address Reference Count : 1]<UL><LI> startup_stm32u575xx.o(RESET)
</UL>
<P><STRONG><a name="[18]"></a>EXTI2_IRQHandler</STRONG> (Thumb, 0 bytes, Stack size 0 bytes, startup_stm32u575xx.o(.text))
<BR>[Address Reference Count : 1]<UL><LI> startup_stm32u575xx.o(RESET)
</UL>
<P><STRONG><a name="[19]"></a>EXTI3_IRQHandler</STRONG> (Thumb, 0 bytes, Stack size 0 bytes, startup_stm32u575xx.o(.text))
<BR>[Address Reference Count : 1]<UL><LI> startup_stm32u575xx.o(RESET)
</UL>
<P><STRONG><a name="[1a]"></a>EXTI4_IRQHandler</STRONG> (Thumb, 0 bytes, Stack size 0 bytes, startup_stm32u575xx.o(.text))
<BR>[Address Reference Count : 1]<UL><LI> startup_stm32u575xx.o(RESET)
</UL>
<P><STRONG><a name="[1b]"></a>EXTI5_IRQHandler</STRONG> (Thumb, 0 bytes, Stack size 0 bytes, startup_stm32u575xx.o(.text))
<BR>[Address Reference Count : 1]<UL><LI> startup_stm32u575xx.o(RESET)
</UL>
<P><STRONG><a name="[1c]"></a>EXTI6_IRQHandler</STRONG> (Thumb, 0 bytes, Stack size 0 bytes, startup_stm32u575xx.o(.text))
<BR>[Address Reference Count : 1]<UL><LI> startup_stm32u575xx.o(RESET)
</UL>
<P><STRONG><a name="[1d]"></a>EXTI7_IRQHandler</STRONG> (Thumb, 0 bytes, Stack size 0 bytes, startup_stm32u575xx.o(.text))
<BR>[Address Reference Count : 1]<UL><LI> startup_stm32u575xx.o(RESET)
</UL>
<P><STRONG><a name="[1e]"></a>EXTI8_IRQHandler</STRONG> (Thumb, 0 bytes, Stack size 0 bytes, startup_stm32u575xx.o(.text))
<BR>[Address Reference Count : 1]<UL><LI> startup_stm32u575xx.o(RESET)
</UL>
<P><STRONG><a name="[1f]"></a>EXTI9_IRQHandler</STRONG> (Thumb, 0 bytes, Stack size 0 bytes, startup_stm32u575xx.o(.text))
<BR>[Address Reference Count : 1]<UL><LI> startup_stm32u575xx.o(RESET)
</UL>
<P><STRONG><a name="[31]"></a>FDCAN1_IT0_IRQHandler</STRONG> (Thumb, 0 bytes, Stack size 0 bytes, startup_stm32u575xx.o(.text))
<BR>[Address Reference Count : 1]<UL><LI> startup_stm32u575xx.o(RESET)
</UL>
<P><STRONG><a name="[32]"></a>FDCAN1_IT1_IRQHandler</STRONG> (Thumb, 0 bytes, Stack size 0 bytes, startup_stm32u575xx.o(.text))
<BR>[Address Reference Count : 1]<UL><LI> startup_stm32u575xx.o(RESET)
</UL>
<P><STRONG><a name="[11]"></a>FLASH_IRQHandler</STRONG> (Thumb, 0 bytes, Stack size 0 bytes, startup_stm32u575xx.o(.text))
<BR>[Address Reference Count : 1]<UL><LI> startup_stm32u575xx.o(RESET)
</UL>
<P><STRONG><a name="[12]"></a>FLASH_S_IRQHandler</STRONG> (Thumb, 0 bytes, Stack size 0 bytes, startup_stm32u575xx.o(.text))
<BR>[Address Reference Count : 1]<UL><LI> startup_stm32u575xx.o(RESET)
</UL>
<P><STRONG><a name="[82]"></a>FMAC_IRQHandler</STRONG> (Thumb, 0 bytes, Stack size 0 bytes, startup_stm32u575xx.o(.text))
<BR>[Address Reference Count : 1]<UL><LI> startup_stm32u575xx.o(RESET)
</UL>
<P><STRONG><a name="[55]"></a>FMC_IRQHandler</STRONG> (Thumb, 0 bytes, Stack size 0 bytes, startup_stm32u575xx.o(.text))
<BR>[Address Reference Count : 1]<UL><LI> startup_stm32u575xx.o(RESET)
</UL>
<P><STRONG><a name="[68]"></a>FPU_IRQHandler</STRONG> (Thumb, 0 bytes, Stack size 0 bytes, startup_stm32u575xx.o(.text))
<BR>[Address Reference Count : 1]<UL><LI> startup_stm32u575xx.o(RESET)
</UL>
<P><STRONG><a name="[27]"></a>GPDMA1_Channel0_IRQHandler</STRONG> (Thumb, 0 bytes, Stack size 0 bytes, startup_stm32u575xx.o(.text))
<BR>[Address Reference Count : 1]<UL><LI> startup_stm32u575xx.o(RESET)
</UL>
<P><STRONG><a name="[5c]"></a>GPDMA1_Channel10_IRQHandler</STRONG> (Thumb, 0 bytes, Stack size 0 bytes, startup_stm32u575xx.o(.text))
<BR>[Address Reference Count : 1]<UL><LI> startup_stm32u575xx.o(RESET)
</UL>
<P><STRONG><a name="[5d]"></a>GPDMA1_Channel11_IRQHandler</STRONG> (Thumb, 0 bytes, Stack size 0 bytes, startup_stm32u575xx.o(.text))
<BR>[Address Reference Count : 1]<UL><LI> startup_stm32u575xx.o(RESET)
</UL>
<P><STRONG><a name="[5e]"></a>GPDMA1_Channel12_IRQHandler</STRONG> (Thumb, 0 bytes, Stack size 0 bytes, startup_stm32u575xx.o(.text))
<BR>[Address Reference Count : 1]<UL><LI> startup_stm32u575xx.o(RESET)
</UL>
<P><STRONG><a name="[5f]"></a>GPDMA1_Channel13_IRQHandler</STRONG> (Thumb, 0 bytes, Stack size 0 bytes, startup_stm32u575xx.o(.text))
<BR>[Address Reference Count : 1]<UL><LI> startup_stm32u575xx.o(RESET)
</UL>
<P><STRONG><a name="[60]"></a>GPDMA1_Channel14_IRQHandler</STRONG> (Thumb, 0 bytes, Stack size 0 bytes, startup_stm32u575xx.o(.text))
<BR>[Address Reference Count : 1]<UL><LI> startup_stm32u575xx.o(RESET)
</UL>
<P><STRONG><a name="[61]"></a>GPDMA1_Channel15_IRQHandler</STRONG> (Thumb, 0 bytes, Stack size 0 bytes, startup_stm32u575xx.o(.text))
<BR>[Address Reference Count : 1]<UL><LI> startup_stm32u575xx.o(RESET)
</UL>
<P><STRONG><a name="[28]"></a>GPDMA1_Channel1_IRQHandler</STRONG> (Thumb, 0 bytes, Stack size 0 bytes, startup_stm32u575xx.o(.text))
<BR>[Address Reference Count : 1]<UL><LI> startup_stm32u575xx.o(RESET)
</UL>
<P><STRONG><a name="[29]"></a>GPDMA1_Channel2_IRQHandler</STRONG> (Thumb, 0 bytes, Stack size 0 bytes, startup_stm32u575xx.o(.text))
<BR>[Address Reference Count : 1]<UL><LI> startup_stm32u575xx.o(RESET)
</UL>
<P><STRONG><a name="[2a]"></a>GPDMA1_Channel3_IRQHandler</STRONG> (Thumb, 0 bytes, Stack size 0 bytes, startup_stm32u575xx.o(.text))
<BR>[Address Reference Count : 1]<UL><LI> startup_stm32u575xx.o(RESET)
</UL>
<P><STRONG><a name="[2b]"></a>GPDMA1_Channel4_IRQHandler</STRONG> (Thumb, 0 bytes, Stack size 0 bytes, startup_stm32u575xx.o(.text))
<BR>[Address Reference Count : 1]<UL><LI> startup_stm32u575xx.o(RESET)
</UL>
<P><STRONG><a name="[2c]"></a>GPDMA1_Channel5_IRQHandler</STRONG> (Thumb, 0 bytes, Stack size 0 bytes, startup_stm32u575xx.o(.text))
<BR>[Address Reference Count : 1]<UL><LI> startup_stm32u575xx.o(RESET)
</UL>
<P><STRONG><a name="[2d]"></a>GPDMA1_Channel6_IRQHandler</STRONG> (Thumb, 0 bytes, Stack size 0 bytes, startup_stm32u575xx.o(.text))
<BR>[Address Reference Count : 1]<UL><LI> startup_stm32u575xx.o(RESET)
</UL>
<P><STRONG><a name="[2e]"></a>GPDMA1_Channel7_IRQHandler</STRONG> (Thumb, 0 bytes, Stack size 0 bytes, startup_stm32u575xx.o(.text))
<BR>[Address Reference Count : 1]<UL><LI> startup_stm32u575xx.o(RESET)
</UL>
<P><STRONG><a name="[5a]"></a>GPDMA1_Channel8_IRQHandler</STRONG> (Thumb, 0 bytes, Stack size 0 bytes, startup_stm32u575xx.o(.text))
<BR>[Address Reference Count : 1]<UL><LI> startup_stm32u575xx.o(RESET)
</UL>
<P><STRONG><a name="[5b]"></a>GPDMA1_Channel9_IRQHandler</STRONG> (Thumb, 0 bytes, Stack size 0 bytes, startup_stm32u575xx.o(.text))
<BR>[Address Reference Count : 1]<UL><LI> startup_stm32u575xx.o(RESET)
</UL>
<P><STRONG><a name="[13]"></a>GTZC_IRQHandler</STRONG> (Thumb, 0 bytes, Stack size 0 bytes, startup_stm32u575xx.o(.text))
<BR>[Address Reference Count : 1]<UL><LI> startup_stm32u575xx.o(RESET)
</UL>
<P><STRONG><a name="[69]"></a>HASH_IRQHandler</STRONG> (Thumb, 0 bytes, Stack size 0 bytes, startup_stm32u575xx.o(.text))
<BR>[Address Reference Count : 1]<UL><LI> startup_stm32u575xx.o(RESET)
</UL>
<P><STRONG><a name="[42]"></a>I2C1_ER_IRQHandler</STRONG> (Thumb, 0 bytes, Stack size 0 bytes, startup_stm32u575xx.o(.text))
<BR>[Address Reference Count : 1]<UL><LI> startup_stm32u575xx.o(RESET)
</UL>
<P><STRONG><a name="[41]"></a>I2C1_EV_IRQHandler</STRONG> (Thumb, 0 bytes, Stack size 0 bytes, startup_stm32u575xx.o(.text))
<BR>[Address Reference Count : 1]<UL><LI> startup_stm32u575xx.o(RESET)
</UL>
<P><STRONG><a name="[44]"></a>I2C2_ER_IRQHandler</STRONG> (Thumb, 0 bytes, Stack size 0 bytes, startup_stm32u575xx.o(.text))
<BR>[Address Reference Count : 1]<UL><LI> startup_stm32u575xx.o(RESET)
</UL>
<P><STRONG><a name="[43]"></a>I2C2_EV_IRQHandler</STRONG> (Thumb, 0 bytes, Stack size 0 bytes, startup_stm32u575xx.o(.text))
<BR>[Address Reference Count : 1]<UL><LI> startup_stm32u575xx.o(RESET)
</UL>
<P><STRONG><a name="[63]"></a>I2C3_ER_IRQHandler</STRONG> (Thumb, 0 bytes, Stack size 0 bytes, startup_stm32u575xx.o(.text))
<BR>[Address Reference Count : 1]<UL><LI> startup_stm32u575xx.o(RESET)
</UL>
<P><STRONG><a name="[62]"></a>I2C3_EV_IRQHandler</STRONG> (Thumb, 0 bytes, Stack size 0 bytes, startup_stm32u575xx.o(.text))
<BR>[Address Reference Count : 1]<UL><LI> startup_stm32u575xx.o(RESET)
</UL>
<P><STRONG><a name="[6c]"></a>I2C4_ER_IRQHandler</STRONG> (Thumb, 0 bytes, Stack size 0 bytes, startup_stm32u575xx.o(.text))
<BR>[Address Reference Count : 1]<UL><LI> startup_stm32u575xx.o(RESET)
</UL>
<P><STRONG><a name="[6d]"></a>I2C4_EV_IRQHandler</STRONG> (Thumb, 0 bytes, Stack size 0 bytes, startup_stm32u575xx.o(.text))
<BR>[Address Reference Count : 1]<UL><LI> startup_stm32u575xx.o(RESET)
</UL>
<P><STRONG><a name="[73]"></a>ICACHE_IRQHandler</STRONG> (Thumb, 0 bytes, Stack size 0 bytes, startup_stm32u575xx.o(.text))
<BR>[Address Reference Count : 1]<UL><LI> startup_stm32u575xx.o(RESET)
</UL>
<P><STRONG><a name="[26]"></a>IWDG_IRQHandler</STRONG> (Thumb, 0 bytes, Stack size 0 bytes, startup_stm32u575xx.o(.text))
<BR>[Address Reference Count : 1]<UL><LI> startup_stm32u575xx.o(RESET)
</UL>
<P><STRONG><a name="[78]"></a>LPDMA1_Channel0_IRQHandler</STRONG> (Thumb, 0 bytes, Stack size 0 bytes, startup_stm32u575xx.o(.text))
<BR>[Address Reference Count : 1]<UL><LI> startup_stm32u575xx.o(RESET)
</UL>
<P><STRONG><a name="[79]"></a>LPDMA1_Channel1_IRQHandler</STRONG> (Thumb, 0 bytes, Stack size 0 bytes, startup_stm32u575xx.o(.text))
<BR>[Address Reference Count : 1]<UL><LI> startup_stm32u575xx.o(RESET)
</UL>
<P><STRONG><a name="[7a]"></a>LPDMA1_Channel2_IRQHandler</STRONG> (Thumb, 0 bytes, Stack size 0 bytes, startup_stm32u575xx.o(.text))
<BR>[Address Reference Count : 1]<UL><LI> startup_stm32u575xx.o(RESET)
</UL>
<P><STRONG><a name="[7b]"></a>LPDMA1_Channel3_IRQHandler</STRONG> (Thumb, 0 bytes, Stack size 0 bytes, startup_stm32u575xx.o(.text))
<BR>[Address Reference Count : 1]<UL><LI> startup_stm32u575xx.o(RESET)
</UL>
<P><STRONG><a name="[4d]"></a>LPTIM1_IRQHandler</STRONG> (Thumb, 0 bytes, Stack size 0 bytes, startup_stm32u575xx.o(.text))
<BR>[Address Reference Count : 1]<UL><LI> startup_stm32u575xx.o(RESET)
</UL>
<P><STRONG><a name="[4e]"></a>LPTIM2_IRQHandler</STRONG> (Thumb, 0 bytes, Stack size 0 bytes, startup_stm32u575xx.o(.text))
<BR>[Address Reference Count : 1]<UL><LI> startup_stm32u575xx.o(RESET)
</UL>
<P><STRONG><a name="[6a]"></a>LPTIM3_IRQHandler</STRONG> (Thumb, 0 bytes, Stack size 0 bytes, startup_stm32u575xx.o(.text))
<BR>[Address Reference Count : 1]<UL><LI> startup_stm32u575xx.o(RESET)
</UL>
<P><STRONG><a name="[74]"></a>LPTIM4_IRQHandler</STRONG> (Thumb, 0 bytes, Stack size 0 bytes, startup_stm32u575xx.o(.text))
<BR>[Address Reference Count : 1]<UL><LI> startup_stm32u575xx.o(RESET)
</UL>
<P><STRONG><a name="[4c]"></a>LPUART1_IRQHandler</STRONG> (Thumb, 0 bytes, Stack size 0 bytes, startup_stm32u575xx.o(.text))
<BR>[Address Reference Count : 1]<UL><LI> startup_stm32u575xx.o(RESET)
</UL>
<P><STRONG><a name="[83]"></a>LSECSSD_IRQHandler</STRONG> (Thumb, 0 bytes, Stack size 0 bytes, startup_stm32u575xx.o(.text))
<BR>[Address Reference Count : 1]<UL><LI> startup_stm32u575xx.o(RESET)
</UL>
<P><STRONG><a name="[6e]"></a>MDF1_FLT0_IRQHandler</STRONG> (Thumb, 0 bytes, Stack size 0 bytes, startup_stm32u575xx.o(.text))
<BR>[Address Reference Count : 1]<UL><LI> startup_stm32u575xx.o(RESET)
</UL>
<P><STRONG><a name="[6f]"></a>MDF1_FLT1_IRQHandler</STRONG> (Thumb, 0 bytes, Stack size 0 bytes, startup_stm32u575xx.o(.text))
<BR>[Address Reference Count : 1]<UL><LI> startup_stm32u575xx.o(RESET)
</UL>
<P><STRONG><a name="[70]"></a>MDF1_FLT2_IRQHandler</STRONG> (Thumb, 0 bytes, Stack size 0 bytes, startup_stm32u575xx.o(.text))
<BR>[Address Reference Count : 1]<UL><LI> startup_stm32u575xx.o(RESET)
</UL>
<P><STRONG><a name="[71]"></a>MDF1_FLT3_IRQHandler</STRONG> (Thumb, 0 bytes, Stack size 0 bytes, startup_stm32u575xx.o(.text))
<BR>[Address Reference Count : 1]<UL><LI> startup_stm32u575xx.o(RESET)
</UL>
<P><STRONG><a name="[7f]"></a>MDF1_FLT4_IRQHandler</STRONG> (Thumb, 0 bytes, Stack size 0 bytes, startup_stm32u575xx.o(.text))
<BR>[Address Reference Count : 1]<UL><LI> startup_stm32u575xx.o(RESET)
</UL>
<P><STRONG><a name="[80]"></a>MDF1_FLT5_IRQHandler</STRONG> (Thumb, 0 bytes, Stack size 0 bytes, startup_stm32u575xx.o(.text))
<BR>[Address Reference Count : 1]<UL><LI> startup_stm32u575xx.o(RESET)
</UL>
<P><STRONG><a name="[56]"></a>OCTOSPI1_IRQHandler</STRONG> (Thumb, 0 bytes, Stack size 0 bytes, startup_stm32u575xx.o(.text))
<BR>[Address Reference Count : 1]<UL><LI> startup_stm32u575xx.o(RESET)
</UL>
<P><STRONG><a name="[7e]"></a>OCTOSPI2_IRQHandler</STRONG> (Thumb, 0 bytes, Stack size 0 bytes, startup_stm32u575xx.o(.text))
<BR>[Address Reference Count : 1]<UL><LI> startup_stm32u575xx.o(RESET)
</UL>
<P><STRONG><a name="[53]"></a>OTG_FS_IRQHandler</STRONG> (Thumb, 0 bytes, Stack size 0 bytes, startup_stm32u575xx.o(.text))
<BR>[Address Reference Count : 1]<UL><LI> startup_stm32u575xx.o(RESET)
</UL>
<P><STRONG><a name="[c]"></a>PVD_PVM_IRQHandler</STRONG> (Thumb, 0 bytes, Stack size 0 bytes, startup_stm32u575xx.o(.text))
<BR>[Address Reference Count : 1]<UL><LI> startup_stm32u575xx.o(RESET)
</UL>
<P><STRONG><a name="[57]"></a>PWR_S3WU_IRQHandler</STRONG> (Thumb, 0 bytes, Stack size 0 bytes, startup_stm32u575xx.o(.text))
<BR>[Address Reference Count : 1]<UL><LI> startup_stm32u575xx.o(RESET)
</UL>
<P><STRONG><a name="[10]"></a>RAMCFG_IRQHandler</STRONG> (Thumb, 0 bytes, Stack size 0 bytes, startup_stm32u575xx.o(.text))
<BR>[Address Reference Count : 1]<UL><LI> startup_stm32u575xx.o(RESET)
</UL>
<P><STRONG><a name="[14]"></a>RCC_IRQHandler</STRONG> (Thumb, 0 bytes, Stack size 0 bytes, startup_stm32u575xx.o(.text))
<BR>[Address Reference Count : 1]<UL><LI> startup_stm32u575xx.o(RESET)
</UL>
<P><STRONG><a name="[15]"></a>RCC_S_IRQHandler</STRONG> (Thumb, 0 bytes, Stack size 0 bytes, startup_stm32u575xx.o(.text))
<BR>[Address Reference Count : 1]<UL><LI> startup_stm32u575xx.o(RESET)
</UL>
<P><STRONG><a name="[67]"></a>RNG_IRQHandler</STRONG> (Thumb, 0 bytes, Stack size 0 bytes, startup_stm32u575xx.o(.text))
<BR>[Address Reference Count : 1]<UL><LI> startup_stm32u575xx.o(RESET)
</UL>
<P><STRONG><a name="[d]"></a>RTC_IRQHandler</STRONG> (Thumb, 0 bytes, Stack size 0 bytes, startup_stm32u575xx.o(.text))
<BR>[Address Reference Count : 1]<UL><LI> startup_stm32u575xx.o(RESET)
</UL>
<P><STRONG><a name="[e]"></a>RTC_S_IRQHandler</STRONG> (Thumb, 0 bytes, Stack size 0 bytes, startup_stm32u575xx.o(.text))
<BR>[Address Reference Count : 1]<UL><LI> startup_stm32u575xx.o(RESET)
</UL>
<P><STRONG><a name="[64]"></a>SAI1_IRQHandler</STRONG> (Thumb, 0 bytes, Stack size 0 bytes, startup_stm32u575xx.o(.text))
<BR>[Address Reference Count : 1]<UL><LI> startup_stm32u575xx.o(RESET)
</UL>
<P><STRONG><a name="[65]"></a>SAI2_IRQHandler</STRONG> (Thumb, 0 bytes, Stack size 0 bytes, startup_stm32u575xx.o(.text))
<BR>[Address Reference Count : 1]<UL><LI> startup_stm32u575xx.o(RESET)
</UL>
<P><STRONG><a name="[58]"></a>SDMMC1_IRQHandler</STRONG> (Thumb, 0 bytes, Stack size 0 bytes, startup_stm32u575xx.o(.text))
<BR>[Address Reference Count : 1]<UL><LI> startup_stm32u575xx.o(RESET)
</UL>
<P><STRONG><a name="[59]"></a>SDMMC2_IRQHandler</STRONG> (Thumb, 0 bytes, Stack size 0 bytes, startup_stm32u575xx.o(.text))
<BR>[Address Reference Count : 1]<UL><LI> startup_stm32u575xx.o(RESET)
</UL>
<P><STRONG><a name="[45]"></a>SPI1_IRQHandler</STRONG> (Thumb, 0 bytes, Stack size 0 bytes, startup_stm32u575xx.o(.text))
<BR>[Address Reference Count : 1]<UL><LI> startup_stm32u575xx.o(RESET)
</UL>
<P><STRONG><a name="[46]"></a>SPI2_IRQHandler</STRONG> (Thumb, 0 bytes, Stack size 0 bytes, startup_stm32u575xx.o(.text))
<BR>[Address Reference Count : 1]<UL><LI> startup_stm32u575xx.o(RESET)
</UL>
<P><STRONG><a name="[6b]"></a>SPI3_IRQHandler</STRONG> (Thumb, 0 bytes, Stack size 0 bytes, startup_stm32u575xx.o(.text))
<BR>[Address Reference Count : 1]<UL><LI> startup_stm32u575xx.o(RESET)
</UL>
<P><STRONG><a name="[f]"></a>TAMP_IRQHandler</STRONG> (Thumb, 0 bytes, Stack size 0 bytes, startup_stm32u575xx.o(.text))
<BR>[Address Reference Count : 1]<UL><LI> startup_stm32u575xx.o(RESET)
</UL>
<P><STRONG><a name="[4f]"></a>TIM15_IRQHandler</STRONG> (Thumb, 0 bytes, Stack size 0 bytes, startup_stm32u575xx.o(.text))
<BR>[Address Reference Count : 1]<UL><LI> startup_stm32u575xx.o(RESET)
</UL>
<P><STRONG><a name="[50]"></a>TIM16_IRQHandler</STRONG> (Thumb, 0 bytes, Stack size 0 bytes, startup_stm32u575xx.o(.text))
<BR>[Address Reference Count : 1]<UL><LI> startup_stm32u575xx.o(RESET)
</UL>
<P><STRONG><a name="[51]"></a>TIM17_IRQHandler</STRONG> (Thumb, 0 bytes, Stack size 0 bytes, startup_stm32u575xx.o(.text))
<BR>[Address Reference Count : 1]<UL><LI> startup_stm32u575xx.o(RESET)
</UL>
<P><STRONG><a name="[33]"></a>TIM1_BRK_IRQHandler</STRONG> (Thumb, 0 bytes, Stack size 0 bytes, startup_stm32u575xx.o(.text))
<BR>[Address Reference Count : 1]<UL><LI> startup_stm32u575xx.o(RESET)
</UL>
<P><STRONG><a name="[36]"></a>TIM1_CC_IRQHandler</STRONG> (Thumb, 0 bytes, Stack size 0 bytes, startup_stm32u575xx.o(.text))
<BR>[Address Reference Count : 1]<UL><LI> startup_stm32u575xx.o(RESET)
</UL>
<P><STRONG><a name="[35]"></a>TIM1_TRG_COM_IRQHandler</STRONG> (Thumb, 0 bytes, Stack size 0 bytes, startup_stm32u575xx.o(.text))
<BR>[Address Reference Count : 1]<UL><LI> startup_stm32u575xx.o(RESET)
</UL>
<P><STRONG><a name="[34]"></a>TIM1_UP_IRQHandler</STRONG> (Thumb, 0 bytes, Stack size 0 bytes, startup_stm32u575xx.o(.text))
<BR>[Address Reference Count : 1]<UL><LI> startup_stm32u575xx.o(RESET)
</UL>
<P><STRONG><a name="[37]"></a>TIM2_IRQHandler</STRONG> (Thumb, 0 bytes, Stack size 0 bytes, startup_stm32u575xx.o(.text))
<BR>[Address Reference Count : 1]<UL><LI> startup_stm32u575xx.o(RESET)
</UL>
<P><STRONG><a name="[38]"></a>TIM3_IRQHandler</STRONG> (Thumb, 0 bytes, Stack size 0 bytes, startup_stm32u575xx.o(.text))
<BR>[Address Reference Count : 1]<UL><LI> startup_stm32u575xx.o(RESET)
</UL>
<P><STRONG><a name="[39]"></a>TIM4_IRQHandler</STRONG> (Thumb, 0 bytes, Stack size 0 bytes, startup_stm32u575xx.o(.text))
<BR>[Address Reference Count : 1]<UL><LI> startup_stm32u575xx.o(RESET)
</UL>
<P><STRONG><a name="[3a]"></a>TIM5_IRQHandler</STRONG> (Thumb, 0 bytes, Stack size 0 bytes, startup_stm32u575xx.o(.text))
<BR>[Address Reference Count : 1]<UL><LI> startup_stm32u575xx.o(RESET)
</UL>
<P><STRONG><a name="[3b]"></a>TIM6_IRQHandler</STRONG> (Thumb, 0 bytes, Stack size 0 bytes, startup_stm32u575xx.o(.text))
<BR>[Address Reference Count : 1]<UL><LI> startup_stm32u575xx.o(RESET)
</UL>
<P><STRONG><a name="[3c]"></a>TIM7_IRQHandler</STRONG> (Thumb, 0 bytes, Stack size 0 bytes, startup_stm32u575xx.o(.text))
<BR>[Address Reference Count : 1]<UL><LI> startup_stm32u575xx.o(RESET)
</UL>
<P><STRONG><a name="[3d]"></a>TIM8_BRK_IRQHandler</STRONG> (Thumb, 0 bytes, Stack size 0 bytes, startup_stm32u575xx.o(.text))
<BR>[Address Reference Count : 1]<UL><LI> startup_stm32u575xx.o(RESET)
</UL>
<P><STRONG><a name="[40]"></a>TIM8_CC_IRQHandler</STRONG> (Thumb, 0 bytes, Stack size 0 bytes, startup_stm32u575xx.o(.text))
<BR>[Address Reference Count : 1]<UL><LI> startup_stm32u575xx.o(RESET)
</UL>
<P><STRONG><a name="[3f]"></a>TIM8_TRG_COM_IRQHandler</STRONG> (Thumb, 0 bytes, Stack size 0 bytes, startup_stm32u575xx.o(.text))
<BR>[Address Reference Count : 1]<UL><LI> startup_stm32u575xx.o(RESET)
</UL>
<P><STRONG><a name="[3e]"></a>TIM8_UP_IRQHandler</STRONG> (Thumb, 0 bytes, Stack size 0 bytes, startup_stm32u575xx.o(.text))
<BR>[Address Reference Count : 1]<UL><LI> startup_stm32u575xx.o(RESET)
</UL>
<P><STRONG><a name="[66]"></a>TSC_IRQHandler</STRONG> (Thumb, 0 bytes, Stack size 0 bytes, startup_stm32u575xx.o(.text))
<BR>[Address Reference Count : 1]<UL><LI> startup_stm32u575xx.o(RESET)
</UL>
<P><STRONG><a name="[4a]"></a>UART4_IRQHandler</STRONG> (Thumb, 0 bytes, Stack size 0 bytes, startup_stm32u575xx.o(.text))
<BR>[Address Reference Count : 1]<UL><LI> startup_stm32u575xx.o(RESET)
</UL>
<P><STRONG><a name="[4b]"></a>UART5_IRQHandler</STRONG> (Thumb, 0 bytes, Stack size 0 bytes, startup_stm32u575xx.o(.text))
<BR>[Address Reference Count : 1]<UL><LI> startup_stm32u575xx.o(RESET)
</UL>
<P><STRONG><a name="[72]"></a>UCPD1_IRQHandler</STRONG> (Thumb, 0 bytes, Stack size 0 bytes, startup_stm32u575xx.o(.text))
<BR>[Address Reference Count : 1]<UL><LI> startup_stm32u575xx.o(RESET)
</UL>
<P><STRONG><a name="[48]"></a>USART2_IRQHandler</STRONG> (Thumb, 0 bytes, Stack size 0 bytes, startup_stm32u575xx.o(.text))
<BR>[Address Reference Count : 1]<UL><LI> startup_stm32u575xx.o(RESET)
</UL>
<P><STRONG><a name="[49]"></a>USART3_IRQHandler</STRONG> (Thumb, 0 bytes, Stack size 0 bytes, startup_stm32u575xx.o(.text))
<BR>[Address Reference Count : 1]<UL><LI> startup_stm32u575xx.o(RESET)
</UL>
<P><STRONG><a name="[b]"></a>WWDG_IRQHandler</STRONG> (Thumb, 0 bytes, Stack size 0 bytes, startup_stm32u575xx.o(.text))
<BR>[Address Reference Count : 1]<UL><LI> startup_stm32u575xx.o(RESET)
</UL>
<P><STRONG><a name="[8f]"></a>__aeabi_uldivmod</STRONG> (Thumb, 98 bytes, Stack size 40 bytes, uldiv.o(.text))
<BR><BR>[Stack]<UL><LI>Max Depth = 40<LI>Call Chain = __aeabi_uldivmod
</UL>
<BR>[Calls]<UL><LI><a href="#[90]">&gt;&gt;</a>&nbsp;&nbsp;&nbsp;__aeabi_llsr
<LI><a href="#[91]">&gt;&gt;</a>&nbsp;&nbsp;&nbsp;__aeabi_llsl
</UL>
<BR>[Called By]<UL><LI><a href="#[ce]">&gt;&gt;</a>&nbsp;&nbsp;&nbsp;_printf_core
<LI><a href="#[ba]">&gt;&gt;</a>&nbsp;&nbsp;&nbsp;UART_SetConfig
</UL>

<P><STRONG><a name="[93]"></a>__aeabi_memset</STRONG> (Thumb, 14 bytes, Stack size 0 bytes, memseta.o(.text), UNUSED)
<BR><BR>[Called By]<UL><LI><a href="#[94]">&gt;&gt;</a>&nbsp;&nbsp;&nbsp;_memset$wrapper
<LI><a href="#[92]">&gt;&gt;</a>&nbsp;&nbsp;&nbsp;__aeabi_memclr
</UL>

<P><STRONG><a name="[d7]"></a>__aeabi_memset4</STRONG> (Thumb, 0 bytes, Stack size 0 bytes, memseta.o(.text), UNUSED)

<P><STRONG><a name="[d8]"></a>__aeabi_memset8</STRONG> (Thumb, 0 bytes, Stack size 0 bytes, memseta.o(.text), UNUSED)

<P><STRONG><a name="[92]"></a>__aeabi_memclr</STRONG> (Thumb, 4 bytes, Stack size 0 bytes, memseta.o(.text), UNUSED)
<BR><BR>[Calls]<UL><LI><a href="#[93]">&gt;&gt;</a>&nbsp;&nbsp;&nbsp;__aeabi_memset
</UL>

<P><STRONG><a name="[c6]"></a>__aeabi_memclr4</STRONG> (Thumb, 0 bytes, Stack size 0 bytes, memseta.o(.text))
<BR><BR>[Called By]<UL><LI><a href="#[84]">&gt;&gt;</a>&nbsp;&nbsp;&nbsp;main
</UL>

<P><STRONG><a name="[bc]"></a>__aeabi_memclr8</STRONG> (Thumb, 0 bytes, Stack size 0 bytes, memseta.o(.text))
<BR><BR>[Called By]<UL><LI><a href="#[b8]">&gt;&gt;</a>&nbsp;&nbsp;&nbsp;HAL_UART_MspInit
</UL>

<P><STRONG><a name="[94]"></a>_memset$wrapper</STRONG> (Thumb, 18 bytes, Stack size 8 bytes, memseta.o(.text), UNUSED)
<BR><BR>[Calls]<UL><LI><a href="#[93]">&gt;&gt;</a>&nbsp;&nbsp;&nbsp;__aeabi_memset
</UL>

<P><STRONG><a name="[91]"></a>__aeabi_llsl</STRONG> (Thumb, 30 bytes, Stack size 0 bytes, llshl.o(.text))
<BR><BR>[Called By]<UL><LI><a href="#[8f]">&gt;&gt;</a>&nbsp;&nbsp;&nbsp;__aeabi_uldivmod
</UL>

<P><STRONG><a name="[d9]"></a>_ll_shift_l</STRONG> (Thumb, 0 bytes, Stack size 0 bytes, llshl.o(.text), UNUSED)

<P><STRONG><a name="[90]"></a>__aeabi_llsr</STRONG> (Thumb, 32 bytes, Stack size 0 bytes, llushr.o(.text))
<BR><BR>[Called By]<UL><LI><a href="#[8f]">&gt;&gt;</a>&nbsp;&nbsp;&nbsp;__aeabi_uldivmod
</UL>

<P><STRONG><a name="[da]"></a>_ll_ushift_r</STRONG> (Thumb, 0 bytes, Stack size 0 bytes, llushr.o(.text), UNUSED)

<P><STRONG><a name="[8e]"></a>__scatterload</STRONG> (Thumb, 38 bytes, Stack size 0 bytes, init.o(.text))
<BR><BR>[Calls]<UL><LI><a href="#[95]">&gt;&gt;</a>&nbsp;&nbsp;&nbsp;__main_after_scatterload
</UL>
<BR>[Called By]<UL><LI><a href="#[8d]">&gt;&gt;</a>&nbsp;&nbsp;&nbsp;_main_scatterload
</UL>

<P><STRONG><a name="[db]"></a>__scatterload_rt2</STRONG> (Thumb, 0 bytes, Stack size 0 bytes, init.o(.text), UNUSED)

<P><STRONG><a name="[4]"></a>BusFault_Handler</STRONG> (Thumb, 2 bytes, Stack size 0 bytes, stm32u5xx_it.o(.text.BusFault_Handler))
<BR><BR>[Calls]<UL><LI><a href="#[4]">&gt;&gt;</a>&nbsp;&nbsp;&nbsp;BusFault_Handler
</UL>
<BR>[Called By]<UL><LI><a href="#[4]">&gt;&gt;</a>&nbsp;&nbsp;&nbsp;BusFault_Handler
</UL>
<BR>[Address Reference Count : 1]<UL><LI> startup_stm32u575xx.o(RESET)
</UL>
<P><STRONG><a name="[8]"></a>DebugMon_Handler</STRONG> (Thumb, 2 bytes, Stack size 0 bytes, stm32u5xx_it.o(.text.DebugMon_Handler))
<BR>[Address Reference Count : 1]<UL><LI> startup_stm32u575xx.o(RESET)
</UL>
<P><STRONG><a name="[bd]"></a>Error_Handler</STRONG> (Thumb, 6 bytes, Stack size 0 bytes, main.o(.text.Error_Handler))
<BR><BR>[Called By]<UL><LI><a href="#[b8]">&gt;&gt;</a>&nbsp;&nbsp;&nbsp;HAL_UART_MspInit
</UL>

<P><STRONG><a name="[96]"></a>HAL_DMA_Abort</STRONG> (Thumb, 168 bytes, Stack size 16 bytes, stm32u5xx_hal_dma.o(.text.HAL_DMA_Abort))
<BR><BR>[Stack]<UL><LI>Max Depth = 16<LI>Call Chain = HAL_DMA_Abort
</UL>
<BR>[Calls]<UL><LI><a href="#[97]">&gt;&gt;</a>&nbsp;&nbsp;&nbsp;HAL_GetTick
</UL>
<BR>[Called By]<UL><LI><a href="#[b0]">&gt;&gt;</a>&nbsp;&nbsp;&nbsp;HAL_UART_IRQHandler
</UL>

<P><STRONG><a name="[b6]"></a>HAL_DMA_Abort_IT</STRONG> (Thumb, 40 bytes, Stack size 0 bytes, stm32u5xx_hal_dma.o(.text.HAL_DMA_Abort_IT))
<BR><BR>[Called By]<UL><LI><a href="#[b0]">&gt;&gt;</a>&nbsp;&nbsp;&nbsp;HAL_UART_IRQHandler
</UL>

<P><STRONG><a name="[98]"></a>HAL_Delay</STRONG> (Thumb, 40 bytes, Stack size 16 bytes, stm32u5xx_hal.o(.text.HAL_Delay))
<BR><BR>[Stack]<UL><LI>Max Depth = 16<LI>Call Chain = HAL_Delay
</UL>
<BR>[Calls]<UL><LI><a href="#[97]">&gt;&gt;</a>&nbsp;&nbsp;&nbsp;HAL_GetTick
</UL>
<BR>[Called By]<UL><LI><a href="#[84]">&gt;&gt;</a>&nbsp;&nbsp;&nbsp;main
</UL>

<P><STRONG><a name="[be]"></a>HAL_GPIO_Init</STRONG> (Thumb, 578 bytes, Stack size 48 bytes, stm32u5xx_hal_gpio.o(.text.HAL_GPIO_Init))
<BR><BR>[Stack]<UL><LI>Max Depth = 48<LI>Call Chain = HAL_GPIO_Init
</UL>
<BR>[Called By]<UL><LI><a href="#[b8]">&gt;&gt;</a>&nbsp;&nbsp;&nbsp;HAL_UART_MspInit
</UL>

<P><STRONG><a name="[97]"></a>HAL_GetTick</STRONG> (Thumb, 12 bytes, Stack size 0 bytes, stm32u5xx_hal.o(.text.HAL_GetTick))
<BR><BR>[Called By]<UL><LI><a href="#[96]">&gt;&gt;</a>&nbsp;&nbsp;&nbsp;HAL_DMA_Abort
<LI><a href="#[ac]">&gt;&gt;</a>&nbsp;&nbsp;&nbsp;RCCEx_PLL3_Config
<LI><a href="#[ab]">&gt;&gt;</a>&nbsp;&nbsp;&nbsp;RCCEx_PLL2_Config
<LI><a href="#[aa]">&gt;&gt;</a>&nbsp;&nbsp;&nbsp;HAL_RCCEx_PeriphCLKConfig
<LI><a href="#[98]">&gt;&gt;</a>&nbsp;&nbsp;&nbsp;HAL_Delay
<LI><a href="#[ad]">&gt;&gt;</a>&nbsp;&nbsp;&nbsp;HAL_RCC_ClockConfig
<LI><a href="#[ae]">&gt;&gt;</a>&nbsp;&nbsp;&nbsp;HAL_RCC_OscConfig
<LI><a href="#[c3]">&gt;&gt;</a>&nbsp;&nbsp;&nbsp;HAL_UART_Transmit
<LI><a href="#[c5]">&gt;&gt;</a>&nbsp;&nbsp;&nbsp;UART_WaitOnFlagUntilTimeout
<LI><a href="#[bb]">&gt;&gt;</a>&nbsp;&nbsp;&nbsp;UART_CheckIdleState
</UL>

<P><STRONG><a name="[c4]"></a>HAL_IncTick</STRONG> (Thumb, 26 bytes, Stack size 0 bytes, stm32u5xx_hal.o(.text.HAL_IncTick))
<BR><BR>[Called By]<UL><LI><a href="#[a]">&gt;&gt;</a>&nbsp;&nbsp;&nbsp;SysTick_Handler
</UL>

<P><STRONG><a name="[99]"></a>HAL_Init</STRONG> (Thumb, 92 bytes, Stack size 8 bytes, stm32u5xx_hal.o(.text.HAL_Init))
<BR><BR>[Stack]<UL><LI>Max Depth = 32<LI>Call Chain = HAL_Init &rArr; HAL_InitTick &rArr; HAL_NVIC_SetPriority
</UL>
<BR>[Calls]<UL><LI><a href="#[9d]">&gt;&gt;</a>&nbsp;&nbsp;&nbsp;HAL_InitTick
<LI><a href="#[9b]">&gt;&gt;</a>&nbsp;&nbsp;&nbsp;HAL_RCC_GetSysClockFreq
<LI><a href="#[9c]">&gt;&gt;</a>&nbsp;&nbsp;&nbsp;HAL_SYSTICK_CLKSourceConfig
<LI><a href="#[9a]">&gt;&gt;</a>&nbsp;&nbsp;&nbsp;HAL_NVIC_SetPriorityGrouping
<LI><a href="#[9e]">&gt;&gt;</a>&nbsp;&nbsp;&nbsp;HAL_MspInit
</UL>
<BR>[Called By]<UL><LI><a href="#[84]">&gt;&gt;</a>&nbsp;&nbsp;&nbsp;main
</UL>

<P><STRONG><a name="[9d]"></a>HAL_InitTick</STRONG> (Thumb, 168 bytes, Stack size 16 bytes, stm32u5xx_hal.o(.text.HAL_InitTick))
<BR><BR>[Stack]<UL><LI>Max Depth = 24<LI>Call Chain = HAL_InitTick &rArr; HAL_NVIC_SetPriority
</UL>
<BR>[Calls]<UL><LI><a href="#[9f]">&gt;&gt;</a>&nbsp;&nbsp;&nbsp;HAL_SYSTICK_GetCLKSourceConfig
<LI><a href="#[a0]">&gt;&gt;</a>&nbsp;&nbsp;&nbsp;HAL_SYSTICK_Config
<LI><a href="#[a1]">&gt;&gt;</a>&nbsp;&nbsp;&nbsp;HAL_NVIC_SetPriority
</UL>
<BR>[Called By]<UL><LI><a href="#[ad]">&gt;&gt;</a>&nbsp;&nbsp;&nbsp;HAL_RCC_ClockConfig
<LI><a href="#[ae]">&gt;&gt;</a>&nbsp;&nbsp;&nbsp;HAL_RCC_OscConfig
<LI><a href="#[99]">&gt;&gt;</a>&nbsp;&nbsp;&nbsp;HAL_Init
</UL>

<P><STRONG><a name="[9e]"></a>HAL_MspInit</STRONG> (Thumb, 32 bytes, Stack size 4 bytes, stm32u5xx_hal_msp.o(.text.HAL_MspInit))
<BR><BR>[Stack]<UL><LI>Max Depth = 4<LI>Call Chain = HAL_MspInit
</UL>
<BR>[Called By]<UL><LI><a href="#[99]">&gt;&gt;</a>&nbsp;&nbsp;&nbsp;HAL_Init
</UL>

<P><STRONG><a name="[bf]"></a>HAL_NVIC_EnableIRQ</STRONG> (Thumb, 34 bytes, Stack size 0 bytes, stm32u5xx_hal_cortex.o(.text.HAL_NVIC_EnableIRQ))
<BR><BR>[Called By]<UL><LI><a href="#[b8]">&gt;&gt;</a>&nbsp;&nbsp;&nbsp;HAL_UART_MspInit
</UL>

<P><STRONG><a name="[a1]"></a>HAL_NVIC_SetPriority</STRONG> (Thumb, 86 bytes, Stack size 8 bytes, stm32u5xx_hal_cortex.o(.text.HAL_NVIC_SetPriority))
<BR><BR>[Stack]<UL><LI>Max Depth = 8<LI>Call Chain = HAL_NVIC_SetPriority
</UL>
<BR>[Called By]<UL><LI><a href="#[9d]">&gt;&gt;</a>&nbsp;&nbsp;&nbsp;HAL_InitTick
<LI><a href="#[b8]">&gt;&gt;</a>&nbsp;&nbsp;&nbsp;HAL_UART_MspInit
</UL>

<P><STRONG><a name="[9a]"></a>HAL_NVIC_SetPriorityGrouping</STRONG> (Thumb, 32 bytes, Stack size 0 bytes, stm32u5xx_hal_cortex.o(.text.HAL_NVIC_SetPriorityGrouping))
<BR><BR>[Called By]<UL><LI><a href="#[99]">&gt;&gt;</a>&nbsp;&nbsp;&nbsp;HAL_Init
</UL>

<P><STRONG><a name="[c7]"></a>HAL_PWREx_ControlVoltageScaling</STRONG> (Thumb, 250 bytes, Stack size 0 bytes, stm32u5xx_hal_pwr_ex.o(.text.HAL_PWREx_ControlVoltageScaling))
<BR><BR>[Called By]<UL><LI><a href="#[84]">&gt;&gt;</a>&nbsp;&nbsp;&nbsp;main
</UL>

<P><STRONG><a name="[af]"></a>HAL_PWREx_GetVoltageRange</STRONG> (Thumb, 16 bytes, Stack size 0 bytes, stm32u5xx_hal_pwr_ex.o(.text.HAL_PWREx_GetVoltageRange))
<BR><BR>[Called By]<UL><LI><a href="#[ae]">&gt;&gt;</a>&nbsp;&nbsp;&nbsp;HAL_RCC_OscConfig
</UL>

<P><STRONG><a name="[a4]"></a>HAL_RCCEx_GetPLL1ClockFreq</STRONG> (Thumb, 380 bytes, Stack size 16 bytes, stm32u5xx_hal_rcc_ex.o(.text.HAL_RCCEx_GetPLL1ClockFreq))
<BR><BR>[Stack]<UL><LI>Max Depth = 16<LI>Call Chain = HAL_RCCEx_GetPLL1ClockFreq
</UL>
<BR>[Called By]<UL><LI><a href="#[a2]">&gt;&gt;</a>&nbsp;&nbsp;&nbsp;HAL_RCCEx_GetPeriphCLKFreq
</UL>

<P><STRONG><a name="[a9]"></a>HAL_RCCEx_GetPLL2ClockFreq</STRONG> (Thumb, 380 bytes, Stack size 16 bytes, stm32u5xx_hal_rcc_ex.o(.text.HAL_RCCEx_GetPLL2ClockFreq))
<BR><BR>[Stack]<UL><LI>Max Depth = 16<LI>Call Chain = HAL_RCCEx_GetPLL2ClockFreq
</UL>
<BR>[Called By]<UL><LI><a href="#[a2]">&gt;&gt;</a>&nbsp;&nbsp;&nbsp;HAL_RCCEx_GetPeriphCLKFreq
</UL>

<P><STRONG><a name="[a3]"></a>HAL_RCCEx_GetPLL3ClockFreq</STRONG> (Thumb, 380 bytes, Stack size 16 bytes, stm32u5xx_hal_rcc_ex.o(.text.HAL_RCCEx_GetPLL3ClockFreq))
<BR><BR>[Stack]<UL><LI>Max Depth = 16<LI>Call Chain = HAL_RCCEx_GetPLL3ClockFreq
</UL>
<BR>[Called By]<UL><LI><a href="#[a2]">&gt;&gt;</a>&nbsp;&nbsp;&nbsp;HAL_RCCEx_GetPeriphCLKFreq
</UL>

<P><STRONG><a name="[a2]"></a>HAL_RCCEx_GetPeriphCLKFreq</STRONG> (Thumb, 2278 bytes, Stack size 24 bytes, stm32u5xx_hal_rcc_ex.o(.text.HAL_RCCEx_GetPeriphCLKFreq))
<BR><BR>[Stack]<UL><LI>Max Depth = 40<LI>Call Chain = HAL_RCCEx_GetPeriphCLKFreq &rArr; HAL_RCCEx_GetPLL3ClockFreq
</UL>
<BR>[Calls]<UL><LI><a href="#[a3]">&gt;&gt;</a>&nbsp;&nbsp;&nbsp;HAL_RCCEx_GetPLL3ClockFreq
<LI><a href="#[a9]">&gt;&gt;</a>&nbsp;&nbsp;&nbsp;HAL_RCCEx_GetPLL2ClockFreq
<LI><a href="#[a4]">&gt;&gt;</a>&nbsp;&nbsp;&nbsp;HAL_RCCEx_GetPLL1ClockFreq
<LI><a href="#[a5]">&gt;&gt;</a>&nbsp;&nbsp;&nbsp;HAL_RCC_GetPCLK3Freq
<LI><a href="#[a6]">&gt;&gt;</a>&nbsp;&nbsp;&nbsp;HAL_RCC_GetPCLK2Freq
<LI><a href="#[a8]">&gt;&gt;</a>&nbsp;&nbsp;&nbsp;HAL_RCC_GetPCLK1Freq
<LI><a href="#[a7]">&gt;&gt;</a>&nbsp;&nbsp;&nbsp;HAL_RCC_GetHCLKFreq
<LI><a href="#[9b]">&gt;&gt;</a>&nbsp;&nbsp;&nbsp;HAL_RCC_GetSysClockFreq
</UL>
<BR>[Called By]<UL><LI><a href="#[ba]">&gt;&gt;</a>&nbsp;&nbsp;&nbsp;UART_SetConfig
</UL>

<P><STRONG><a name="[aa]"></a>HAL_RCCEx_PeriphCLKConfig</STRONG> (Thumb, 1458 bytes, Stack size 40 bytes, stm32u5xx_hal_rcc_ex.o(.text.HAL_RCCEx_PeriphCLKConfig))
<BR><BR>[Stack]<UL><LI>Max Depth = 56<LI>Call Chain = HAL_RCCEx_PeriphCLKConfig &rArr; RCCEx_PLL3_Config
</UL>
<BR>[Calls]<UL><LI><a href="#[ac]">&gt;&gt;</a>&nbsp;&nbsp;&nbsp;RCCEx_PLL3_Config
<LI><a href="#[ab]">&gt;&gt;</a>&nbsp;&nbsp;&nbsp;RCCEx_PLL2_Config
<LI><a href="#[97]">&gt;&gt;</a>&nbsp;&nbsp;&nbsp;HAL_GetTick
</UL>
<BR>[Called By]<UL><LI><a href="#[b8]">&gt;&gt;</a>&nbsp;&nbsp;&nbsp;HAL_UART_MspInit
</UL>

<P><STRONG><a name="[ad]"></a>HAL_RCC_ClockConfig</STRONG> (Thumb, 762 bytes, Stack size 40 bytes, stm32u5xx_hal_rcc.o(.text.HAL_RCC_ClockConfig))
<BR><BR>[Stack]<UL><LI>Max Depth = 64<LI>Call Chain = HAL_RCC_ClockConfig &rArr; HAL_InitTick &rArr; HAL_NVIC_SetPriority
</UL>
<BR>[Calls]<UL><LI><a href="#[97]">&gt;&gt;</a>&nbsp;&nbsp;&nbsp;HAL_GetTick
<LI><a href="#[9d]">&gt;&gt;</a>&nbsp;&nbsp;&nbsp;HAL_InitTick
<LI><a href="#[9b]">&gt;&gt;</a>&nbsp;&nbsp;&nbsp;HAL_RCC_GetSysClockFreq
</UL>
<BR>[Called By]<UL><LI><a href="#[84]">&gt;&gt;</a>&nbsp;&nbsp;&nbsp;main
</UL>

<P><STRONG><a name="[a7]"></a>HAL_RCC_GetHCLKFreq</STRONG> (Thumb, 44 bytes, Stack size 8 bytes, stm32u5xx_hal_rcc.o(.text.HAL_RCC_GetHCLKFreq))
<BR><BR>[Stack]<UL><LI>Max Depth = 8<LI>Call Chain = HAL_RCC_GetHCLKFreq
</UL>
<BR>[Calls]<UL><LI><a href="#[9b]">&gt;&gt;</a>&nbsp;&nbsp;&nbsp;HAL_RCC_GetSysClockFreq
</UL>
<BR>[Called By]<UL><LI><a href="#[a2]">&gt;&gt;</a>&nbsp;&nbsp;&nbsp;HAL_RCCEx_GetPeriphCLKFreq
</UL>

<P><STRONG><a name="[a8]"></a>HAL_RCC_GetPCLK1Freq</STRONG> (Thumb, 62 bytes, Stack size 8 bytes, stm32u5xx_hal_rcc.o(.text.HAL_RCC_GetPCLK1Freq))
<BR><BR>[Stack]<UL><LI>Max Depth = 8<LI>Call Chain = HAL_RCC_GetPCLK1Freq
</UL>
<BR>[Calls]<UL><LI><a href="#[9b]">&gt;&gt;</a>&nbsp;&nbsp;&nbsp;HAL_RCC_GetSysClockFreq
</UL>
<BR>[Called By]<UL><LI><a href="#[a2]">&gt;&gt;</a>&nbsp;&nbsp;&nbsp;HAL_RCCEx_GetPeriphCLKFreq
</UL>

<P><STRONG><a name="[a6]"></a>HAL_RCC_GetPCLK2Freq</STRONG> (Thumb, 62 bytes, Stack size 8 bytes, stm32u5xx_hal_rcc.o(.text.HAL_RCC_GetPCLK2Freq))
<BR><BR>[Stack]<UL><LI>Max Depth = 8<LI>Call Chain = HAL_RCC_GetPCLK2Freq
</UL>
<BR>[Calls]<UL><LI><a href="#[9b]">&gt;&gt;</a>&nbsp;&nbsp;&nbsp;HAL_RCC_GetSysClockFreq
</UL>
<BR>[Called By]<UL><LI><a href="#[a2]">&gt;&gt;</a>&nbsp;&nbsp;&nbsp;HAL_RCCEx_GetPeriphCLKFreq
</UL>

<P><STRONG><a name="[a5]"></a>HAL_RCC_GetPCLK3Freq</STRONG> (Thumb, 62 bytes, Stack size 8 bytes, stm32u5xx_hal_rcc.o(.text.HAL_RCC_GetPCLK3Freq))
<BR><BR>[Stack]<UL><LI>Max Depth = 8<LI>Call Chain = HAL_RCC_GetPCLK3Freq
</UL>
<BR>[Calls]<UL><LI><a href="#[9b]">&gt;&gt;</a>&nbsp;&nbsp;&nbsp;HAL_RCC_GetSysClockFreq
</UL>
<BR>[Called By]<UL><LI><a href="#[a2]">&gt;&gt;</a>&nbsp;&nbsp;&nbsp;HAL_RCCEx_GetPeriphCLKFreq
</UL>

<P><STRONG><a name="[9b]"></a>HAL_RCC_GetSysClockFreq</STRONG> (Thumb, 252 bytes, Stack size 0 bytes, stm32u5xx_hal_rcc.o(.text.HAL_RCC_GetSysClockFreq))
<BR><BR>[Called By]<UL><LI><a href="#[a2]">&gt;&gt;</a>&nbsp;&nbsp;&nbsp;HAL_RCCEx_GetPeriphCLKFreq
<LI><a href="#[a5]">&gt;&gt;</a>&nbsp;&nbsp;&nbsp;HAL_RCC_GetPCLK3Freq
<LI><a href="#[a6]">&gt;&gt;</a>&nbsp;&nbsp;&nbsp;HAL_RCC_GetPCLK2Freq
<LI><a href="#[a8]">&gt;&gt;</a>&nbsp;&nbsp;&nbsp;HAL_RCC_GetPCLK1Freq
<LI><a href="#[a7]">&gt;&gt;</a>&nbsp;&nbsp;&nbsp;HAL_RCC_GetHCLKFreq
<LI><a href="#[ad]">&gt;&gt;</a>&nbsp;&nbsp;&nbsp;HAL_RCC_ClockConfig
<LI><a href="#[ae]">&gt;&gt;</a>&nbsp;&nbsp;&nbsp;HAL_RCC_OscConfig
<LI><a href="#[99]">&gt;&gt;</a>&nbsp;&nbsp;&nbsp;HAL_Init
</UL>

<P><STRONG><a name="[ae]"></a>HAL_RCC_OscConfig</STRONG> (Thumb, 2936 bytes, Stack size 32 bytes, stm32u5xx_hal_rcc.o(.text.HAL_RCC_OscConfig))
<BR><BR>[Stack]<UL><LI>Max Depth = 56<LI>Call Chain = HAL_RCC_OscConfig &rArr; HAL_InitTick &rArr; HAL_NVIC_SetPriority
</UL>
<BR>[Calls]<UL><LI><a href="#[af]">&gt;&gt;</a>&nbsp;&nbsp;&nbsp;HAL_PWREx_GetVoltageRange
<LI><a href="#[97]">&gt;&gt;</a>&nbsp;&nbsp;&nbsp;HAL_GetTick
<LI><a href="#[9d]">&gt;&gt;</a>&nbsp;&nbsp;&nbsp;HAL_InitTick
<LI><a href="#[9b]">&gt;&gt;</a>&nbsp;&nbsp;&nbsp;HAL_RCC_GetSysClockFreq
</UL>
<BR>[Called By]<UL><LI><a href="#[84]">&gt;&gt;</a>&nbsp;&nbsp;&nbsp;main
</UL>

<P><STRONG><a name="[9c]"></a>HAL_SYSTICK_CLKSourceConfig</STRONG> (Thumb, 118 bytes, Stack size 0 bytes, stm32u5xx_hal_cortex.o(.text.HAL_SYSTICK_CLKSourceConfig))
<BR><BR>[Called By]<UL><LI><a href="#[99]">&gt;&gt;</a>&nbsp;&nbsp;&nbsp;HAL_Init
</UL>

<P><STRONG><a name="[a0]"></a>HAL_SYSTICK_Config</STRONG> (Thumb, 36 bytes, Stack size 0 bytes, stm32u5xx_hal_cortex.o(.text.HAL_SYSTICK_Config))
<BR><BR>[Called By]<UL><LI><a href="#[9d]">&gt;&gt;</a>&nbsp;&nbsp;&nbsp;HAL_InitTick
</UL>

<P><STRONG><a name="[9f]"></a>HAL_SYSTICK_GetCLKSourceConfig</STRONG> (Thumb, 40 bytes, Stack size 0 bytes, stm32u5xx_hal_cortex.o(.text.HAL_SYSTICK_GetCLKSourceConfig))
<BR><BR>[Called By]<UL><LI><a href="#[9d]">&gt;&gt;</a>&nbsp;&nbsp;&nbsp;HAL_InitTick
</UL>

<P><STRONG><a name="[ca]"></a>HAL_UARTEx_DisableFifoMode</STRONG> (Thumb, 54 bytes, Stack size 0 bytes, stm32u5xx_hal_uart_ex.o(.text.HAL_UARTEx_DisableFifoMode))
<BR><BR>[Called By]<UL><LI><a href="#[84]">&gt;&gt;</a>&nbsp;&nbsp;&nbsp;main
</UL>

<P><STRONG><a name="[b2]"></a>HAL_UARTEx_RxEventCallback</STRONG> (Thumb, 2 bytes, Stack size 0 bytes, stm32u5xx_hal_uart.o(.text.HAL_UARTEx_RxEventCallback))
<BR><BR>[Called By]<UL><LI><a href="#[8b]">&gt;&gt;</a>&nbsp;&nbsp;&nbsp;UART_RxISR_16BIT_FIFOEN
<LI><a href="#[88]">&gt;&gt;</a>&nbsp;&nbsp;&nbsp;UART_RxISR_16BIT
<LI><a href="#[8a]">&gt;&gt;</a>&nbsp;&nbsp;&nbsp;UART_RxISR_8BIT_FIFOEN
<LI><a href="#[89]">&gt;&gt;</a>&nbsp;&nbsp;&nbsp;UART_RxISR_8BIT
<LI><a href="#[b0]">&gt;&gt;</a>&nbsp;&nbsp;&nbsp;HAL_UART_IRQHandler
</UL>

<P><STRONG><a name="[b4]"></a>HAL_UARTEx_RxFifoFullCallback</STRONG> (Thumb, 2 bytes, Stack size 0 bytes, stm32u5xx_hal_uart_ex.o(.text.HAL_UARTEx_RxFifoFullCallback))
<BR><BR>[Called By]<UL><LI><a href="#[b0]">&gt;&gt;</a>&nbsp;&nbsp;&nbsp;HAL_UART_IRQHandler
</UL>

<P><STRONG><a name="[c9]"></a>HAL_UARTEx_SetRxFifoThreshold</STRONG> (Thumb, 140 bytes, Stack size 16 bytes, stm32u5xx_hal_uart_ex.o(.text.HAL_UARTEx_SetRxFifoThreshold))
<BR><BR>[Stack]<UL><LI>Max Depth = 16<LI>Call Chain = HAL_UARTEx_SetRxFifoThreshold
</UL>
<BR>[Called By]<UL><LI><a href="#[84]">&gt;&gt;</a>&nbsp;&nbsp;&nbsp;main
</UL>

<P><STRONG><a name="[c8]"></a>HAL_UARTEx_SetTxFifoThreshold</STRONG> (Thumb, 140 bytes, Stack size 16 bytes, stm32u5xx_hal_uart_ex.o(.text.HAL_UARTEx_SetTxFifoThreshold))
<BR><BR>[Stack]<UL><LI>Max Depth = 16<LI>Call Chain = HAL_UARTEx_SetTxFifoThreshold
</UL>
<BR>[Called By]<UL><LI><a href="#[84]">&gt;&gt;</a>&nbsp;&nbsp;&nbsp;main
</UL>

<P><STRONG><a name="[b3]"></a>HAL_UARTEx_TxFifoEmptyCallback</STRONG> (Thumb, 2 bytes, Stack size 0 bytes, stm32u5xx_hal_uart_ex.o(.text.HAL_UARTEx_TxFifoEmptyCallback))
<BR><BR>[Called By]<UL><LI><a href="#[b0]">&gt;&gt;</a>&nbsp;&nbsp;&nbsp;HAL_UART_IRQHandler
</UL>

<P><STRONG><a name="[b5]"></a>HAL_UART_ErrorCallback</STRONG> (Thumb, 2 bytes, Stack size 0 bytes, stm32u5xx_hal_uart.o(.text.HAL_UART_ErrorCallback))
<BR><BR>[Called By]<UL><LI><a href="#[87]">&gt;&gt;</a>&nbsp;&nbsp;&nbsp;UART_DMAAbortOnError
<LI><a href="#[8b]">&gt;&gt;</a>&nbsp;&nbsp;&nbsp;UART_RxISR_16BIT_FIFOEN
<LI><a href="#[8a]">&gt;&gt;</a>&nbsp;&nbsp;&nbsp;UART_RxISR_8BIT_FIFOEN
<LI><a href="#[b0]">&gt;&gt;</a>&nbsp;&nbsp;&nbsp;HAL_UART_IRQHandler
</UL>

<P><STRONG><a name="[b0]"></a>HAL_UART_IRQHandler</STRONG> (Thumb, 1436 bytes, Stack size 16 bytes, stm32u5xx_hal_uart.o(.text.HAL_UART_IRQHandler))
<BR><BR>[Stack]<UL><LI>Max Depth = 32<LI>Call Chain = HAL_UART_IRQHandler &rArr; HAL_DMA_Abort
</UL>
<BR>[Calls]<UL><LI><a href="#[b6]">&gt;&gt;</a>&nbsp;&nbsp;&nbsp;HAL_DMA_Abort_IT
<LI><a href="#[96]">&gt;&gt;</a>&nbsp;&nbsp;&nbsp;HAL_DMA_Abort
<LI><a href="#[b4]">&gt;&gt;</a>&nbsp;&nbsp;&nbsp;HAL_UARTEx_RxFifoFullCallback
<LI><a href="#[b3]">&gt;&gt;</a>&nbsp;&nbsp;&nbsp;HAL_UARTEx_TxFifoEmptyCallback
<LI><a href="#[b2]">&gt;&gt;</a>&nbsp;&nbsp;&nbsp;HAL_UARTEx_RxEventCallback
<LI><a href="#[b5]">&gt;&gt;</a>&nbsp;&nbsp;&nbsp;HAL_UART_ErrorCallback
<LI><a href="#[b1]">&gt;&gt;</a>&nbsp;&nbsp;&nbsp;HAL_UART_TxCpltCallback
</UL>
<BR>[Called By]<UL><LI><a href="#[47]">&gt;&gt;</a>&nbsp;&nbsp;&nbsp;USART1_IRQHandler
</UL>

<P><STRONG><a name="[b7]"></a>HAL_UART_Init</STRONG> (Thumb, 100 bytes, Stack size 8 bytes, stm32u5xx_hal_uart.o(.text.HAL_UART_Init))
<BR><BR>[Stack]<UL><LI>Max Depth = 304<LI>Call Chain = HAL_UART_Init &rArr; HAL_UART_MspInit &rArr; HAL_RCCEx_PeriphCLKConfig &rArr; RCCEx_PLL3_Config
</UL>
<BR>[Calls]<UL><LI><a href="#[b8]">&gt;&gt;</a>&nbsp;&nbsp;&nbsp;HAL_UART_MspInit
<LI><a href="#[bb]">&gt;&gt;</a>&nbsp;&nbsp;&nbsp;UART_CheckIdleState
<LI><a href="#[ba]">&gt;&gt;</a>&nbsp;&nbsp;&nbsp;UART_SetConfig
<LI><a href="#[b9]">&gt;&gt;</a>&nbsp;&nbsp;&nbsp;UART_AdvFeatureConfig
</UL>
<BR>[Called By]<UL><LI><a href="#[84]">&gt;&gt;</a>&nbsp;&nbsp;&nbsp;main
</UL>

<P><STRONG><a name="[b8]"></a>HAL_UART_MspInit</STRONG> (Thumb, 164 bytes, Stack size 240 bytes, stm32u5xx_hal_msp.o(.text.HAL_UART_MspInit))
<BR><BR>[Stack]<UL><LI>Max Depth = 296<LI>Call Chain = HAL_UART_MspInit &rArr; HAL_RCCEx_PeriphCLKConfig &rArr; RCCEx_PLL3_Config
</UL>
<BR>[Calls]<UL><LI><a href="#[bf]">&gt;&gt;</a>&nbsp;&nbsp;&nbsp;HAL_NVIC_EnableIRQ
<LI><a href="#[a1]">&gt;&gt;</a>&nbsp;&nbsp;&nbsp;HAL_NVIC_SetPriority
<LI><a href="#[be]">&gt;&gt;</a>&nbsp;&nbsp;&nbsp;HAL_GPIO_Init
<LI><a href="#[aa]">&gt;&gt;</a>&nbsp;&nbsp;&nbsp;HAL_RCCEx_PeriphCLKConfig
<LI><a href="#[bd]">&gt;&gt;</a>&nbsp;&nbsp;&nbsp;Error_Handler
<LI><a href="#[bc]">&gt;&gt;</a>&nbsp;&nbsp;&nbsp;__aeabi_memclr8
</UL>
<BR>[Called By]<UL><LI><a href="#[b7]">&gt;&gt;</a>&nbsp;&nbsp;&nbsp;HAL_UART_Init
</UL>

<P><STRONG><a name="[c0]"></a>HAL_UART_Receive_IT</STRONG> (Thumb, 194 bytes, Stack size 8 bytes, stm32u5xx_hal_uart.o(.text.HAL_UART_Receive_IT))
<BR><BR>[Stack]<UL><LI>Max Depth = 8<LI>Call Chain = HAL_UART_Receive_IT
</UL>
<BR>[Calls]<UL><LI><a href="#[c1]">&gt;&gt;</a>&nbsp;&nbsp;&nbsp;UART_Start_Receive_IT
</UL>
<BR>[Called By]<UL><LI><a href="#[c2]">&gt;&gt;</a>&nbsp;&nbsp;&nbsp;HAL_UART_RxCpltCallback
<LI><a href="#[84]">&gt;&gt;</a>&nbsp;&nbsp;&nbsp;main
</UL>

<P><STRONG><a name="[c2]"></a>HAL_UART_RxCpltCallback</STRONG> (Thumb, 42 bytes, Stack size 0 bytes, main.o(.text.HAL_UART_RxCpltCallback))
<BR><BR>[Stack]<UL><LI>Max Depth = 8<LI>Call Chain = HAL_UART_RxCpltCallback &rArr; HAL_UART_Receive_IT
</UL>
<BR>[Calls]<UL><LI><a href="#[c0]">&gt;&gt;</a>&nbsp;&nbsp;&nbsp;HAL_UART_Receive_IT
</UL>
<BR>[Called By]<UL><LI><a href="#[8b]">&gt;&gt;</a>&nbsp;&nbsp;&nbsp;UART_RxISR_16BIT_FIFOEN
<LI><a href="#[88]">&gt;&gt;</a>&nbsp;&nbsp;&nbsp;UART_RxISR_16BIT
<LI><a href="#[8a]">&gt;&gt;</a>&nbsp;&nbsp;&nbsp;UART_RxISR_8BIT_FIFOEN
<LI><a href="#[89]">&gt;&gt;</a>&nbsp;&nbsp;&nbsp;UART_RxISR_8BIT
</UL>

<P><STRONG><a name="[c3]"></a>HAL_UART_Transmit</STRONG> (Thumb, 424 bytes, Stack size 24 bytes, stm32u5xx_hal_uart.o(.text.HAL_UART_Transmit))
<BR><BR>[Stack]<UL><LI>Max Depth = 24<LI>Call Chain = HAL_UART_Transmit
</UL>
<BR>[Calls]<UL><LI><a href="#[97]">&gt;&gt;</a>&nbsp;&nbsp;&nbsp;HAL_GetTick
</UL>
<BR>[Called By]<UL><LI><a href="#[8c]">&gt;&gt;</a>&nbsp;&nbsp;&nbsp;fputc
</UL>

<P><STRONG><a name="[b1]"></a>HAL_UART_TxCpltCallback</STRONG> (Thumb, 2 bytes, Stack size 0 bytes, stm32u5xx_hal_uart.o(.text.HAL_UART_TxCpltCallback))
<BR><BR>[Called By]<UL><LI><a href="#[b0]">&gt;&gt;</a>&nbsp;&nbsp;&nbsp;HAL_UART_IRQHandler
</UL>

<P><STRONG><a name="[2]"></a>HardFault_Handler</STRONG> (Thumb, 2 bytes, Stack size 0 bytes, stm32u5xx_it.o(.text.HardFault_Handler))
<BR><BR>[Calls]<UL><LI><a href="#[2]">&gt;&gt;</a>&nbsp;&nbsp;&nbsp;HardFault_Handler
</UL>
<BR>[Called By]<UL><LI><a href="#[2]">&gt;&gt;</a>&nbsp;&nbsp;&nbsp;HardFault_Handler
</UL>
<BR>[Address Reference Count : 1]<UL><LI> startup_stm32u575xx.o(RESET)
</UL>
<P><STRONG><a name="[3]"></a>MemManage_Handler</STRONG> (Thumb, 2 bytes, Stack size 0 bytes, stm32u5xx_it.o(.text.MemManage_Handler))
<BR><BR>[Calls]<UL><LI><a href="#[3]">&gt;&gt;</a>&nbsp;&nbsp;&nbsp;MemManage_Handler
</UL>
<BR>[Called By]<UL><LI><a href="#[3]">&gt;&gt;</a>&nbsp;&nbsp;&nbsp;MemManage_Handler
</UL>
<BR>[Address Reference Count : 1]<UL><LI> startup_stm32u575xx.o(RESET)
</UL>
<P><STRONG><a name="[1]"></a>NMI_Handler</STRONG> (Thumb, 2 bytes, Stack size 0 bytes, stm32u5xx_it.o(.text.NMI_Handler))
<BR><BR>[Calls]<UL><LI><a href="#[1]">&gt;&gt;</a>&nbsp;&nbsp;&nbsp;NMI_Handler
</UL>
<BR>[Called By]<UL><LI><a href="#[1]">&gt;&gt;</a>&nbsp;&nbsp;&nbsp;NMI_Handler
</UL>
<BR>[Address Reference Count : 1]<UL><LI> startup_stm32u575xx.o(RESET)
</UL>
<P><STRONG><a name="[9]"></a>PendSV_Handler</STRONG> (Thumb, 2 bytes, Stack size 0 bytes, stm32u5xx_it.o(.text.PendSV_Handler))
<BR>[Address Reference Count : 1]<UL><LI> startup_stm32u575xx.o(RESET)
</UL>
<P><STRONG><a name="[7]"></a>SVC_Handler</STRONG> (Thumb, 2 bytes, Stack size 0 bytes, stm32u5xx_it.o(.text.SVC_Handler))
<BR>[Address Reference Count : 1]<UL><LI> startup_stm32u575xx.o(RESET)
</UL>
<P><STRONG><a name="[a]"></a>SysTick_Handler</STRONG> (Thumb, 4 bytes, Stack size 0 bytes, stm32u5xx_it.o(.text.SysTick_Handler))
<BR><BR>[Calls]<UL><LI><a href="#[c4]">&gt;&gt;</a>&nbsp;&nbsp;&nbsp;HAL_IncTick
</UL>
<BR>[Address Reference Count : 1]<UL><LI> startup_stm32u575xx.o(RESET)
</UL>
<P><STRONG><a name="[85]"></a>SystemInit</STRONG> (Thumb, 76 bytes, Stack size 0 bytes, system_stm32u5xx.o(.text.SystemInit))
<BR>[Address Reference Count : 1]<UL><LI> startup_stm32u575xx.o(.text)
</UL>
<P><STRONG><a name="[b9]"></a>UART_AdvFeatureConfig</STRONG> (Thumb, 230 bytes, Stack size 0 bytes, stm32u5xx_hal_uart.o(.text.UART_AdvFeatureConfig))
<BR><BR>[Called By]<UL><LI><a href="#[b7]">&gt;&gt;</a>&nbsp;&nbsp;&nbsp;HAL_UART_Init
</UL>

<P><STRONG><a name="[bb]"></a>UART_CheckIdleState</STRONG> (Thumb, 362 bytes, Stack size 24 bytes, stm32u5xx_hal_uart.o(.text.UART_CheckIdleState))
<BR><BR>[Stack]<UL><LI>Max Depth = 48<LI>Call Chain = UART_CheckIdleState &rArr; UART_WaitOnFlagUntilTimeout
</UL>
<BR>[Calls]<UL><LI><a href="#[97]">&gt;&gt;</a>&nbsp;&nbsp;&nbsp;HAL_GetTick
<LI><a href="#[c5]">&gt;&gt;</a>&nbsp;&nbsp;&nbsp;UART_WaitOnFlagUntilTimeout
</UL>
<BR>[Called By]<UL><LI><a href="#[b7]">&gt;&gt;</a>&nbsp;&nbsp;&nbsp;HAL_UART_Init
</UL>

<P><STRONG><a name="[ba]"></a>UART_SetConfig</STRONG> (Thumb, 522 bytes, Stack size 16 bytes, stm32u5xx_hal_uart.o(.text.UART_SetConfig))
<BR><BR>[Stack]<UL><LI>Max Depth = 56<LI>Call Chain = UART_SetConfig &rArr; HAL_RCCEx_GetPeriphCLKFreq &rArr; HAL_RCCEx_GetPLL3ClockFreq
</UL>
<BR>[Calls]<UL><LI><a href="#[a2]">&gt;&gt;</a>&nbsp;&nbsp;&nbsp;HAL_RCCEx_GetPeriphCLKFreq
<LI><a href="#[8f]">&gt;&gt;</a>&nbsp;&nbsp;&nbsp;__aeabi_uldivmod
</UL>
<BR>[Called By]<UL><LI><a href="#[b7]">&gt;&gt;</a>&nbsp;&nbsp;&nbsp;HAL_UART_Init
</UL>

<P><STRONG><a name="[c1]"></a>UART_Start_Receive_IT</STRONG> (Thumb, 610 bytes, Stack size 0 bytes, stm32u5xx_hal_uart.o(.text.UART_Start_Receive_IT))
<BR><BR>[Called By]<UL><LI><a href="#[c0]">&gt;&gt;</a>&nbsp;&nbsp;&nbsp;HAL_UART_Receive_IT
</UL>

<P><STRONG><a name="[c5]"></a>UART_WaitOnFlagUntilTimeout</STRONG> (Thumb, 818 bytes, Stack size 24 bytes, stm32u5xx_hal_uart.o(.text.UART_WaitOnFlagUntilTimeout))
<BR><BR>[Stack]<UL><LI>Max Depth = 24<LI>Call Chain = UART_WaitOnFlagUntilTimeout
</UL>
<BR>[Calls]<UL><LI><a href="#[97]">&gt;&gt;</a>&nbsp;&nbsp;&nbsp;HAL_GetTick
</UL>
<BR>[Called By]<UL><LI><a href="#[bb]">&gt;&gt;</a>&nbsp;&nbsp;&nbsp;UART_CheckIdleState
</UL>

<P><STRONG><a name="[47]"></a>USART1_IRQHandler</STRONG> (Thumb, 12 bytes, Stack size 0 bytes, stm32u5xx_it.o(.text.USART1_IRQHandler))
<BR><BR>[Stack]<UL><LI>Max Depth = 32<LI>Call Chain = USART1_IRQHandler &rArr; HAL_UART_IRQHandler &rArr; HAL_DMA_Abort
</UL>
<BR>[Calls]<UL><LI><a href="#[b0]">&gt;&gt;</a>&nbsp;&nbsp;&nbsp;HAL_UART_IRQHandler
</UL>
<BR>[Address Reference Count : 1]<UL><LI> startup_stm32u575xx.o(RESET)
</UL>
<P><STRONG><a name="[5]"></a>UsageFault_Handler</STRONG> (Thumb, 2 bytes, Stack size 0 bytes, stm32u5xx_it.o(.text.UsageFault_Handler))
<BR><BR>[Calls]<UL><LI><a href="#[5]">&gt;&gt;</a>&nbsp;&nbsp;&nbsp;UsageFault_Handler
</UL>
<BR>[Called By]<UL><LI><a href="#[5]">&gt;&gt;</a>&nbsp;&nbsp;&nbsp;UsageFault_Handler
</UL>
<BR>[Address Reference Count : 1]<UL><LI> startup_stm32u575xx.o(RESET)
</UL>
<P><STRONG><a name="[8c]"></a>fputc</STRONG> (Thumb, 32 bytes, Stack size 16 bytes, main.o(.text.fputc))
<BR><BR>[Stack]<UL><LI>Max Depth = 40<LI>Call Chain = fputc &rArr; HAL_UART_Transmit
</UL>
<BR>[Calls]<UL><LI><a href="#[c3]">&gt;&gt;</a>&nbsp;&nbsp;&nbsp;HAL_UART_Transmit
</UL>
<BR>[Called By]<UL><LI><a href="#[cb]">&gt;&gt;</a>&nbsp;&nbsp;&nbsp;puts
</UL>
<BR>[Address Reference Count : 1]<UL><LI> printf8.o(i.__0printf$8)
</UL>
<P><STRONG><a name="[84]"></a>main</STRONG> (Thumb, 308 bytes, Stack size 120 bytes, main.o(.text.main))
<BR><BR>[Stack]<UL><LI>Max Depth = 424<LI>Call Chain = main &rArr; HAL_UART_Init &rArr; HAL_UART_MspInit &rArr; HAL_RCCEx_PeriphCLKConfig &rArr; RCCEx_PLL3_Config
</UL>
<BR>[Calls]<UL><LI><a href="#[c0]">&gt;&gt;</a>&nbsp;&nbsp;&nbsp;HAL_UART_Receive_IT
<LI><a href="#[98]">&gt;&gt;</a>&nbsp;&nbsp;&nbsp;HAL_Delay
<LI><a href="#[ca]">&gt;&gt;</a>&nbsp;&nbsp;&nbsp;HAL_UARTEx_DisableFifoMode
<LI><a href="#[c9]">&gt;&gt;</a>&nbsp;&nbsp;&nbsp;HAL_UARTEx_SetRxFifoThreshold
<LI><a href="#[c8]">&gt;&gt;</a>&nbsp;&nbsp;&nbsp;HAL_UARTEx_SetTxFifoThreshold
<LI><a href="#[b7]">&gt;&gt;</a>&nbsp;&nbsp;&nbsp;HAL_UART_Init
<LI><a href="#[ad]">&gt;&gt;</a>&nbsp;&nbsp;&nbsp;HAL_RCC_ClockConfig
<LI><a href="#[ae]">&gt;&gt;</a>&nbsp;&nbsp;&nbsp;HAL_RCC_OscConfig
<LI><a href="#[c7]">&gt;&gt;</a>&nbsp;&nbsp;&nbsp;HAL_PWREx_ControlVoltageScaling
<LI><a href="#[99]">&gt;&gt;</a>&nbsp;&nbsp;&nbsp;HAL_Init
<LI><a href="#[cc]">&gt;&gt;</a>&nbsp;&nbsp;&nbsp;__2printf
<LI><a href="#[c6]">&gt;&gt;</a>&nbsp;&nbsp;&nbsp;__aeabi_memclr4
<LI><a href="#[cb]">&gt;&gt;</a>&nbsp;&nbsp;&nbsp;puts
</UL>
<BR>[Address Reference Count : 1]<UL><LI> entry9a.o(.ARM.Collect$$$$0000000B)
</UL>
<P><STRONG><a name="[cd]"></a>__0printf$8</STRONG> (Thumb, 22 bytes, Stack size 24 bytes, printf8.o(i.__0printf$8), UNUSED)
<BR><BR>[Calls]<UL><LI><a href="#[ce]">&gt;&gt;</a>&nbsp;&nbsp;&nbsp;_printf_core
</UL>

<P><STRONG><a name="[dc]"></a>__1printf$8</STRONG> (Thumb, 0 bytes, Stack size 24 bytes, printf8.o(i.__0printf$8), UNUSED)

<P><STRONG><a name="[cc]"></a>__2printf</STRONG> (Thumb, 0 bytes, Stack size 24 bytes, printf8.o(i.__0printf$8))
<BR><BR>[Stack]<UL><LI>Max Depth = 24<LI>Call Chain = __2printf
</UL>
<BR>[Called By]<UL><LI><a href="#[84]">&gt;&gt;</a>&nbsp;&nbsp;&nbsp;main
</UL>

<P><STRONG><a name="[dd]"></a>__scatterload_copy</STRONG> (Thumb, 14 bytes, Stack size unknown bytes, handlers.o(i.__scatterload_copy), UNUSED)

<P><STRONG><a name="[de]"></a>__scatterload_null</STRONG> (Thumb, 2 bytes, Stack size unknown bytes, handlers.o(i.__scatterload_null), UNUSED)

<P><STRONG><a name="[df]"></a>__scatterload_zeroinit</STRONG> (Thumb, 14 bytes, Stack size unknown bytes, handlers.o(i.__scatterload_zeroinit), UNUSED)

<P><STRONG><a name="[cb]"></a>puts</STRONG> (Thumb, 30 bytes, Stack size 8 bytes, puts.o(i.puts))
<BR><BR>[Stack]<UL><LI>Max Depth = 48<LI>Call Chain = puts &rArr; fputc &rArr; HAL_UART_Transmit
</UL>
<BR>[Calls]<UL><LI><a href="#[8c]">&gt;&gt;</a>&nbsp;&nbsp;&nbsp;fputc
</UL>
<BR>[Called By]<UL><LI><a href="#[84]">&gt;&gt;</a>&nbsp;&nbsp;&nbsp;main
</UL>
<P>
<H3>
Local Symbols
</H3>
<P><STRONG><a name="[ab]"></a>RCCEx_PLL2_Config</STRONG> (Thumb, 242 bytes, Stack size 16 bytes, stm32u5xx_hal_rcc_ex.o(.text.RCCEx_PLL2_Config))
<BR><BR>[Stack]<UL><LI>Max Depth = 16<LI>Call Chain = RCCEx_PLL2_Config
</UL>
<BR>[Calls]<UL><LI><a href="#[97]">&gt;&gt;</a>&nbsp;&nbsp;&nbsp;HAL_GetTick
</UL>
<BR>[Called By]<UL><LI><a href="#[aa]">&gt;&gt;</a>&nbsp;&nbsp;&nbsp;HAL_RCCEx_PeriphCLKConfig
</UL>

<P><STRONG><a name="[ac]"></a>RCCEx_PLL3_Config</STRONG> (Thumb, 242 bytes, Stack size 16 bytes, stm32u5xx_hal_rcc_ex.o(.text.RCCEx_PLL3_Config))
<BR><BR>[Stack]<UL><LI>Max Depth = 16<LI>Call Chain = RCCEx_PLL3_Config
</UL>
<BR>[Calls]<UL><LI><a href="#[97]">&gt;&gt;</a>&nbsp;&nbsp;&nbsp;HAL_GetTick
</UL>
<BR>[Called By]<UL><LI><a href="#[aa]">&gt;&gt;</a>&nbsp;&nbsp;&nbsp;HAL_RCCEx_PeriphCLKConfig
</UL>

<P><STRONG><a name="[89]"></a>UART_RxISR_8BIT</STRONG> (Thumb, 446 bytes, Stack size 0 bytes, stm32u5xx_hal_uart.o(.text.UART_RxISR_8BIT))
<BR><BR>[Stack]<UL><LI>Max Depth = 8<LI>Call Chain = UART_RxISR_8BIT &rArr; HAL_UART_RxCpltCallback &rArr; HAL_UART_Receive_IT
</UL>
<BR>[Calls]<UL><LI><a href="#[c2]">&gt;&gt;</a>&nbsp;&nbsp;&nbsp;HAL_UART_RxCpltCallback
<LI><a href="#[b2]">&gt;&gt;</a>&nbsp;&nbsp;&nbsp;HAL_UARTEx_RxEventCallback
</UL>
<BR>[Address Reference Count : 2]<UL><LI> stm32u5xx_hal_uart.o(.text.UART_Start_Receive_IT)
<LI> stm32u5xx_hal_uart.o(.text.UART_RxISR_8BIT_FIFOEN)
</UL>
<P><STRONG><a name="[8a]"></a>UART_RxISR_8BIT_FIFOEN</STRONG> (Thumb, 808 bytes, Stack size 40 bytes, stm32u5xx_hal_uart.o(.text.UART_RxISR_8BIT_FIFOEN))
<BR><BR>[Stack]<UL><LI>Max Depth = 48<LI>Call Chain = UART_RxISR_8BIT_FIFOEN &rArr; HAL_UART_RxCpltCallback &rArr; HAL_UART_Receive_IT
</UL>
<BR>[Calls]<UL><LI><a href="#[c2]">&gt;&gt;</a>&nbsp;&nbsp;&nbsp;HAL_UART_RxCpltCallback
<LI><a href="#[b2]">&gt;&gt;</a>&nbsp;&nbsp;&nbsp;HAL_UARTEx_RxEventCallback
<LI><a href="#[b5]">&gt;&gt;</a>&nbsp;&nbsp;&nbsp;HAL_UART_ErrorCallback
</UL>
<BR>[Address Reference Count : 1]<UL><LI> stm32u5xx_hal_uart.o(.text.UART_Start_Receive_IT)
</UL>
<P><STRONG><a name="[88]"></a>UART_RxISR_16BIT</STRONG> (Thumb, 442 bytes, Stack size 0 bytes, stm32u5xx_hal_uart.o(.text.UART_RxISR_16BIT))
<BR><BR>[Stack]<UL><LI>Max Depth = 8<LI>Call Chain = UART_RxISR_16BIT &rArr; HAL_UART_RxCpltCallback &rArr; HAL_UART_Receive_IT
</UL>
<BR>[Calls]<UL><LI><a href="#[c2]">&gt;&gt;</a>&nbsp;&nbsp;&nbsp;HAL_UART_RxCpltCallback
<LI><a href="#[b2]">&gt;&gt;</a>&nbsp;&nbsp;&nbsp;HAL_UARTEx_RxEventCallback
</UL>
<BR>[Address Reference Count : 2]<UL><LI> stm32u5xx_hal_uart.o(.text.UART_Start_Receive_IT)
<LI> stm32u5xx_hal_uart.o(.text.UART_RxISR_16BIT_FIFOEN)
</UL>
<P><STRONG><a name="[8b]"></a>UART_RxISR_16BIT_FIFOEN</STRONG> (Thumb, 804 bytes, Stack size 40 bytes, stm32u5xx_hal_uart.o(.text.UART_RxISR_16BIT_FIFOEN))
<BR><BR>[Stack]<UL><LI>Max Depth = 48<LI>Call Chain = UART_RxISR_16BIT_FIFOEN &rArr; HAL_UART_RxCpltCallback &rArr; HAL_UART_Receive_IT
</UL>
<BR>[Calls]<UL><LI><a href="#[c2]">&gt;&gt;</a>&nbsp;&nbsp;&nbsp;HAL_UART_RxCpltCallback
<LI><a href="#[b2]">&gt;&gt;</a>&nbsp;&nbsp;&nbsp;HAL_UARTEx_RxEventCallback
<LI><a href="#[b5]">&gt;&gt;</a>&nbsp;&nbsp;&nbsp;HAL_UART_ErrorCallback
</UL>
<BR>[Address Reference Count : 1]<UL><LI> stm32u5xx_hal_uart.o(.text.UART_Start_Receive_IT)
</UL>
<P><STRONG><a name="[87]"></a>UART_DMAAbortOnError</STRONG> (Thumb, 12 bytes, Stack size 0 bytes, stm32u5xx_hal_uart.o(.text.UART_DMAAbortOnError))
<BR><BR>[Calls]<UL><LI><a href="#[b5]">&gt;&gt;</a>&nbsp;&nbsp;&nbsp;HAL_UART_ErrorCallback
</UL>
<BR>[Address Reference Count : 1]<UL><LI> stm32u5xx_hal_uart.o(.text.HAL_UART_IRQHandler)
</UL>
<P><STRONG><a name="[ce]"></a>_printf_core</STRONG> (Thumb, 996 bytes, Stack size 104 bytes, printf8.o(i._printf_core), UNUSED)
<BR><BR>[Calls]<UL><LI><a href="#[cf]">&gt;&gt;</a>&nbsp;&nbsp;&nbsp;_printf_pre_padding
<LI><a href="#[d0]">&gt;&gt;</a>&nbsp;&nbsp;&nbsp;_printf_post_padding
<LI><a href="#[8f]">&gt;&gt;</a>&nbsp;&nbsp;&nbsp;__aeabi_uldivmod
</UL>
<BR>[Called By]<UL><LI><a href="#[cd]">&gt;&gt;</a>&nbsp;&nbsp;&nbsp;__0printf$8
</UL>

<P><STRONG><a name="[d0]"></a>_printf_post_padding</STRONG> (Thumb, 36 bytes, Stack size 24 bytes, printf8.o(i._printf_post_padding), UNUSED)
<BR><BR>[Called By]<UL><LI><a href="#[ce]">&gt;&gt;</a>&nbsp;&nbsp;&nbsp;_printf_core
</UL>

<P><STRONG><a name="[cf]"></a>_printf_pre_padding</STRONG> (Thumb, 46 bytes, Stack size 24 bytes, printf8.o(i._printf_pre_padding), UNUSED)
<BR><BR>[Called By]<UL><LI><a href="#[ce]">&gt;&gt;</a>&nbsp;&nbsp;&nbsp;_printf_core
</UL>
<P>
<H3>
Undefined Global Symbols
</H3><HR></body></html>
